yj@Air:tmp $ ls
31.py			python33.py~		test15.py
31.py~			qsort			test15.py~
PythonCalculator	qsort.cc		test16.py
a.pkl			qsort.cc~		test16.py~
avl.cc			qsort.dSYM		test2
avl.cc~			qsort2.cc		test2.cc
calc			qsort2.cc~		test2.cc~
calc.cc			qsort3			test2.dSYM
calc.cc~		qsort3.cc		test2.py
calc.dSYM		qsort3.cc~		test2.py~
calc.py			qsort3.dSYM		test20.py
calculator.py		qsort4.cc		test20.py~
calculator.py~		qsort5.cc		test21.py
checkhouse.py		qsort5.cc~		test21.pyc
checkhouse.py~		queen.py		test22.py
client.py		queen.py~		test22.py~
client.py~		queen2.py		test23.py
cor.py			queen2.py~		test23.py~
cor.py~			record.txt		test24.py
download.py		regex			test24.py~
download.py~		regex.cc		test25.py
ex2.py			regex.cc~		test25.py~
fib.cc			regex.dSYM		test26.py
file1.txt		s1.py			test26.py~
file2.txt		s1.py~			test27.py
file3.txt		s2.py			test27.py~
file4.txt		s2.py~			test28.py
file5.txt		s3.py			test28.py~
gcd			s3.py~			test29.py
gcd.c			s4.py			test29.py~
gcd.py			s4.py~			test3
gcd.py~			selltickets.py		test3.cc
heap.py			selltickets.py~		test3.cc~
heap.py~		server.py		test3.dSYM
http_server.py		server.py~		test3.py
http_server.py~		server2.py		test3.py~
index.html		server2.py~		test30.py
index.html.1		socket.py~		test30.py~
index.html.1.1		sqlite.py		test31.py
index.html.2		symbol.py		test4.py
index.html.2.1		symbol.py~		test4.py~
index.html.3		test			test5.py
input			test.c			test5.py~
line.py			test.cc			test6.py
line.py~		test.cc~		test6.py~
linehistory.py		test.c~			test7.py
log.dat			test.dSYM		test7.py~
lottery.py		test.db			test8.py
lottery.py~		test.jpg		test8.py~
mymath.py		test.py			test9.py
mymath.pyc		test.py~		test9.py~
mymath.py~		test.txt		tree
new.txt			test10.py		tree.cc
node.cc			test10.py~		tree.cc~
node.cc~		test11.py		tree.dSYM
output			test11.py~		tst.py
output_1981.10.21.txt	test12.py		tst.py~
python31.py		test12.py~		unittest.py~
python31.py~		test13.py		unittest2.py
python32.py		test13.py~		unittest2.py~
python32.py~		test14.py		web.txt
python33.py		test14.py~
yj@Air:tmp $ cd ..
yj@Air:~ $ ls
Applications			Public
Applications (Parallels)	aadl
ClionProjects			aadlv2
Desktop				cmu
Documents			emacs
Downloads			git
IdeaProjects			gitproject
Library				project
Movies				software
Music				tmp
Pictures			work
yj@Air:~ $ cd cmu
yj@Air:cmu $ sl
bash: sl: command not found
yj@Air:cmu $ ls
15-112		antlr4-python2	hog		tmp
15-122		antlr4-python3	leetcode	trends
ImageProcess	ants		myscheme	trends.zip
Kaleidoscope	ants.zip	pythoncompiler	tst.py
LIP_Solutions	compiler	scal		tst.py~
LearningPython	compiler2	scheme		ucore_lab
Tiger		cython		scheme.zip
Tiny		dsa		tiger_java
antlr		facerec		tiny_python
yj@Air:cmu $ cd sc
bash: cd: sc: No such file or directory
yj@Air:cmu $ cd scheme/
yj@Air:scheme $ ls
__pycache__		mycal4.py~		scheme_tokens.py
autograder.py		parser.py		scheme_tokens.py~
buffer.py		parser.py~		simple_calc.py
calc.py			questions.scm		simple_calc.py~
calc.py~		scal.py			test.py
my_cal.py		scal.py~		test.py~
my_cal.py~		scheme.py		tests.scm
mycal2.py		scheme_grader.py	tt.py
mycal2.py~		scheme_primitives.py	tt.py~
mycal3.py		scheme_reader.py	ucb.py
mycal3.py~		scheme_reader.py~
mycal4.py		scheme_test.py
yj@Air:scheme $ python -m pdb calc.py
> /Users/yj/cmu/scheme/calc.py(1)<module>()
-> def tokenize(chars):
(Pdb) b expr
Breakpoint 1 at /Users/yj/cmu/scheme/calc.py:3
(Pdb) r
> /Users/yj/cmu/scheme/calc.py(4)expr()
-> if not tokens:
(Pdb) n
> /Users/yj/cmu/scheme/calc.py(6)expr()
-> if tokens[0] == "(":
(Pdb) n
> /Users/yj/cmu/scheme/calc.py(7)expr()
-> return list_expr(tokens)
(Pdb) s
--Call--
> /Users/yj/cmu/scheme/calc.py(14)list_expr()
-> def list_expr(tokens):
(Pdb) n
> /Users/yj/cmu/scheme/calc.py(15)list_expr()
-> match(tokens,"(")
(Pdb) p tokens
['(', '+', '(', '*', '1', '2', ')', '(', '*', '3', '4', ')', ')']
(Pdb) n
> /Users/yj/cmu/scheme/calc.py(16)list_expr()
-> L=[]
(Pdb) n
> /Users/yj/cmu/scheme/calc.py(17)list_expr()
-> while True:
(Pdb) n
> /Users/yj/cmu/scheme/calc.py(18)list_expr()
-> if tokens[0] == ")":
(Pdb) p tokens
['+', '(', '*', '1', '2', ')', '(', '*', '3', '4', ')', ')']
(Pdb) n
> /Users/yj/cmu/scheme/calc.py(22)list_expr()
-> val=expr(tokens)
(Pdb) n
> /Users/yj/cmu/scheme/calc.py(4)expr()
-> if not tokens:
(Pdb) p val
*** NameError: NameError("name 'val' is not defined",)
(Pdb) n
> /Users/yj/cmu/scheme/calc.py(6)expr()
-> if tokens[0] == "(":
(Pdb) n
> /Users/yj/cmu/scheme/calc.py(9)expr()
-> return elem_expr(tokens)
(Pdb) n
ValueError: ValueErr...0: '+'",)
> /Users/yj/cmu/scheme/calc.py(9)expr()
-> return elem_expr(tokens)
(Pdb) p elem_expr
<function elem_expr at 0x101846d70>
(Pdb) r
--Return--
> /Users/yj/cmu/scheme/calc.py(9)expr()->None
-> return elem_expr(tokens)
(Pdb) r
ValueError: ValueErr...0: '+'",)
> /Users/yj/cmu/scheme/calc.py(22)list_expr()
-> val=expr(tokens)
(Pdb) r
--Return--
> /Users/yj/cmu/scheme/calc.py(22)list_expr()->None
-> val=expr(tokens)
(Pdb) 
yj@Air:scheme $ python calc.py
yj@Air:scheme $ python -i  calc.py
>>> ast
['+', ['*', 1, 2], ['*', 3, 4]]
>>> 
yj@Air:scheme $ ls
__pycache__		mycal4.py~		scheme_tokens.py
autograder.py		parser.py		scheme_tokens.py~
buffer.py		parser.py~		simple_calc.py
calc.py			questions.scm		simple_calc.py~
calc.py~		scal.py			test.py
my_cal.py		scal.py~		test.py~
my_cal.py~		scheme.py		tests.scm
mycal2.py		scheme_grader.py	tt.py
mycal2.py~		scheme_primitives.py	tt.py~
mycal3.py		scheme_reader.py	ucb.py
mycal3.py~		scheme_reader.py~
mycal4.py		scheme_test.py
yj@Air:scheme $ python3 -i cal2.py
>>> l
Traceback (most recent call last):
  File "<stdin>", line 1, in <module>
NameError: name 'l' is not defined
>>> main()
scm> (+ 1 2 )
(+ 1 2 )
['(', '+', '1', '2', ')']
Traceback (most recent call last):
  File "<stdin>", line 1, in <module>
  File "cal2.py", line 45, in main
    print(eval(ast))
TypeError: eval() arg 1 must be a string, bytes or code object
>>> 
yj@Air:scheme $ python3 -i cal2.py
>>> main()
scm> ( + 1 2 )
( + 1 2 )
['(', '+', '1', '2', ')']
Traceback (most recent call last):
  File "<stdin>", line 1, in <module>
  File "cal2.py", line 45, in main
    print(myeval(ast))
  File "cal2.py", line 32, in myeval
    return myapply(op,args)
  File "cal2.py", line 35, in myapply
    return reduce(add,args,0)
NameError: name 'reduce' is not defined
>>> 
yj@Air:scheme $ python3 -i cal2.py
Traceback (most recent call last):
  File "cal2.py", line 2, in <module>
    from functools import map,reduce
ImportError: cannot import name 'map'
>>> 
yj@Air:scheme $ python3 -i cal2.py
>>> main()
scm> ( + 1 2 )
( + 1 2 )
['(', '+', '1', '2', ')']
3
scm> (* (+ 1 2) (+ 3 4) (+ 4 5) )
(* (+ 1 2) (+ 3 4) (+ 4 5) )
['(', '*', '(', '+', '1', '2', ')', '(', '+', '3', '4', ')', '(', '+', '4', '5', ')', ')']
189
scm> Traceback (most recent call last):
  File "<stdin>", line 1, in <module>
  File "cal2.py", line 41, in main
    chars=input("scm> ")
EOFError
>>> 
yj@Air:scheme $ python3 -i cal2.py
>>> main()
scm> (+ 1 2)
(+ 1 2)
scm> Calculation completed
>>> 
yj@Air:scheme $ python3  cal2.py
scm> (+ 1 2)
3
scm> Calculation completed
yj@Air:scheme $ python3 cal3.py
  File "cal3.py", line 4
    "-": lambda x,y: x-y
      ^
SyntaxError: invalid syntax
yj@Air:scheme $ python3 cal3.py
scm> (+ 1 2)
Traceback (most recent call last):
  File "cal3.py", line 57, in <module>
    main()
  File "cal3.py", line 48, in main
    print(myeval(parse(tokenize(input("scm> ")))))
  File "cal3.py", line 42, in myeval
    return myapply(op,args)
  File "cal3.py", line 44, in myapply
    return op(args)
TypeError: <lambda>() missing 1 required positional argument: 'y'
yj@Air:scheme $ python3 cal3.py
scm> (+ 1 2 )
3
scm> (* (+ 1 2) (+ 3 4) )
21
scm> Completed
yj@Air:scheme $ 
yj@Air:scheme $ python3 cal3.py
scm> (+ 1 2)
['+', 1, 2]
scm> ('(1 2))
Traceback (most recent call last):
  File "cal3.py", line 63, in <module>
    main()
  File "cal3.py", line 52, in main
    print(parse(tokenize(input("scm> "))))
  File "cal3.py", line 13, in parse
    return expr(tokens)
  File "cal3.py", line 20, in expr
    return list_expr(tokens)
  File "cal3.py", line 28, in list_expr
    while tokens[0] != ')':
IndexError: list index out of range
yj@Air:scheme $ python3 cal3.py
scm> (+ 1 2)
['+', 1, 2]
scm> (+ '( 1 2))
Traceback (most recent call last):
  File "cal3.py", line 64, in <module>
    main()
  File "cal3.py", line 53, in main
    print(parse(tokens))
  File "cal3.py", line 13, in parse
    return expr(tokens)
  File "cal3.py", line 20, in expr
    return list_expr(tokens)
  File "cal3.py", line 28, in list_expr
    while tokens[0] != ')':
IndexError: list index out of range
yj@Air:scheme $ python3 cal3.py
scm> (+ '( 1 2))
['+', ['quote', 1, 2]]
scm> (+ '(1 2) '(3 4))
['+', ['quote', 1, 2], ['quote', 3, 4]]
scm> Completed
yj@Air:scheme $ python3 cal3.py
scm> (+ '( 1 2))
['+', ['quote', 1, 2]]
scm> (+ '( 1 . 2))
['+', ['quote', 1, 2]]
scm> Completed
yj@Air:scheme $ python3 cal3.py
scm> (+ 1 2)
['+', 1, 2]
scm> Completed
yj@Air:scheme $ python3 cal3.py
scm> (+ 1 2)
3
scm> Completed
yj@Air:scheme $ python3 cal3.py
scm> (+ 1 2 )
3
scm> (define a 3)
None
scm> a
3
scm> (* a a)
9
scm> a
3
scm> ls
Traceback (most recent call last):
  File "cal3.py", line 76, in <module>
    print("Completed")
  File "cal3.py", line 65, in main
    def main():
  File "cal3.py", line 49, in myeval
    return expr
KeyError: 'ls'
yj@Air:scheme $ exit

Process shell exited abnormally with code 1
yj@Air:scheme $ ls
__pycache__		mycal3.py		scheme_reader.py~
autograder.py		mycal3.py~		scheme_test.py
buffer.py		mycal4.py		scheme_tokens.py
cal2.py			mycal4.py~		scheme_tokens.py~
cal2.py~		parser.py		simple_calc.py
cal3.py			parser.py~		simple_calc.py~
cal3.py~		questions.scm		test.py
calc.py			scal.py			test.py~
calc.py~		scal.py~		tests.scm
my_cal.py		scheme.py		tt.py
my_cal.py~		scheme_grader.py	tt.py~
mycal2.py		scheme_primitives.py	ucb.py
mycal2.py~		scheme_reader.py
yj@Air:scheme $ python3 list.py
/usr/local/Cellar/python3/3.4.2_1/Frameworks/Python.framework/Versions/3.4/Resources/Python.app/Contents/MacOS/Python: can't open file 'list.py': [Errno 2] No such file or directory
yj@Air:scheme $ python3 lisp.py
Traceback (most recent call last):
  File "lisp.py", line 42, in <module>
    global_env=standard_env()
  File "lisp.py", line 39, in standard_env
    '/': op.div
AttributeError: 'module' object has no attribute 'div'
yj@Air:scheme $ python3 lisp.py
Traceback (most recent call last):
  File "lisp.py", line 42, in <module>
    global_env=standard_env()
  File "lisp.py", line 39, in standard_env
    '/': op.div
AttributeError: 'module' object has no attribute 'div'
yj@Air:scheme $ python3 lisp.py
scm> (* 1 2)
Traceback (most recent call last):
  File "lisp.py", line 76, in <module>
    repl()
  File "lisp.py", line 68, in repl
    val = scheme_eval(parse(input(prompt)))
  File "lisp.py", line 8, in parse
    return expr(tokenize(program))
  File "lisp.py", line 14, in expr
    return list_expr(tokens)
  File "lisp.py", line 22, in list_expr
    L.append(expr(tokens))
  File "lisp.py", line 16, in expr
    return atom_expr(tokens)
  File "lisp.py", line 26, in atom_expr
    try: return int(token)
NameError: name 'token' is not defined
yj@Air:scheme $ python3 lisp.py
scm> Traceback (most recent call last):
  File "lisp.py", line 76, in <module>
    return str(exp)
  File "lisp.py", line 68, in repl
    while True:
EOFError
yj@Air:scheme $ python3 lisp.py
scm> (+ 1 2)
Traceback (most recent call last):
  File "lisp.py", line 77, in <module>
    repl()
  File "lisp.py", line 69, in repl
    val = scheme_eval(parse(input(prompt)))
  File "lisp.py", line 64, in scheme_eval
    proc = eval(x[0],env)
  File "<string>", line 1
    +
    ^
SyntaxError: unexpected EOF while parsing
yj@Air:scheme $ python3 -m pdb lisp.py
> /Users/yj/cmu/scheme/lisp.py(1)<module>()
-> Number = (int,float)
(Pdb) 
yj@Air:scheme $ python3 -m pdb lisp.py
> /Users/yj/cmu/scheme/lisp.py(1)<module>()
-> Number = (int,float)
(Pdb) 
yj@Air:scheme $ python3 lisp.py
Traceback (most recent call last):
  File "lisp.py", line 77, in <module>
    val=scheme_eval(parse("(+ 1 2)"))
  File "lisp.py", line 64, in scheme_eval
    proc = eval(x[0],env)
  File "<string>", line 1
    +
    ^
SyntaxError: unexpected EOF while parsing
yj@Air:scheme $ python3 lisp.py
3
yj@Air:scheme $ python3 lisp.py
scm> (+ 1 2)
3
scm> (define a 10)
scm> a
10
scm> (* a a)
100
scm> Traceback (most recent call last):
  File "lisp.py", line 77, in <module>
    repl()
  File "lisp.py", line 69, in repl
    val = scheme_eval(parse(input(prompt)))
EOFError
yj@Air:scheme $ python3 lisp.py
  File "lisp.py", line 76
    except as e:
            ^
SyntaxError: invalid syntax
yj@Air:scheme $ python3 lisp.py
  File "lisp.py", line 76
    except .. e:
           ^
SyntaxError: invalid syntax
yj@Air:scheme $ 
yj@Air:scheme $ python3 lisp.py
scm> (+ 1 2)
3
scm> (* 1 2)
2
scm> (define r 10)
scm> (* r r)
100
scm> Completed
yj@Air:scheme $ python3 lisp.py
None
100
yj@Air:scheme $ python3 lisp2.py
Traceback (most recent call last):
  File "lisp2.py", line 31, in <module>
    def myeval(x,env=global_env):
NameError: name 'global_env' is not defined
yj@Air:scheme $ 
yj@Air:scheme $ brew install rust
==> Downloading https://static.rust-lang.org/dist/rust-0.12.0.tar.gz
##                                                                      3.6%  C-c C-c^C
yj@Air:scheme $ python3 lisp2.py
python3 lisp2.py
Traceback (most recent call last):
  File "lisp2.py", line 34, in <module>
    def myeval(x,env=global_env):
NameError: name 'global_env' is not defined
yj@Air:scheme $ python3 lisp2.py
python3 lisp2.py
  File "lisp2.py", line 11
    '-': op.sub
      ^
SyntaxError: invalid syntax
yj@Air:scheme $ python3 lisp2.py
python3 lisp2.py
Traceback (most recent call last):
  File "lisp2.py", line 41, in <module>
    def myeval(x,env=global_env):
NameError: name 'global_env' is not defined
yj@Air:scheme $ python3 lisp2.py
python3 lisp2.py
Traceback (most recent call last):
  File "lisp2.py", line 67, in <module>
    print(myeval(parse(tokenize(s1))))
  File "lisp2.py", line 45, in myeval
    if not isinstance(x,List):
NameError: name 'List' is not defined
yj@Air:scheme $ python3 lisp2.py
python3 lisp2.py
Traceback (most recent call last):
  File "lisp2.py", line 67, in <module>
    print(myeval(parse(tokenize(s1))))
  File "lisp2.py", line 59, in myeval
    env[var] = myeval(expr,env)
TypeError: 'NoneType' object does not support item assignment
yj@Air:scheme $ python3 lisp2.py
python3 lisp2.py
Traceback (most recent call last):
  File "lisp2.py", line 67, in <module>
    print(myeval(parse(tokenize(s1))))
  File "lisp2.py", line 59, in myeval
    env[var] = myeval(expr,env)
TypeError: 'NoneType' object does not support item assignment
yj@Air:scheme $ python3 -m pdb  lisp2.py
python3 -m pdb  lisp2.py
> /Users/yj/cmu/scheme/lisp2.py(1)<module>()
-> Number = (int,float)
(Pdb) r
r
--Return--
> /Users/yj/cmu/scheme/lisp2.py(67)<module>()->None
-> print(myeval(parse(tokenize(s1))))
(Pdb) bt
bt
  /usr/local/Cellar/python3/3.4.2_1/Frameworks/Python.framework/Versions/3.4/lib/python3.4/bdb.py(431)run()
-> exec(cmd, globals, locals)
  <string>(1)<module>()->None
> /Users/yj/cmu/scheme/lisp2.py(67)<module>()->None
-> print(myeval(parse(tokenize(s1))))
(Pdb) b myeval
b myeval
Breakpoint 1 at /Users/yj/cmu/scheme/lisp2.py:42
(Pdb) r
r
TypeError: 'NoneType' object does not support item assignment
> <string>(1)<module>()->None
(Pdb) r
r
--Return--
> <string>(1)<module>()->None
(Pdb) r
r
Traceback (most recent call last):
  File "/usr/local/Cellar/python3/3.4.2_1/Frameworks/Python.framework/Versions/3.4/lib/python3.4/pdb.py", line 1661, in main
    pdb._runscript(mainpyfile)
  File "/usr/local/Cellar/python3/3.4.2_1/Frameworks/Python.framework/Versions/3.4/lib/python3.4/pdb.py", line 1542, in _runscript
    self.run(statement)
  File "/usr/local/Cellar/python3/3.4.2_1/Frameworks/Python.framework/Versions/3.4/lib/python3.4/bdb.py", line 431, in run
    exec(cmd, globals, locals)
  File "<string>", line 1, in <module>
  File "/Users/yj/cmu/scheme/lisp2.py", line 67, in <module>
    print(myeval(parse(tokenize(s1))))
  File "/Users/yj/cmu/scheme/lisp2.py", line 59, in myeval
    env[var] = myeval(expr,env)
TypeError: 'NoneType' object does not support item assignment
Uncaught exception. Entering post mortem debugging
Running 'cont' or 'step' will restart the program
> /Users/yj/cmu/scheme/lisp2.py(59)myeval()
-> env[var] = myeval(expr,env)
(Pdb) r
r
Post mortem debugger finished. The lisp2.py will be restarted
> /Users/yj/cmu/scheme/lisp2.py(1)<module>()
-> Number = (int,float)
(Pdb) c
c
> /Users/yj/cmu/scheme/lisp2.py(43)myeval()
-> if not x:
(Pdb) n
n
> /Users/yj/cmu/scheme/lisp2.py(45)myeval()
-> if not isinstance(x,List):
(Pdb) p x
p x
['define', 'r', 10]
(Pdb) n
n
> /Users/yj/cmu/scheme/lisp2.py(53)myeval()
-> if x[0] == 'if':
(Pdb) n
n
> /Users/yj/cmu/scheme/lisp2.py(57)myeval()
-> elif x[0] == 'define':
(Pdb) n
n
> /Users/yj/cmu/scheme/lisp2.py(58)myeval()
-> (_,var,expr) = x
(Pdb) n
n
> /Users/yj/cmu/scheme/lisp2.py(59)myeval()
-> env[var] = myeval(expr,env)
(Pdb) p var
p var
'r'
(Pdb) p env
p env
None
(Pdb) 
yj@Air:scheme $ python3 lisp2.py
python3 lisp2.py
None
Traceback (most recent call last):
  File "lisp2.py", line 69, in <module>
    print(myeval(parse(tokenize(s2))))
  File "lisp2.py", line 63, in myeval
    proc=myeval(x,env)
  File "lisp2.py", line 63, in myeval
    proc=myeval(x,env)
  File "lisp2.py", line 63, in myeval
    proc=myeval(x,env)
  File "lisp2.py", line 63, in myeval
    proc=myeval(x,env)
  File "lisp2.py", line 63, in myeval
    proc=myeval(x,env)
  File "lisp2.py", line 63, in myeval
    proc=myeval(x,env)
  File "lisp2.py", line 63, in myeval
    proc=myeval(x,env)
  File "lisp2.py", line 63, in myeval
    proc=myeval(x,env)
  File "lisp2.py", line 63, in myeval
    proc=myeval(x,env)
  File "lisp2.py", line 63, in myeval
    proc=myeval(x,env)
  File "lisp2.py", line 63, in myeval
    proc=myeval(x,env)
  File "lisp2.py", line 63, in myeval
    proc=myeval(x,env)
  File "lisp2.py", line 63, in myeval
    proc=myeval(x,env)
  File "lisp2.py", line 63, in myeval
    proc=myeval(x,env)
  File "lisp2.py", line 63, in myeval
    proc=myeval(x,env)
  File "lisp2.py", line 63, in myeval
    proc=myeval(x,env)
  File "lisp2.py", line 63, in myeval
    proc=myeval(x,env)
  File "lisp2.py", line 63, in myeval
    proc=myeval(x,env)
  File "lisp2.py", line 63, in myeval
    proc=myeval(x,env)
  File "lisp2.py", line 63, in myeval
    proc=myeval(x,env)
  File "lisp2.py", line 63, in myeval
    proc=myeval(x,env)
  File "lisp2.py", line 63, in myeval
    proc=myeval(x,env)
  File "lisp2.py", line 63, in myeval
    proc=myeval(x,env)
  File "lisp2.py", line 63, in myeval
    proc=myeval(x,env)
  File "lisp2.py", line 63, in myeval
    proc=myeval(x,env)
  File "lisp2.py", line 63, in myeval
    proc=myeval(x,env)
  File "lisp2.py", line 63, in myeval
    proc=myeval(x,env)
  File "lisp2.py", line 63, in myeval
    proc=myeval(x,env)
  File "lisp2.py", line 63, in myeval
    proc=myeval(x,env)
  File "lisp2.py", line 63, in myeval
    proc=myeval(x,env)
  File "lisp2.py", line 63, in myeval
    proc=myeval(x,env)
  File "lisp2.py", line 63, in myeval
    proc=myeval(x,env)
  File "lisp2.py", line 63, in myeval
    proc=myeval(x,env)
  File "lisp2.py", line 63, in myeval
    proc=myeval(x,env)
  File "lisp2.py", line 63, in myeval
    proc=myeval(x,env)
  File "lisp2.py", line 63, in myeval
    proc=myeval(x,env)
  File "lisp2.py", line 63, in myeval
    proc=myeval(x,env)
  File "lisp2.py", line 63, in myeval
    proc=myeval(x,env)
  File "lisp2.py", line 63, in myeval
    proc=myeval(x,env)
  File "lisp2.py", line 63, in myeval
    proc=myeval(x,env)
  File "lisp2.py", line 63, in myeval
    proc=myeval(x,env)
  File "lisp2.py", line 63, in myeval
    proc=myeval(x,env)
  File "lisp2.py", line 63, in myeval
    proc=myeval(x,env)
  File "lisp2.py", line 63, in myeval
    proc=myeval(x,env)
  File "lisp2.py", line 63, in myeval
    proc=myeval(x,env)
  File "lisp2.py", line 63, in myeval
    proc=myeval(x,env)
  File "lisp2.py", line 63, in myeval
    proc=myeval(x,env)
  File "lisp2.py", line 63, in myeval
    proc=myeval(x,env)
  File "lisp2.py", line 63, in myeval
    proc=myeval(x,env)
  File "lisp2.py", line 63, in myeval
    proc=myeval(x,env)
  File "lisp2.py", line 63, in myeval
    proc=myeval(x,env)
  File "lisp2.py", line 63, in myeval
    proc=myeval(x,env)
  File "lisp2.py", line 63, in myeval
    proc=myeval(x,env)
  File "lisp2.py", line 63, in myeval
    proc=myeval(x,env)
  File "lisp2.py", line 63, in myeval
    proc=myeval(x,env)
  File "lisp2.py", line 63, in myeval
    proc=myeval(x,env)
  File "lisp2.py", line 63, in myeval
    proc=myeval(x,env)
  File "lisp2.py", line 63, in myeval
    proc=myeval(x,env)
  File "lisp2.py", line 63, in myeval
    proc=myeval(x,env)
  File "lisp2.py", line 63, in myeval
    proc=myeval(x,env)
  File "lisp2.py", line 63, in myeval
    proc=myeval(x,env)
  File "lisp2.py", line 63, in myeval
    proc=myeval(x,env)
  File "lisp2.py", line 63, in myeval
    proc=myeval(x,env)
  File "lisp2.py", line 63, in myeval
    proc=myeval(x,env)
  File "lisp2.py", line 63, in myeval
    proc=myeval(x,env)
  File "lisp2.py", line 63, in myeval
    proc=myeval(x,env)
  File "lisp2.py", line 63, in myeval
    proc=myeval(x,env)
  File "lisp2.py", line 63, in myeval
    proc=myeval(x,env)
  File "lisp2.py", line 63, in myeval
    proc=myeval(x,env)
  File "lisp2.py", line 63, in myeval
    proc=myeval(x,env)
  File "lisp2.py", line 63, in myeval
    proc=myeval(x,env)
  File "lisp2.py", line 63, in myeval
    proc=myeval(x,env)
  File "lisp2.py", line 63, in myeval
    proc=myeval(x,env)
  File "lisp2.py", line 63, in myeval
    proc=myeval(x,env)
  File "lisp2.py", line 63, in myeval
    proc=myeval(x,env)
  File "lisp2.py", line 63, in myeval
    proc=myeval(x,env)
  File "lisp2.py", line 63, in myeval
    proc=myeval(x,env)
  File "lisp2.py", line 63, in myeval
    proc=myeval(x,env)
  File "lisp2.py", line 63, in myeval
    proc=myeval(x,env)
  File "lisp2.py", line 63, in myeval
    proc=myeval(x,env)
  File "lisp2.py", line 63, in myeval
    proc=myeval(x,env)
  File "lisp2.py", line 63, in myeval
    proc=myeval(x,env)
  File "lisp2.py", line 63, in myeval
    proc=myeval(x,env)
  File "lisp2.py", line 63, in myeval
    proc=myeval(x,env)
  File "lisp2.py", line 63, in myeval
    proc=myeval(x,env)
  File "lisp2.py", line 63, in myeval
    proc=myeval(x,env)
  File "lisp2.py", line 63, in myeval
    proc=myeval(x,env)
  File "lisp2.py", line 63, in myeval
    proc=myeval(x,env)
  File "lisp2.py", line 63, in myeval
    proc=myeval(x,env)
  File "lisp2.py", line 63, in myeval
    proc=myeval(x,env)
  File "lisp2.py", line 63, in myeval
    proc=myeval(x,env)
  File "lisp2.py", line 63, in myeval
    proc=myeval(x,env)
  File "lisp2.py", line 63, in myeval
    proc=myeval(x,env)
  File "lisp2.py", line 63, in myeval
    proc=myeval(x,env)
  File "lisp2.py", line 63, in myeval
    proc=myeval(x,env)
  File "lisp2.py", line 63, in myeval
    proc=myeval(x,env)
  File "lisp2.py", line 63, in myeval
    proc=myeval(x,env)
  File "lisp2.py", line 63, in myeval
    proc=myeval(x,env)
  File "lisp2.py", line 63, in myeval
    proc=myeval(x,env)
  File "lisp2.py", line 63, in myeval
    proc=myeval(x,env)
  File "lisp2.py", line 63, in myeval
    proc=myeval(x,env)
  File "lisp2.py", line 63, in myeval
    proc=myeval(x,env)
  File "lisp2.py", line 63, in myeval
    proc=myeval(x,env)
  File "lisp2.py", line 63, in myeval
    proc=myeval(x,env)
  File "lisp2.py", line 63, in myeval
    proc=myeval(x,env)
  File "lisp2.py", line 63, in myeval
    proc=myeval(x,env)
  File "lisp2.py", line 63, in myeval
    proc=myeval(x,env)
  File "lisp2.py", line 63, in myeval
    proc=myeval(x,env)
  File "lisp2.py", line 63, in myeval
    proc=myeval(x,env)
  File "lisp2.py", line 63, in myeval
    proc=myeval(x,env)
  File "lisp2.py", line 63, in myeval
    proc=myeval(x,env)
  File "lisp2.py", line 63, in myeval
    proc=myeval(x,env)
  File "lisp2.py", line 63, in myeval
    proc=myeval(x,env)
  File "lisp2.py", line 63, in myeval
    proc=myeval(x,env)
  File "lisp2.py", line 63, in myeval
    proc=myeval(x,env)
  File "lisp2.py", line 63, in myeval
    proc=myeval(x,env)
  File "lisp2.py", line 63, in myeval
    proc=myeval(x,env)
  File "lisp2.py", line 63, in myeval
    proc=myeval(x,env)
  File "lisp2.py", line 63, in myeval
    proc=myeval(x,env)
  File "lisp2.py", line 63, in myeval
    proc=myeval(x,env)
  File "lisp2.py", line 63, in myeval
    proc=myeval(x,env)
  File "lisp2.py", line 63, in myeval
    proc=myeval(x,env)
  File "lisp2.py", line 63, in myeval
    proc=myeval(x,env)
  File "lisp2.py", line 63, in myeval
    proc=myeval(x,env)
  File "lisp2.py", line 63, in myeval
    proc=myeval(x,env)
  File "lisp2.py", line 63, in myeval
    proc=myeval(x,env)
  File "lisp2.py", line 63, in myeval
    proc=myeval(x,env)
  File "lisp2.py", line 63, in myeval
    proc=myeval(x,env)
  File "lisp2.py", line 63, in myeval
    proc=myeval(x,env)
  File "lisp2.py", line 63, in myeval
    proc=myeval(x,env)
  File "lisp2.py", line 63, in myeval
    proc=myeval(x,env)
  File "lisp2.py", line 63, in myeval
    proc=myeval(x,env)
  File "lisp2.py", line 63, in myeval
    proc=myeval(x,env)
  File "lisp2.py", line 63, in myeval
    proc=myeval(x,env)
  File "lisp2.py", line 63, in myeval
    proc=myeval(x,env)
  File "lisp2.py", line 63, in myeval
    proc=myeval(x,env)
  File "lisp2.py", line 63, in myeval
    proc=myeval(x,env)
  File "lisp2.py", line 63, in myeval
    proc=myeval(x,env)
  File "lisp2.py", line 63, in myeval
    proc=myeval(x,env)
  File "lisp2.py", line 63, in myeval
    proc=myeval(x,env)
  File "lisp2.py", line 63, in myeval
    proc=myeval(x,env)
  File "lisp2.py", line 63, in myeval
    proc=myeval(x,env)
  File "lisp2.py", line 63, in myeval
    proc=myeval(x,env)
  File "lisp2.py", line 63, in myeval
    proc=myeval(x,env)
  File "lisp2.py", line 63, in myeval
    proc=myeval(x,env)
  File "lisp2.py", line 63, in myeval
    proc=myeval(x,env)
  File "lisp2.py", line 63, in myeval
    proc=myeval(x,env)
  File "lisp2.py", line 63, in myeval
    proc=myeval(x,env)
  File "lisp2.py", line 63, in myeval
    proc=myeval(x,env)
  File "lisp2.py", line 63, in myeval
    proc=myeval(x,env)
  File "lisp2.py", line 63, in myeval
    proc=myeval(x,env)
  File "lisp2.py", line 63, in myeval
    proc=myeval(x,env)
  File "lisp2.py", line 63, in myeval
    proc=myeval(x,env)
  File "lisp2.py", line 63, in myeval
    proc=myeval(x,env)
  File "lisp2.py", line 63, in myeval
    proc=myeval(x,env)
  File "lisp2.py", line 63, in myeval
    proc=myeval(x,env)
  File "lisp2.py", line 63, in myeval
    proc=myeval(x,env)
  File "lisp2.py", line 63, in myeval
    proc=myeval(x,env)
  File "lisp2.py", line 63, in myeval
    proc=myeval(x,env)
  File "lisp2.py", line 63, in myeval
    proc=myeval(x,env)
  File "lisp2.py", line 63, in myeval
    proc=myeval(x,env)
  File "lisp2.py", line 63, in myeval
    proc=myeval(x,env)
  File "lisp2.py", line 63, in myeval
    proc=myeval(x,env)
  File "lisp2.py", line 63, in myeval
    proc=myeval(x,env)
  File "lisp2.py", line 63, in myeval
    proc=myeval(x,env)
  File "lisp2.py", line 63, in myeval
    proc=myeval(x,env)
  File "lisp2.py", line 63, in myeval
    proc=myeval(x,env)
  File "lisp2.py", line 63, in myeval
    proc=myeval(x,env)
  File "lisp2.py", line 63, in myeval
    proc=myeval(x,env)
  File "lisp2.py", line 63, in myeval
    proc=myeval(x,env)
  File "lisp2.py", line 63, in myeval
    proc=myeval(x,env)
  File "lisp2.py", line 63, in myeval
    proc=myeval(x,env)
  File "lisp2.py", line 63, in myeval
    proc=myeval(x,env)
  File "lisp2.py", line 63, in myeval
    proc=myeval(x,env)
  File "lisp2.py", line 63, in myeval
    proc=myeval(x,env)
  File "lisp2.py", line 63, in myeval
    proc=myeval(x,env)
  File "lisp2.py", line 63, in myeval
    proc=myeval(x,env)
  File "lisp2.py", line 63, in myeval
    proc=myeval(x,env)
  File "lisp2.py", line 63, in myeval
    proc=myeval(x,env)
  File "lisp2.py", line 63, in myeval
    proc=myeval(x,env)
  File "lisp2.py", line 63, in myeval
    proc=myeval(x,env)
  File "lisp2.py", line 63, in myeval
    proc=myeval(x,env)
  File "lisp2.py", line 63, in myeval
    proc=myeval(x,env)
  File "lisp2.py", line 63, in myeval
    proc=myeval(x,env)
  File "lisp2.py", line 63, in myeval
    proc=myeval(x,env)
  File "lisp2.py", line 63, in myeval
    proc=myeval(x,env)
  File "lisp2.py", line 63, in myeval
    proc=myeval(x,env)
  File "lisp2.py", line 63, in myeval
    proc=myeval(x,env)
  File "lisp2.py", line 63, in myeval
    proc=myeval(x,env)
  File "lisp2.py", line 63, in myeval
    proc=myeval(x,env)
  File "lisp2.py", line 63, in myeval
    proc=myeval(x,env)
  File "lisp2.py", line 63, in myeval
    proc=myeval(x,env)
  File "lisp2.py", line 63, in myeval
    proc=myeval(x,env)
  File "lisp2.py", line 63, in myeval
    proc=myeval(x,env)
  File "lisp2.py", line 63, in myeval
    proc=myeval(x,env)
  File "lisp2.py", line 63, in myeval
    proc=myeval(x,env)
  File "lisp2.py", line 63, in myeval
    proc=myeval(x,env)
  File "lisp2.py", line 63, in myeval
    proc=myeval(x,env)
  File "lisp2.py", line 63, in myeval
    proc=myeval(x,env)
  File "lisp2.py", line 63, in myeval
    proc=myeval(x,env)
  File "lisp2.py", line 63, in myeval
    proc=myeval(x,env)
  File "lisp2.py", line 63, in myeval
    proc=myeval(x,env)
  File "lisp2.py", line 63, in myeval
    proc=myeval(x,env)
  File "lisp2.py", line 63, in myeval
    proc=myeval(x,env)
  File "lisp2.py", line 63, in myeval
    proc=myeval(x,env)
  File "lisp2.py", line 63, in myeval
    proc=myeval(x,env)
  File "lisp2.py", line 63, in myeval
    proc=myeval(x,env)
  File "lisp2.py", line 63, in myeval
    proc=myeval(x,env)
  File "lisp2.py", line 63, in myeval
    proc=myeval(x,env)
  File "lisp2.py", line 63, in myeval
    proc=myeval(x,env)
  File "lisp2.py", line 63, in myeval
    proc=myeval(x,env)
  File "lisp2.py", line 63, in myeval
    proc=myeval(x,env)
  File "lisp2.py", line 63, in myeval
    proc=myeval(x,env)
  File "lisp2.py", line 63, in myeval
    proc=myeval(x,env)
  File "lisp2.py", line 63, in myeval
    proc=myeval(x,env)
  File "lisp2.py", line 63, in myeval
    proc=myeval(x,env)
  File "lisp2.py", line 63, in myeval
    proc=myeval(x,env)
  File "lisp2.py", line 63, in myeval
    proc=myeval(x,env)
  File "lisp2.py", line 63, in myeval
    proc=myeval(x,env)
  File "lisp2.py", line 63, in myeval
    proc=myeval(x,env)
  File "lisp2.py", line 63, in myeval
    proc=myeval(x,env)
  File "lisp2.py", line 63, in myeval
    proc=myeval(x,env)
  File "lisp2.py", line 63, in myeval
    proc=myeval(x,env)
  File "lisp2.py", line 63, in myeval
    proc=myeval(x,env)
  File "lisp2.py", line 63, in myeval
    proc=myeval(x,env)
  File "lisp2.py", line 63, in myeval
    proc=myeval(x,env)
  File "lisp2.py", line 63, in myeval
    proc=myeval(x,env)
  File "lisp2.py", line 63, in myeval
    proc=myeval(x,env)
  File "lisp2.py", line 63, in myeval
    proc=myeval(x,env)
  File "lisp2.py", line 63, in myeval
    proc=myeval(x,env)
  File "lisp2.py", line 63, in myeval
    proc=myeval(x,env)
  File "lisp2.py", line 63, in myeval
    proc=myeval(x,env)
  File "lisp2.py", line 63, in myeval
    proc=myeval(x,env)
  File "lisp2.py", line 63, in myeval
    proc=myeval(x,env)
  File "lisp2.py", line 63, in myeval
    proc=myeval(x,env)
  File "lisp2.py", line 63, in myeval
    proc=myeval(x,env)
  File "lisp2.py", line 63, in myeval
    proc=myeval(x,env)
  File "lisp2.py", line 63, in myeval
    proc=myeval(x,env)
  File "lisp2.py", line 63, in myeval
    proc=myeval(x,env)
  File "lisp2.py", line 63, in myeval
    proc=myeval(x,env)
  File "lisp2.py", line 63, in myeval
    proc=myeval(x,env)
  File "lisp2.py", line 63, in myeval
    proc=myeval(x,env)
  File "lisp2.py", line 63, in myeval
    proc=myeval(x,env)
  File "lisp2.py", line 63, in myeval
    proc=myeval(x,env)
  File "lisp2.py", line 63, in myeval
    proc=myeval(x,env)
  File "lisp2.py", line 63, in myeval
    proc=myeval(x,env)
  File "lisp2.py", line 63, in myeval
    proc=myeval(x,env)
  File "lisp2.py", line 63, in myeval
    proc=myeval(x,env)
  File "lisp2.py", line 63, in myeval
    proc=myeval(x,env)
  File "lisp2.py", line 63, in myeval
    proc=myeval(x,env)
  File "lisp2.py", line 63, in myeval
    proc=myeval(x,env)
  File "lisp2.py", line 63, in myeval
    proc=myeval(x,env)
  File "lisp2.py", line 63, in myeval
    proc=myeval(x,env)
  File "lisp2.py", line 63, in myeval
    proc=myeval(x,env)
  File "lisp2.py", line 63, in myeval
    proc=myeval(x,env)
  File "lisp2.py", line 63, in myeval
    proc=myeval(x,env)
  File "lisp2.py", line 63, in myeval
    proc=myeval(x,env)
  File "lisp2.py", line 63, in myeval
    proc=myeval(x,env)
  File "lisp2.py", line 63, in myeval
    proc=myeval(x,env)
  File "lisp2.py", line 63, in myeval
    proc=myeval(x,env)
  File "lisp2.py", line 63, in myeval
    proc=myeval(x,env)
  File "lisp2.py", line 63, in myeval
    proc=myeval(x,env)
  File "lisp2.py", line 63, in myeval
    proc=myeval(x,env)
  File "lisp2.py", line 63, in myeval
    proc=myeval(x,env)
  File "lisp2.py", line 63, in myeval
    proc=myeval(x,env)
  File "lisp2.py", line 63, in myeval
    proc=myeval(x,env)
  File "lisp2.py", line 63, in myeval
    proc=myeval(x,env)
  File "lisp2.py", line 63, in myeval
    proc=myeval(x,env)
  File "lisp2.py", line 63, in myeval
    proc=myeval(x,env)
  File "lisp2.py", line 63, in myeval
    proc=myeval(x,env)
  File "lisp2.py", line 63, in myeval
    proc=myeval(x,env)
  File "lisp2.py", line 63, in myeval
    proc=myeval(x,env)
  File "lisp2.py", line 63, in myeval
    proc=myeval(x,env)
  File "lisp2.py", line 63, in myeval
    proc=myeval(x,env)
  File "lisp2.py", line 63, in myeval
    proc=myeval(x,env)
  File "lisp2.py", line 63, in myeval
    proc=myeval(x,env)
  File "lisp2.py", line 63, in myeval
    proc=myeval(x,env)
  File "lisp2.py", line 63, in myeval
    proc=myeval(x,env)
  File "lisp2.py", line 63, in myeval
    proc=myeval(x,env)
  File "lisp2.py", line 63, in myeval
    proc=myeval(x,env)
  File "lisp2.py", line 63, in myeval
    proc=myeval(x,env)
  File "lisp2.py", line 63, in myeval
    proc=myeval(x,env)
  File "lisp2.py", line 63, in myeval
    proc=myeval(x,env)
  File "lisp2.py", line 63, in myeval
    proc=myeval(x,env)
  File "lisp2.py", line 63, in myeval
    proc=myeval(x,env)
  File "lisp2.py", line 63, in myeval
    proc=myeval(x,env)
  File "lisp2.py", line 63, in myeval
    proc=myeval(x,env)
  File "lisp2.py", line 63, in myeval
    proc=myeval(x,env)
  File "lisp2.py", line 63, in myeval
    proc=myeval(x,env)
  File "lisp2.py", line 63, in myeval
    proc=myeval(x,env)
  File "lisp2.py", line 63, in myeval
    proc=myeval(x,env)
  File "lisp2.py", line 63, in myeval
    proc=myeval(x,env)
  File "lisp2.py", line 63, in myeval
    proc=myeval(x,env)
  File "lisp2.py", line 63, in myeval
    proc=myeval(x,env)
  File "lisp2.py", line 63, in myeval
    proc=myeval(x,env)
  File "lisp2.py", line 63, in myeval
    proc=myeval(x,env)
  File "lisp2.py", line 63, in myeval
    proc=myeval(x,env)
  File "lisp2.py", line 63, in myeval
    proc=myeval(x,env)
  File "lisp2.py", line 63, in myeval
    proc=myeval(x,env)
  File "lisp2.py", line 63, in myeval
    proc=myeval(x,env)
  File "lisp2.py", line 63, in myeval
    proc=myeval(x,env)
  File "lisp2.py", line 63, in myeval
    proc=myeval(x,env)
  File "lisp2.py", line 63, in myeval
    proc=myeval(x,env)
  File "lisp2.py", line 63, in myeval
    proc=myeval(x,env)
  File "lisp2.py", line 63, in myeval
    proc=myeval(x,env)
  File "lisp2.py", line 63, in myeval
    proc=myeval(x,env)
  File "lisp2.py", line 63, in myeval
    proc=myeval(x,env)
  File "lisp2.py", line 63, in myeval
    proc=myeval(x,env)
  File "lisp2.py", line 63, in myeval
    proc=myeval(x,env)
  File "lisp2.py", line 63, in myeval
    proc=myeval(x,env)
  File "lisp2.py", line 63, in myeval
    proc=myeval(x,env)
  File "lisp2.py", line 63, in myeval
    proc=myeval(x,env)
  File "lisp2.py", line 63, in myeval
    proc=myeval(x,env)
  File "lisp2.py", line 63, in myeval
    proc=myeval(x,env)
  File "lisp2.py", line 63, in myeval
    proc=myeval(x,env)
  File "lisp2.py", line 63, in myeval
    proc=myeval(x,env)
  File "lisp2.py", line 63, in myeval
    proc=myeval(x,env)
  File "lisp2.py", line 63, in myeval
    proc=myeval(x,env)
  File "lisp2.py", line 63, in myeval
    proc=myeval(x,env)
  File "lisp2.py", line 63, in myeval
    proc=myeval(x,env)
  File "lisp2.py", line 63, in myeval
    proc=myeval(x,env)
  File "lisp2.py", line 63, in myeval
    proc=myeval(x,env)
  File "lisp2.py", line 63, in myeval
    proc=myeval(x,env)
  File "lisp2.py", line 63, in myeval
    proc=myeval(x,env)
  File "lisp2.py", line 63, in myeval
    proc=myeval(x,env)
  File "lisp2.py", line 63, in myeval
    proc=myeval(x,env)
  File "lisp2.py", line 63, in myeval
    proc=myeval(x,env)
  File "lisp2.py", line 63, in myeval
    proc=myeval(x,env)
  File "lisp2.py", line 63, in myeval
    proc=myeval(x,env)
  File "lisp2.py", line 63, in myeval
    proc=myeval(x,env)
  File "lisp2.py", line 63, in myeval
    proc=myeval(x,env)
  File "lisp2.py", line 63, in myeval
    proc=myeval(x,env)
  File "lisp2.py", line 63, in myeval
    proc=myeval(x,env)
  File "lisp2.py", line 63, in myeval
    proc=myeval(x,env)
  File "lisp2.py", line 63, in myeval
    proc=myeval(x,env)
  File "lisp2.py", line 63, in myeval
    proc=myeval(x,env)
  File "lisp2.py", line 63, in myeval
    proc=myeval(x,env)
  File "lisp2.py", line 63, in myeval
    proc=myeval(x,env)
  File "lisp2.py", line 63, in myeval
    proc=myeval(x,env)
  File "lisp2.py", line 63, in myeval
    proc=myeval(x,env)
  File "lisp2.py", line 63, in myeval
    proc=myeval(x,env)
  File "lisp2.py", line 63, in myeval
    proc=myeval(x,env)
  File "lisp2.py", line 63, in myeval
    proc=myeval(x,env)
  File "lisp2.py", line 63, in myeval
    proc=myeval(x,env)
  File "lisp2.py", line 63, in myeval
    proc=myeval(x,env)
  File "lisp2.py", line 63, in myeval
    proc=myeval(x,env)
  File "lisp2.py", line 63, in myeval
    proc=myeval(x,env)
  File "lisp2.py", line 63, in myeval
    proc=myeval(x,env)
  File "lisp2.py", line 63, in myeval
    proc=myeval(x,env)
  File "lisp2.py", line 63, in myeval
    proc=myeval(x,env)
  File "lisp2.py", line 63, in myeval
    proc=myeval(x,env)
  File "lisp2.py", line 63, in myeval
    proc=myeval(x,env)
  File "lisp2.py", line 63, in myeval
    proc=myeval(x,env)
  File "lisp2.py", line 63, in myeval
    proc=myeval(x,env)
  File "lisp2.py", line 63, in myeval
    proc=myeval(x,env)
  File "lisp2.py", line 63, in myeval
    proc=myeval(x,env)
  File "lisp2.py", line 63, in myeval
    proc=myeval(x,env)
  File "lisp2.py", line 63, in myeval
    proc=myeval(x,env)
  File "lisp2.py", line 63, in myeval
    proc=myeval(x,env)
  File "lisp2.py", line 63, in myeval
    proc=myeval(x,env)
  File "lisp2.py", line 63, in myeval
    proc=myeval(x,env)
  File "lisp2.py", line 63, in myeval
    proc=myeval(x,env)
  File "lisp2.py", line 63, in myeval
    proc=myeval(x,env)
  File "lisp2.py", line 63, in myeval
    proc=myeval(x,env)
  File "lisp2.py", line 63, in myeval
    proc=myeval(x,env)
  File "lisp2.py", line 63, in myeval
    proc=myeval(x,env)
  File "lisp2.py", line 63, in myeval
    proc=myeval(x,env)
  File "lisp2.py", line 63, in myeval
    proc=myeval(x,env)
  File "lisp2.py", line 63, in myeval
    proc=myeval(x,env)
  File "lisp2.py", line 63, in myeval
    proc=myeval(x,env)
  File "lisp2.py", line 63, in myeval
    proc=myeval(x,env)
  File "lisp2.py", line 63, in myeval
    proc=myeval(x,env)
  File "lisp2.py", line 63, in myeval
    proc=myeval(x,env)
  File "lisp2.py", line 63, in myeval
    proc=myeval(x,env)
  File "lisp2.py", line 63, in myeval
    proc=myeval(x,env)
  File "lisp2.py", line 63, in myeval
    proc=myeval(x,env)
  File "lisp2.py", line 63, in myeval
    proc=myeval(x,env)
  File "lisp2.py", line 63, in myeval
    proc=myeval(x,env)
  File "lisp2.py", line 63, in myeval
    proc=myeval(x,env)
  File "lisp2.py", line 63, in myeval
    proc=myeval(x,env)
  File "lisp2.py", line 63, in myeval
    proc=myeval(x,env)
  File "lisp2.py", line 63, in myeval
    proc=myeval(x,env)
  File "lisp2.py", line 63, in myeval
    proc=myeval(x,env)
  File "lisp2.py", line 63, in myeval
    proc=myeval(x,env)
  File "lisp2.py", line 63, in myeval
    proc=myeval(x,env)
  File "lisp2.py", line 63, in myeval
    proc=myeval(x,env)
  File "lisp2.py", line 63, in myeval
    proc=myeval(x,env)
  File "lisp2.py", line 63, in myeval
    proc=myeval(x,env)
  File "lisp2.py", line 63, in myeval
    proc=myeval(x,env)
  File "lisp2.py", line 63, in myeval
    proc=myeval(x,env)
  File "lisp2.py", line 63, in myeval
    proc=myeval(x,env)
  File "lisp2.py", line 63, in myeval
    proc=myeval(x,env)
  File "lisp2.py", line 63, in myeval
    proc=myeval(x,env)
  File "lisp2.py", line 63, in myeval
    proc=myeval(x,env)
  File "lisp2.py", line 63, in myeval
    proc=myeval(x,env)
  File "lisp2.py", line 63, in myeval
    proc=myeval(x,env)
  File "lisp2.py", line 63, in myeval
    proc=myeval(x,env)
  File "lisp2.py", line 63, in myeval
    proc=myeval(x,env)
  File "lisp2.py", line 63, in myeval
    proc=myeval(x,env)
  File "lisp2.py", line 63, in myeval
    proc=myeval(x,env)
  File "lisp2.py", line 63, in myeval
    proc=myeval(x,env)
  File "lisp2.py", line 63, in myeval
    proc=myeval(x,env)
  File "lisp2.py", line 63, in myeval
    proc=myeval(x,env)
  File "lisp2.py", line 63, in myeval
    proc=myeval(x,env)
  File "lisp2.py", line 63, in  C-c C-c^Cc=myeval(x,env)
  File "lisp2.py", line 63, in myeval
    proc=myeval(x,env)
  File "lisp2.py", line 63, in myeval
    proc=myeval(x,env)
  File "lisp2.py", line 63, in myeval
    proc=myeval(x,env)
  File "lisp2.py", line 63, in myeval
    proc=myeval(x,env)
  File "lisp2.py", line 63, in myeval
    proc=myeval(x,env)
  File "lisp2.py", line 63, in myeval
    proc=myeval(x,env)
  File "lisp2.py", line 63, in myeval
    proc=myeval(x,env)
  File "lisp2.py", line 63, in myeval
    proc=myeval(x,env)
  File "lisp2.py", line 63, in myeval
    proc=myeval(x,env)
  File "lisp2.py", line 63, in myeval
    proc=myeval(x,env)
  File "lisp2.py", line 63, in myeval
    proc=myeval(x,env)
  File "lisp2.py", line 63, in myeval
    proc=myeval(x,env)
  File "lisp2.py", line 63, in myeval
    proc=myeval(x,env)
  File "lisp2.py", line 63, in myeval
    proc=myeval(x,env)
  File "lisp2.py", line 63, in myeval
    proc=myeval(x,env)
  File "lisp2.py", line 63, in myeval
    proc=myeval(x,env)
  File "lisp2.py", line 63, in myeval
    proc=myeval(x,env)
  File "lisp2.py", line 63, in myeval
    proc=myeval(x,env)
  File "lisp2.py", line 63, in myeval
    proc=myeval(x,env)
  File "lisp2.py", line 63, in myeval
    proc=myeval(x,env)
  File "lisp2.py", line 63, in myeval
    proc=myeval(x,env)
  File "lisp2.py", line 63, in myeval
    proc=myeval(x,env)
  File "lisp2.py", line 63, in myeval
    proc=myeval(x,env)
  File "lisp2.py", line 63, in myeval
    proc=myeval(x,env)
  File "lisp2.py", line 63, in myeval
    proc=myeval(x,env)
  File "lisp2.py", line 63, in myeval
    proc=myeval(x,env)
  File "lisp2.py", line 63, in myeval
    proc=myeval(x,env)
  File "lisp2.py", line 63, in myeval
    proc=myeval(x,env)
  File "lisp2.py", line 63, in myeval
    proc=myeval(x,env)
  File "lisp2.py", line 63, in myeval
    proc=myeval(x,env)
  File "lisp2.py", line 63, in myeval
    proc=myeval(x,env)
  File "lisp2.py", line 63, in myeval
    proc=myeval(x,env)
  File "lisp2.py", line 63, in myeval
    proc=myeval(x,env)
  File "lisp2.py", line 63, in myeval
    proc=myeval(x,env)
  File "lisp2.py", line 63, in myeval
    proc=myeval(x,env)
  File "lisp2.py", line 63, in myeval
    proc=myeval(x,env)
  File "lisp2.py", line 63, in myeval
    proc=myeval(x,env)
  File "lisp2.py", line 63, in myeval
    proc=myeval(x,env)
  File "lisp2.py", line 63, in myeval
    proc=myeval(x,env)
  File "lisp2.py", line 63, in myeval
    proc=myeval(x,env)
  File "lisp2.py", line 63, in myeval
    proc=myeval(x,env)
  File "lisp2.py", line 63, in myeval
    proc=myeval(x,env)
  File "lisp2.py", line 63, in myeval
    proc=myeval(x,env)
  File "lisp2.py", line 63, in myeval
    proc=myeval(x,env)
  File "lisp2.py", line 63, in myeval
    proc=myeval(x,env)
  File "lisp2.py", line 63, in myeval
    proc=myeval(x,env)
  File "lisp2.py", line 63, in myeval
    proc=myeval(x,env)
  File "lisp2.py", line 63, in myeval
    proc=myeval(x,env)
  File "lisp2.py", line 63, in myeval
    proc=myeval(x,env)
  File "lisp2.py", line 63, in myeval
    proc=myeval(x,env)
  File "lisp2.py", line 63, in myeval
    proc=myeval(x,env)
  File "lisp2.py", line 63, in myeval
    proc=myeval(x,env)
  File "lisp2.py", line 63, in myeval
    proc=myeval(x,env)
  File "lisp2.py", line 63, in myeval
    proc=myeval(x,env)
  File "lisp2.py", line 63, in myeval
    proc=myeval(x,env)
  File "lisp2.py", line 63, in myeval
    proc=myeval(x,env)
  File "lisp2.py", line 63, in myeval
    proc=myeval(x,env)
  File "lisp2.py", line 63, in myeval
    proc=myeval(x,env)
  File "lisp2.py", line 63, in myeval
    proc=myeval(x,env)
  File "lisp2.py", line 63, in myeval
    proc=myeval(x,env)
  File "lisp2.py", line 63, in myeval
    proc=myeval(x,env)
  File "lisp2.py", line 63, in myeval
    proc=myeval(x,env)
  File "lisp2.py", line 63, in myeval
    proc=myeval(x,env)
  File "lisp2.py", line 63, in myeval
    proc=myeval(x,env)
  File "lisp2.py", line 63, in myeval
    proc=myeval(x,env)
  File "lisp2.py", line 63, in myeval
    proc=myeval(x,env)
  File "lisp2.py", line 63, in myeval
    proc=myeval(x,env)
  File "lisp2.py", line 63, in myeval
    proc=myeval(x,env)
  File "lisp2.py", line 63, in myeval
    proc=myeval(x,env)
  File "lisp2.py", line 63, in myeval
    proc=myeval(x,env)
  File "lisp2.py", line 63, in myeval
    proc=myeval(x,env)
  File "lisp2.py", line 63, in myeval
    proc=myeval(x,env)
  File "lisp2.py", line 63, in myeval
    proc=myeval(x,env)
  File "lisp2.py", line 63, in myeval
    proc=myeval(x,env)
  File "lisp2.py", line 63, in myeval
    proc=myeval(x,env)
  File "lisp2.py", line 63, in myeval
    proc=myeval(x,env)
  File "lisp2.py", line 63, in myeval
    proc=myeval(x,env)
  File "lisp2.py", line 63, in myeval
    proc=myeval(x,env)
  File "lisp2.py", line 63, in myeval
    proc=myeval(x,env)
  File "lisp2.py", line 63, in myeval
    proc=myeval(x,env)
  File "lisp2.py", line 63, in myeval
    proc=myeval(x,env)
  File "lisp2.py", line 63, in myeval
    proc=myeval(x,env)
  File "lisp2.py", line 63, in myeval
    proc=myeval(x,env)
  File "lisp2.py", line 63, in myeval
    proc=myeval(x,env)
  File "lisp2.py", line 63, in myeval
    proc=myeval(x,env)
  File "lisp2.py", line 63, in myeval
    proc=myeval(x,env)
  File "lisp2.py", line 63, in myeval
    proc=myeval(x,env)
  File "lisp2.py", line 63, in myeval
    proc=myeval(x,env)
  File "lisp2.py", line 63, in myeval
    proc=myeval(x,env)
  File "lisp2.py", line 63, in myeval
    proc=myeval(x,env)
  File "lisp2.py", line 63, in myeval
    proc=myeval(x,env)
  File "lisp2.py", line 63, in myeval
    proc=myeval(x,env)
  File "lisp2.py", line 63, in myeval
    proc=myeval(x,env)
  File "lisp2.py", line 63, in myeval
    proc=myeval(x,env)
  File "lisp2.py", line 63, in myeval
    proc=myeval(x,env)
  File "lisp2.py", line 63, in myeval
    proc=myeval(x,env)
  File "lisp2.py", line 63, in myeval
    proc=myeval(x,env)
  File "lisp2.py", line 63, in myeval
    proc=myeval(x,env)
  File "lisp2.py", line 63, in myeval
    proc=myeval(x,env)
  File "lisp2.py", line 63, in myeval
    proc=myeval(x,env)
  File "lisp2.py", line 63, in myeval
    proc=myeval(x,env)
  File "lisp2.py", line 63, in myeval
    proc=myeval(x,env)
  File "lisp2.py", line 63, in myeval
    proc=myeval(x,env)
  File "lisp2.py", line 63, in myeval
    proc=myeval(x,env)
  File "lisp2.py", line 63, in myeval
    proc=myeval(x,env)
  File "lisp2.py", line 63, in myeval
    proc=myeval(x,env)
  File "lisp2.py", line 63, in myeval
    proc=myeval(x,env)
  File "lisp2.py", line 63, in myeval
    proc=myeval(x,env)
  File "lisp2.py", line 63, in myeval
    proc=myeval(x,env)
  File "lisp2.py", line 63, in myeval
    proc=myeval(x,env)
  File "lisp2.py", line 63, in myeval
    proc=myeval(x,env)
  File "lisp2.py", line 63, in myeval
    proc=myeval(x,env)
  File "lisp2.py", line 63, in myeval
    proc=myeval(x,env)
  File "lisp2.py", line 63, in myeval
    proc=myeval(x,env)
  File "lisp2.py", line 63, in myeval
    proc=myeval(x,env)
  File "lisp2.py", line 63, in myeval
    proc=myeval(x,env)
  File "lisp2.py", line 63, in myeval
    proc=myeval(x,env)
  File "lisp2.py", line 63, in myeval
    proc=myeval(x,env)
  File "lisp2.py", line 63, in myeval
    proc=myeval(x,env)
  File "lisp2.py", line 63, in myeval
    proc=myeval(x,env)
  File "lisp2.py", line 63, in myeval
    proc=myeval(x,env)
  File "lisp2.py", line 63, in myeval
    proc=myeval(x,env)
  File "lisp2.py", line 63, in myeval
    proc=myeval(x,env)
  File "lisp2.py", line 63, in myeval
    proc=myeval(x,env)
  File "lisp2.py", line 63, in myeval
    proc=myeval(x,env)
  File "lisp2.py", line 63, in myeval
    proc=myeval(x,env)
  File "lisp2.py", line 63, in myeval
    proc=myeval(x,env)
  File "lisp2.py", line 63, in myeval
    proc=myeval(x,env)
  File "lisp2.py", line 63, in myeval
    proc=myeval(x,env)
  File "lisp2.py", line 63, in myeval
    proc=myeval(x,env)
  File "lisp2.py", line 63, in myeval
    proc=myeval(x,env)
  File "lisp2.py", line 63, in myeval
    proc=myeval(x,env)
  File "lisp2.py", line 63, in myeval
    proc=myeval(x,env)
  File "lisp2.py", line 63, in myeval
    proc=myeval(x,env)
  File "lisp2.py", line 63, in myeval
    proc=myeval(x,env)
  File "lisp2.py", line 63, in myeval
    proc=myeval(x,env)
  File "lisp2.py", line 63, in myeval
    proc=myeval(x,env)
  File "lisp2.py", line 63, in myeval
    proc=myeval(x,env)
  File "lisp2.py", line 63, in myeval
    proc=myeval(x,env)
  File "lisp2.py", line 63, in myeval
    proc=myeval(x,env)
  File "lisp2.py", line 63, in myeval
    proc=myeval(x,env)
  File "lisp2.py", line 63, in myeval
    proc=myeval(x,env)
  File "lisp2.py", line 63, in myeval
    proc=myeval(x,env)
  File "lisp2.py", line 63, in myeval
    proc=myeval(x,env)
  File "lisp2.py", line 63, in myeval
    proc=myeval(x,env)
  File "lisp2.py", line 63, in myeval
    proc=myeval(x,env)
  File "lisp2.py", line 63, in myeval
    proc=myeval(x,env)
  File "lisp2.py", line 63, in myeval
    proc=myeval(x,env)
  File "lisp2.py", line 63, in myeval
    proc=myeval(x,env)
  File "lisp2.py", line 63, in myeval
    proc=myeval(x,env)
  File "lisp2.py", line 63, in myeval
    proc=myeval(x,env)
  File "lisp2.py", line 63, in myeval
    proc=myeval(x,env)
  File "lisp2.py", line 63, in myeval
    proc=myeval(x,env)
  File "lisp2.py", line 63, in myeval
    proc=myeval(x,env)
  File "lisp2.py", line 63, in myeval
    proc=myeval(x,env)
  File "lisp2.py", line 63, in myeval
    proc=myeval(x,env)
  File "lisp2.py", line 63, in myeval
    proc=myeval(x,env)
  File "lisp2.py", line 63, in myeval
    proc=myeval(x,env)
  File "lisp2.py", line 63, in myeval
    proc=myeval(x,env)
  File "lisp2.py", line 63, in myeval
    proc=myeval(x,env)
  File "lisp2.py", line 63, in myeval
    proc=myeval(x,env)
  File "lisp2.py", line 63, in myeval
    proc=myeval(x,env)
  File "lisp2.py", line 63, in myeval
    proc=myeval(x,env)
  File "lisp2.py", line 63, in myeval
    proc=myeval(x,env)
  File "lisp2.py", line 63, in myeval
    proc=myeval(x,env)
  File "lisp2.py", line 63, in myeval
    proc=myeval(x,env)
  File "lisp2.py", line 63, in myeval
    proc=myeval(x,env)
  File "lisp2.py", line 63, in myeval
    proc=myeval(x,env)
  File "lisp2.py", line 63, in myeval
    proc=myeval(x,env)
  File "lisp2.py", line 63, in myeval
    proc=myeval(x,env)
  File "lisp2.py", line 63, in myeval
    proc=myeval(x,env)
  File "lisp2.py", line 63, in myeval
    proc=myeval(x,env)
  File "lisp2.py", line 63, in myeval
    proc=myeval(x,env)
  File "lisp2.py", line 63, in myeval
    proc=myeval(x,env)
  File "lisp2.py", line 63, in myeval
    proc=myeval(x,env)
  File "lisp2.py", line 63, in myeval
    proc=myeval(x,env)
  File "lisp2.py", line 63, in myeval
    proc=myeval(x,env)
  File "lisp2.py", line 63, in myeval
    proc=myeval(x,env)
  File "lisp2.py", line 63, in myeval
    proc=myeval(x,env)
  File "lisp2.py", line 63, in myeval
    proc=myeval(x,env)
  File "lisp2.py", line 63, in myeval
    proc=myeval(x,env)
  File "lisp2.py", line 63, in myeval
    proc=myeval(x,env)
  File "lisp2.py", line 63, in myeval
    proc=myeval(x,env)
  File "lisp2.py", line 63, in myeval
    proc=myeval(x,env)
  File "lisp2.py", line 63, in myeval
    proc=myeval(x,env)
  File "lisp2.py", line 63, in myeval
    proc=myeval(x,env)
  File "lisp2.py", line 63, in myeval
    proc=myeval(x,env)
  File "lisp2.py", line 63, in myeval
    proc=myeval(x,env)
  File "lisp2.py", line 63, in myeval
    proc=myeval(x,env)
  File "lisp2.py", line 63, in myeval
    proc=myeval(x,env)
  File "lisp2.py", line 63, in myeval
    proc=myeval(x,env)
  File "lisp2.py", line 63, in myeval
    proc=myeval(x,env)
  File "lisp2.py", line 63, in myeval
    proc=myeval(x,env)
  File "lisp2.py", line 63, in myeval
    proc=myeval(x,env)
  File "lisp2.py", line 63, in myeval
    proc=myeval(x,env)
  File "lisp2.py", line 63, in myeval
    proc=myeval(x,env)
  File "lisp2.py", line 63, in myeval
    proc=myeval(x,env)
  File "lisp2.py", line 63, in myeval
    proc=myeval(x,env)
  File "lisp2.py", line 63, in myeval
    proc=myeval(x,env)
  File "lisp2.py", line 63, in myeval
    proc=myeval(x,env)
  File "lisp2.py", line 63, in myeval
    proc=myeval(x,env)
  File "lisp2.py", line 63, in myeval
    proc=myeval(x,env)
  File "lisp2.py", line 63, in myeval
    proc=myeval(x,env)
  File "lisp2.py", line 63, in myeval
    proc=myeval(x,env)
  File "lisp2.py", line 63, in myeval
    proc=myeval(x,env)
  File "lisp2.py", line 63, in myeval
    proc=myeval(x,env)
  File "lisp2.py", line 63, in myeval
    proc=myeval(x,env)
  File "lisp2.py", line 63, in myeval
    proc=myeval(x,env)
  File "lisp2.py", line 63, in myeval
    proc=myeval(x,env)
  File "lisp2.py", line 63, in myeval
    proc=myeval(x,env)
  File "lisp2.py", line 63, in myeval
    proc=myeval(x,env)
  File "lisp2.py", line 63, in myeval
    proc=myeval(x,env)
  File "lisp2.py", line 63, in myeval
    proc=myeval(x,env)
  File "lisp2.py", line 63, in myeval
    proc=myeval(x,env)
  File "lisp2.py", line 63, in myeval
    proc=myeval(x,env)
  File "lisp2.py", line 63, in myeval
    proc=myeval(x,env)
  File "lisp2.py", line 63, in myeval
    proc=myeval(x,env)
  File "lisp2.py", line 63, in myeval
    proc=myeval(x,env)
  File "lisp2.py", line 63, in myeval
    proc=myeval(x,env)
  File "lisp2.py", line 63, in myeval
    proc=myeval(x,env)
  File "lisp2.py", line 63, in myeval
    proc=myeval(x,env)
  File "lisp2.py", line 63, in myeval
    proc=myeval(x,env)
  File "lisp2.py", line 63, in myeval
    proc=myeval(x,env)
  File "lisp2.py", line 63, in myeval
    proc=myeval(x,env)
  File "lisp2.py", line 63, in myeval
    proc=myeval(x,env)
  File "lisp2.py", line 63, in myeval
    proc=myeval(x,env)
  File "lisp2.py", line 63, in myeval
    proc=myeval(x,env)
  File "lisp2.py", line 63, in myeval
    proc=myeval(x,env)
  File "lisp2.py", line 63, in myeval
    proc=myeval(x,env)
  File "lisp2.py", line 63, in myeval
    proc=myeval(x,env)
  File "lisp2.py", line 63, in myeval
    proc=myeval(x,env)
  File "lisp2.py", line 63, in myeval
    proc=myeval(x,env)
  File "lisp2.py", line 63, in myeval
    proc=myeval(x,env)
  File "lisp2.py", line 63, in myeval
    proc=myeval(x,env)
  File "lisp2.py", line 63, in myeval
    proc=myeval(x,env)
  File "lisp2.py", line 63, in myeval
    proc=myeval(x,env)
  File "lisp2.py", line 63, in myeval
    proc=myeval(x,env)
  File "lisp2.py", line 63, in myeval
    proc=myeval(x,env)
  File "lisp2.py", line 63, in myeval
    proc=myeval(x,env)
  File "lisp2.py", line 63, in myeval
    proc=myeval(x,env)
  File "lisp2.py", line 63, in myeval
    proc=myeval(x,env)
  File "lisp2.py", line 63, in myeval
    proc=myeval(x,env)
  File "lisp2.py", line 63, in myeval
    proc=myeval(x,env)
  File "lisp2.py", line 63, in myeval
    proc=myeval(x,env)
  File "lisp2.py", line 63, in myeval
    proc=myeval(x,env)
  File "lisp2.py", line 63, in myeval
    proc=myeval(x,env)
  File "lisp2.py", line 63, in myeval
    proc=myeval(x,env)
  File "lisp2.py", line 63, in myeval
    proc=myeval(x,env)
  File "lisp2.py", line 63, in myeval
    proc=myeval(x,env)
  File "lisp2.py", line 63, in myeval
    proc=myeval(x,env)
  File "lisp2.py", line 63, in myeval
    proc=myeval(x,env)
  File "lisp2.py", line 63, in myeval
    proc=myeval(x,env)
  File "lisp2.py", line 63, in myeval
    proc=myeval(x,env)
  File "lisp2.py", line 63, in myeval
    proc=myeval(x,env)
  File "lisp2.py", line 63, in myeval
    proc=myeval(x,env)
  File "lisp2.py", line 63, in myeval
    proc=myeval(x,env)
  File "lisp2.py", line 63, in myeval
    proc=myeval(x,env)
  File "lisp2.py", line 63, in myeval
    proc=myeval(x,env)
  File "lisp2.py", line 63, in myeval
    proc=myeval(x,env)
  File "lisp2.py", line 63, in myeval
    proc=myeval(x,env)
  File "lisp2.py", line 63, in myeval
    proc=myeval(x,env)
  File "lisp2.py", line 63, in myeval
    proc=myeval(x,env)
  File "lisp2.py", line 63, in myeval
    proc=myeval(x,env)
  File "lisp2.py", line 63, in myeval
    proc=myeval(x,env)
  File "lisp2.py", line 63, in myeval
    proc=myeval(x,env)
  File "lisp2.py", line 63, in myeval
    proc=myeval(x,env)
  File "lisp2.py", line 63, in myeval
    proc=myeval(x,env)
  File "lisp2.py", line 63, in myeval
    proc=myeval(x,env)
  File "lisp2.py", line 63, in myeval
    proc=myeval(x,env)
  File "lisp2.py", line 63, in myeval
    proc=myeval(x,env)
  File "lisp2.py", line 63, in myeval
    proc=myeval(x,env)
  File "lisp2.py", line 63, in myeval
    proc=myeval(x,env)
  File "lisp2.py", line 63, in myeval
    proc=myeval(x,env)
  File "lisp2.py", line 63, in myeval
    proc=myeval(x,env)
  File "lisp2.py", line 63, in myeval
    proc=myeval(x,env)
  File "lisp2.py", line 63, in myeval
    proc=myeval(x,env)
  File "lisp2.py", line 63, in myeval
    proc=myeval(x,env)
  File "lisp2.py", line 63, in myeval
    proc=myeval(x,env)
  File "lisp2.py", line 63, in myeval
    proc=myeval(x,env)
  File "lisp2.py", line 63, in myeval
    proc=myeval(x,env)
  File "lisp2.py", line 63, in myeval
    proc=myeval(x,env)
  File "lisp2.py", line 63, in myeval
    proc=myeval(x,env)
  File "lisp2.py", line 63, in myeval
    proc=myeval(x,env)
  File "lisp2.py", line 63, in myeval
    proc=myeval(x,env)
  File "lisp2.py", line 63, in myeval
    proc=myeval(x,env)
  File "lisp2.py", line 63, in myeval
    proc=myeval(x,env)
  File "lisp2.py", line 63, in myeval
    proc=myeval(x,env)
  File "lisp2.py", line 63, in myeval
    proc=myeval(x,env)
  File "lisp2.py", line 63, in myeval
    proc=myeval(x,env)
  File "lisp2.py", line 63, in myeval
    proc=myeval(x,env)
  File "lisp2.py", line 63, in myeval
    proc=myeval(x,env)
  File "lisp2.py", line 63, in myeval
    proc=myeval(x,env)
  File "lisp2.py", line 63, in myeval
    proc=myeval(x,env)
  File "lisp2.py", line 63, in myeval
    proc=myeval(x,env)
  File "lisp2.py", line 63, in myeval
    proc=myeval(x,env)
  File "lisp2.py", line 63, in myeval
    proc=myeval(x,env)
  File "lisp2.py", line 63, in myeval
    proc=myeval(x,env)
  File "lisp2.py", line 63, in myeval
    proc=myeval(x,env)
  File "lisp2.py", line 63, in myeval
    proc=myeval(x,env)
  File "lisp2.py", line 63, in myeval
    proc=myeval(x,env)
  File "lisp2.py", line 63, in myeval
    proc=myeval(x,env)
  File "lisp2.py", line 63, in myeval
    proc=myeval(x,env)
  File "lisp2.py", line 63, in myeval
    proc=myeval(x,env)
  File "lisp2.py", line 63, in myeval
    proc=myeval(x,env)
  File "lisp2.py", line 63, in myeval
    proc=myeval(x,env)
  File "lisp2.py", line 63, in myeval
    proc=myeval(x,env)
  File "lisp2.py", line 63, in myeval
    proc=myeval(x,env)
  File "lisp2.py", line 63, in myeval
    proc=myeval(x,env)
  File "lisp2.py", line 63, in myeval
    proc=myeval(x,env)
  File "lisp2.py", line 63, in myeval
    proc=myeval(x,env)
  File "lisp2.py", line 63, in myeval
    proc=myeval(x,env)
  File "lisp2.py", line 63, in myeval
    proc=myeval(x,env)
  File "lisp2.py", line 63, in myeval
    proc=myeval(x,env)
  File "lisp2.py", line 63, in myeval
    proc=myeval(x,env)
  File "lisp2.py", line 63, in myeval
    proc=myeval(x,env)
  File "lisp2.py", line 63, in myeval
    proc=myeval(x,env)
  File "lisp2.py", line 63, in myeval
    proc=myeval(x,env)
  File "lisp2.py", line 63, in myeval
    proc=myeval(x,env)
  File "lisp2.py", line 63, in myeval
    proc=myeval(x,env)
  File "lisp2.py", line 63, in myeval
    proc=myeval(x,env)
  File "lisp2.py", line 63, in myeval
    proc=myeval(x,env)
  File "lisp2.py", line 63, in myeval
    proc=myeval(x,env)
  File "lisp2.py", line 63, in myeval
    proc=myeval(x,env)
  File "lisp2.py", line 63, in myeval
    proc=myeval(x,env)
  File "lisp2.py", line 63, in myeval
    proc=myeval(x,env)
  File "lisp2.py", line 63, in myeval
    proc=myeval(x,env)
  File "lisp2.py", line 63, in myeval
    proc=myeval(x,env)
  File "lisp2.py", line 63, in myeval
    proc=myeval(x,env)
  File "lisp2.py", line 63, in myeval
    proc=myeval(x,env)
  File "lisp2.py", line 63, in myeval
    proc=myeval(x,env)
  File "lisp2.py", line 63, in myeval
    proc=myeval(x,env)
  File "lisp2.py", line 63, in myeval
    proc=myeval(x,env)
  File "lisp2.py", line 63, in myeval
    proc=myeval(x,env)
  File "lisp2.py", line 63, in myeval
    proc=myeval(x,env)
  File "lisp2.py", line 63, in myeval
    proc=myeval(x,env)
  File "lisp2.py", line 63, in myeval
    proc=myeval(x,env)
  File "lisp2.py", line 63, in myeval
    proc=myeval(x,env)
  File "lisp2.py", line 63, in myeval
    proc=myeval(x,env)
  File "lisp2.py", line 63, in myeval
    proc=myeval(x,env)
  File "lisp2.py", line 63, in myeval
    proc=myeval(x,env)
  File "lisp2.py", line 63, in myeval
    proc=myeval(x,env)
  File "lisp2.py", line 63, in myeval
    proc=myeval(x,env)
  File "lisp2.py", line 63, in myeval
    proc=myeval(x,env)
  File "lisp2.py", line 63, in myeval
    proc=myeval(x,env)
  File "lisp2.py", line 63, in myeval
    proc=myeval(x,env)
  File "lisp2.py", line 63, in myeval
    proc=myeval(x,env)
  File "lisp2.py", line 63, in myeval
    proc=myeval(x,env)
  File "lisp2.py", line 63, in myeval
    proc=myeval(x,env)
  File "lisp2.py", line 63, in myeval
    proc=myeval(x,env)
  File "lisp2.py", line 63, in myeval
    proc=myeval(x,env)
  File "lisp2.py", line 63, in myeval
    proc=myeval(x,env)
  File "lisp2.py", line 63, in myeval
    proc=myeval(x,env)
  File "lisp2.py", line 63, in myeval
    proc=myeval(x,env)
  File "lisp2.py", line 63, in myeval
    proc=myeval(x,env)
  File "lisp2.py", line 63, in myeval
    proc=myeval(x,env)
  File "lisp2.py", line 63, in myeval
    proc=myeval(x,env)
  File "lisp2.py", line 63, in myeval
    proc=myeval(x,env)
  File "lisp2.py", line 63, in myeval
    proc=myeval(x,env)
  File "lisp2.py", line 63, in myeval
    proc=myeval(x,env)
  File "lisp2.py", line 63, in myeval
    proc=myeval(x,env)
  File "lisp2.py", line 63, in myeval
    proc=myeval(x,env)
  File "lisp2.py", line 63, in myeval
    proc=myeval(x,env)
  File "lisp2.py", line 63, in myeval
    proc=myeval(x,env)
  File "lisp2.py", line 63, in myeval
    proc=myeval(x,env)
  File "lisp2.py", line 63, in myeval
    proc=myeval(x,env)
  File "lisp2.py", line 63, in myeval
    proc=myeval(x,env)
  File "lisp2.py", line 63, in myeval
    proc=myeval(x,env)
  File "lisp2.py", line 63, in myeval
    proc=myeval(x,env)
  File "lisp2.py", line 63, in myeval
    proc=myeval(x,env)
  File "lisp2.py", line 63, in myeval
    proc=myeval(x,env)
  File "lisp2.py", line 63, in myeval
    proc=myeval(x,env)
  File "lisp2.py", line 63, in myeval
    proc=myeval(x,env)
  File "lisp2.py", line 63, in myeval
    proc=myeval(x,env)
  File "lisp2.py", line 63, in myeval
    proc=myeval(x,env)
  File "lisp2.py", line 63, in myeval
    proc=myeval(x,env)
  File "lisp2.py", line 63, in myeval
    proc=myeval(x,env)
  File "lisp2.py", line 63, in myeval
    proc=myeval(x,env)
  File "lisp2.py", line 63, in myeval
    proc=myeval(x,env)
  File "lisp2.py", line 63, in myeval
    proc=myeval(x,env)
  File "lisp2.py", line 63, in myeval
    proc=myeval(x,env)
  File "lisp2.py", line 63, in myeval
    proc=myeval(x,env)
  File "lisp2.py", line 63, in myeval
    proc=myeval(x,env)
  File "lisp2.py", line 63, in myeval
    proc=myeval(x,env)
  File "lisp2.py", line 63, in myeval
    proc=myeval(x,env)
  File "lisp2.py", line 63, in myeval
    proc=myeval(x,env)
  File "lisp2.py", line 63, in myeval
    proc=myeval(x,env)
  File "lisp2.py", line 63, in myeval
    proc=myeval(x,env)
  File "lisp2.py", line 63, in myeval
    proc=myeval(x,env)
  File "lisp2.py", line 63, in myeval
    proc=myeval(x,env)
  File "lisp2.py", line 63, in myeval
    proc=myeval(x,env)
  File "lisp2.py", line 63, in myeval
    proc=myeval(x,env)
  File "lisp2.py", line 63, in myeval
    proc=myeval(x,env)
  File "lisp2.py", line 63, in myeval
    proc=myeval(x,env)
  File "lisp2.py", line 63, in myeval
    proc=myeval(x,env)
  File "lisp2.py", line 63, in myeval
    proc=myeval(x,env)
  File "lisp2.py", line 63, in myeval
    proc=myeval(x,env)
  File "lisp2.py", line 63, in myeval
    proc=myeval(x,env)
  File "lisp2.py", line 63, in myeval
    proc=myeval(x,env)
  File "lisp2.py", line 63, in myeval
    proc=myeval(x,env)
  File "lisp2.py", line 63, in myeval
    proc=myeval(x,env)
  File "lisp2.py", line 63, in myeval
    proc=myeval(x,env)
  File "lisp2.py", line 63, in myeval
    proc=myeval(x,env)
  File "lisp2.py", line 63, in myeval
    proc=myeval(x,env)
  File "lisp2.py", line 63, in myeval
    proc=myeval(x,env)
  File "lisp2.py", line 63, in myeval
    proc=myeval(x,env)
  File "lisp2.py", line 63, in myeval
    proc=myeval(x,env)
  File "lisp2.py", line 63, in myeval
    proc=myeval(x,env)
  File "lisp2.py", line 63, in myeval
    proc=myeval(x,env)
  File "lisp2.py", line 63, in myeval
    proc=myeval(x,env)
  File "lisp2.py", line 63, in myeval
    proc=myeval(x,env)
  File "lisp2.py", line 63, in myeval
    proc=myeval(x,env)
  File "lisp2.py", line 63, in myeval
    proc=myeval(x,env)
  File "lisp2.py", line 63, in myeval
    proc=myeval(x,env)
  File "lisp2.py", line 63, in myeval
    proc=myeval(x,env)
  File "lisp2.py", line 63, in myeval
    proc=myeval(x,env)
  File "lisp2.py", line 63, in myeval
    proc=myeval(x,env)
  File "lisp2.py", line 63, in myeval
    proc=myeval(x,env)
  File "lisp2.py", line 63, in myeval
    proc=myeval(x,env)
  File "lisp2.py", line 63, in myeval
    proc=myeval(x,env)
  File "lisp2.py", line 63, in myeval
    proc=myeval(x,env)
  File "lisp2.py", line 63, in myeval
    proc=myeval(x,env)
  File "lisp2.py", line 63, in myeval
    proc=myeval(x,env)
  File "lisp2.py", line 63, in myeval
    proc=myeval(x,env)
  File "lisp2.py", line 63, in myeval
    proc=myeval(x,env)
  File "lisp2.py", line 63, in myeval
    proc=myeval(x,env)
  File "lisp2.py", line 63, in myeval
    proc=myeval(x,env)
  File "lisp2.py", line 63, in myeval
    proc=myeval(x,env)
  File "lisp2.py", line 63, in myeval
    proc=myeval(x,env)
  File "lisp2.py", line 63, in myeval
    proc=myeval(x,env)
  File "lisp2.py", line 63, in myeval
    proc=myeval(x,env)
  File "lisp2.py", line 63, in myeval
    proc=myeval(x,env)
  File "lisp2.py", line 63, in myeval
    proc=myeval(x,env)
  File "lisp2.py", line 63, in myeval
    proc=myeval(x,env)
  File "lisp2.py", line 63, in myeval
    proc=myeval(x,env)
  File "lisp2.py", line 63, in myeval
    proc=myeval(x,env)
  File "lisp2.py", line 63, in myeval
    proc=myeval(x,env)
  File "lisp2.py", line 63, in myeval
    proc=myeval(x,env)
  File "lisp2.py", line 63, in myeval
    proc=myeval(x,env)
  File "lisp2.py", line 63, in myeval
    proc=myeval(x,env)
  File "lisp2.py", line 63, in myeval
    proc=myeval(x,env)
  File "lisp2.py", line 63, in myeval
    proc=myeval(x,env)
  File "lisp2.py", line 63, in myeval
    proc=myeval(x,env)
  File "lisp2.py", line 63, in myeval
    proc=myeval(x,env)
  File "lisp2.py", line 63, in myeval
    proc=myeval(x,env)
  File "lisp2.py", line 63, in myeval
    proc=myeval(x,env)
  File "lisp2.py", line 63, in myeval
    proc=myeval(x,env)
  File "lisp2.py", line 63, in myeval
    proc=myeval(x,env)
  File "lisp2.py", line 63, in myeval
    proc=myeval(x,env)
  File "lisp2.py", line 63, in myeval
    proc=myeval(x,env)
  File "lisp2.py", line 63, in myeval
    proc=myeval(x,env)
  File "lisp2.py", line 63, in myeval
    proc=myeval(x,env)
  File "lisp2.py", line 63, in myeval
    proc=myeval(x,env)
  File "lisp2.py", line 63, in myeval
    proc=myeval(x,env)
  File "lisp2.py", line 63, in myeval
    proc=myeval(x,env)
  File "lisp2.py", line 63, in myeval
    proc=myeval(x,env)
  File "lisp2.py", line 63, in myeval
    proc=myeval(x,env)
  File "lisp2.py", line 63, in myeval
    proc=myeval(x,env)
  File "lisp2.py", line 63, in myeval
    proc=myeval(x,env)
  File "lisp2.py", line 63, in myeval
    proc=myeval(x,env)
  File "lisp2.py", line 63, in myeval
    proc=myeval(x,env)
  File "lisp2.py", line 63, in myeval
    proc=myeval(x,env)
  File "lisp2.py", line 63, in myeval
    proc=myeval(x,env)
  File "lisp2.py", line 63, in myeval
    proc=myeval(x,env)
  File "lisp2.py", line 63, in myeval
    proc=myeval(x,env)
  File "lisp2.py", line 63, in myeval
    proc=myeval(x,env)
  File "lisp2.py", line 63, in myeval
    proc=myeval(x,env)
  File "lisp2.py", line 63, in myeval
    proc=myeval(x,env)
  File "lisp2.py", line 63, in myeval
    proc=myeval(x,env)
  File "lisp2.py", line 63, in myeval
    proc=myeval(x,env)
  File "lisp2.py", line 63, in myeval
    proc=myeval(x,env)
  File "lisp2.py", line 63, in myeval
    proc=myeval(x,env)
  File "lisp2.py", line 63, in myeval
    proc=myeval(x,env)
  File "lisp2.py", line 63, in myeval
    proc=myeval(x,env)
  File "lisp2.py", line 63, in myeval
    proc=myeval(x,env)
  File "lisp2.py", line 63, in myeval
    proc=myeval(x,env)
  File "lisp2.py", line 63, in myeval
    proc=myeval(x,env)
  File "lisp2.py", line 63, in myeval
    proc=myeval(x,env)
  File "lisp2.py", line 63, in myeval
    proc=myeval(x,env)
  File "lisp2.py", line 63, in myeval
    proc=myeval(x,env)
  File "lisp2.py", line 63, in myeval
    proc=myeval(x,env)
  File "lisp2.py", line 63, in myeval
    proc=myeval(x,env)
  File "lisp2.py", line 63, in myeval
    proc=myeval(x,env)
  File "lisp2.py", line 63, in myeval
    proc=myeval(x,env)
  File "lisp2.py", line 63, in myeval
    proc=myeval(x,env)
  File "lisp2.py", line 63, in myeval
    proc=myeval(x,env)
  File "lisp2.py", line 63, in myeval
    proc=myeval(x,env)
  File "lisp2.py", line 63, in myeval
    proc=myeval(x,env)
  File "lisp2.py", line 63, in myeval
    proc=myeval(x,env)
  File "lisp2.py", line 63, in myeval
    proc=myeval(x,env)
  File "lisp2.py", line 63, in myeval
    proc=myeval(x,env)
  File "lisp2.py", line 63, in myeval
    proc=myeval(x,env)
  File "lisp2.py", line 63, in myeval
    proc=myeval(x,env)
  File "lisp2.py", line 63, in myeval
    proc=myeval(x,env)
  File "lisp2.py", line 63, in myeval
    proc=myeval(x,env)
  File "lisp2.py", line 63, in myeval
    proc=myeval(x,env)
  File "lisp2.py", line 63, in myeval
    proc=myeval(x,env)
  File "lisp2.py", line 63, in myeval
    proc=myeval(x,env)
  File "lisp2.py", line 63, in myeval
    proc=myeval(x,env)
  File "lisp2.py", line 63, in myeval
    proc=myeval(x,env)
  File "lisp2.py", line 63, in myeval
    proc=myeval(x,env)
  File "lisp2.py", line 63, in myeval
    proc=myeval(x,env)
  File "lisp2.py", line 63, in myeval
    proc=myeval(x,env)
  File "lisp2.py", line 63, in myeval
    proc=myeval(x,env)
  File "lisp2.py", line 63, in myeval
    proc=myeval(x,env)
  File "lisp2.py", line 63, in myeval
    proc=myeval(x,env)
  File "lisp2.py", line 63, in myeval
    proc=myeval(x,env)
  File "lisp2.py", line 63, in myeval
    proc=myeval(x,env)
  File "lisp2.py", line 63, in myeval
    proc=myeval(x,env)
  File "lisp2.py", line 63, in myeval
    proc=myeval(x,env)
  File "lisp2.py", line 63, in myeval
    proc=myeval(x,env)
  File "lisp2.py", line 63, in myeval
    proc=myeval(x,env)
  File "lisp2.py", line 63, in myeval
    proc=myeval(x,env)
  File "lisp2.py", line 63, in myeval
    proc=myeval(x,env)
  File "lisp2.py", line 63, in myeval
    proc=myeval(x,env)
  File "lisp2.py", line 63, in myeval
    proc=myeval(x,env)
  File "lisp2.py", line 63, in myeval
    proc=myeval(x,env)
  File "lisp2.py", line 63, in myeval
    proc=myeval(x,env)
  File "lisp2.py", line 63, in myeval
    proc=myeval(x,env)
  File "lisp2.py", line 63, in myeval
    proc=myeval(x,env)
  File "lisp2.py", line 63, in myeval
    proc=myeval(x,env)
  File "lisp2.py", line 63, in myeval
    proc=myeval(x,env)
  File "lisp2.py", line 63, in myeval
    proc=myeval(x,env)
  File "lisp2.py", line 63, in myeval
    proc=myeval(x,env)
  File "lisp2.py", line 63, in myeval
    proc=myeval(x,env)
  File "lisp2.py", line 63, in myeval
    proc=myeval(x,env)
  File "lisp2.py", line 63, in myeval
    proc=myeval(x,env)
  File "lisp2.py", line 63, in myeval
    proc=myeval(x,env)
  File "lisp2.py", line 63, in myeval
    proc=myeval(x,env)
  File "lisp2.py", line 63, in myeval
    proc=myeval(x,env)
  File "lisp2.py", line 63, in myeval
    proc=myeval(x,env)
  File "lisp2.py", line 63, in myeval
    proc=myeval(x,env)
  File "lisp2.py", line 63, in myeval
    proc=myeval(x,env)
  File "lisp2.py", line 63, in myeval
    proc=myeval(x,env)
  File "lisp2.py", line 63, in myeval
    proc=myeval(x,env)
  File "lisp2.py", line 63, in myeval
    proc=myeval(x,env)
  File "lisp2.py", line 63, in myeval
    proc=myeval(x,env)
  File "lisp2.py", line 63, in myeval
    proc=myeval(x,env)
  File "lisp2.py", line 63, in myeval
    proc=myeval(x,env)
  File "lisp2.py", line 63, in myeval
    proc=myeval(x,env)
  File "lisp2.py", line 63, in myeval
    proc=myeval(x,env)
  File "lisp2.py", line 63, in myeval
    proc=myeval(x,env)
  File "lisp2.py", line 63, in myeval
    proc=myeval(x,env)
  File "lisp2.py", line 63, in myeval
    proc=myeval(x,env)
  File "lisp2.py", line 63, in myeval
    proc=myeval(x,env)
  File "lisp2.py", line 63, in myeval
    proc=myeval(x,env)
  File "lisp2.py", line 63, in myeval
    proc=myeval(x,env)
  File "lisp2.py", line 63, in myeval
    proc=myeval(x,env)
  File "lisp2.py", line 63, in myeval
    proc=myeval(x,env)
  File "lisp2.py", line 63, in myeval
    proc=myeval(x,env)
  File "lisp2.py", line 63, in myeval
    proc=myeval(x,env)
  File "lisp2.py", line 63, in myeval
    proc=myeval(x,env)
  File "lisp2.py", line 63, in myeval
    proc=myeval(x,env)
  File "lisp2.py", line 63, in myeval
    proc=myeval(x,env)
  File "lisp2.py", line 63, in myeval
    proc=myeval(x,env)
  File "lisp2.py", line 63, in myeval
    proc=myeval(x,env)
  File "lisp2.py", line 63, in myeval
    proc=myeval(x,env)
  File "lisp2.py", line 63, in myeval
    proc=myeval(x,env)
  File "lisp2.py", line 63, in myeval
    proc=myeval(x,env)
  File "lisp2.py", line 63, in myeval
    proc=myeval(x,env)
  File "lisp2.py", line 63, in myeval
    proc=myeval(x,env)
  File "lisp2.py", line 63, in myeval
    proc=myeval(x,env)
  File "lisp2.py", line 63, in myeval
    proc=myeval(x,env)
  File "lisp2.py", line 63, in myeval
    proc=myeval(x,env)
  File "lisp2.py", line 63, in myeval
    proc=myeval(x,env)
  File "lisp2.py", line 63, in myeval
    proc=myeval(x,env)
  File "lisp2.py", line 63, in myeval
    proc=myeval(x,env)
  File "lisp2.py", line 63, in myeval
    proc=myeval(x,env)
  File "lisp2.py", line 63, in myeval
    proc=myeval(x,env)
  File "lisp2.py", line 63, in myeval
    proc=myeval(x,env)
  File "lisp2.py", line 63, in myeval
    proc=myeval(x,env)
  File "lisp2.py", line 63, in myeval
    proc=myeval(x,env)
  File "lisp2.py", line 63, in myeval
    proc=myeval(x,env)
  File "lisp2.py", line 63, in myeval
    proc=myeval(x,env)
  File "lisp2.py", line 63, in myeval
    proc=myeval(x,env)
  File "lisp2.py", line 63, in myeval
    proc=myeval(x,env)
  File "lisp2.py", line 63, in myeval
    proc=myeval(x,env)
  File "lisp2.py", line 63, in myeval
    proc=myeval(x,env)
  File "lisp2.py", line 54, in myeval
    if x[0] == 'if':
RuntimeError: maximum recursion depth exceeded in comparison
yj@Air:scheme $ python3 lisp2.py
python3 lisp2.py
None
100
yj@Air:scheme $ python3 lisp.py
python3 lisp.py
None
100
Traceback (most recent call last):
  File "lisp.py", line 104, in <module>
    print(scheme_eval(parse(s3)))
  File "lisp.py", line 71, in scheme_eval
    (_,var,exp) = x
ValueError: too many values to unpack (expected 3)
yj@Air:scheme $ 

yj@Air:scheme $ python3 lisp.py
python3 lisp.py
None
100
None
yj@Air:scheme $ python3 lisp.py
python3 lisp.py
None
100
None
Traceback (most recent call last):
  File "lisp.py", line 106, in <module>
    print(scheme_eval(parse(s4)))
  File "lisp.py", line 82, in scheme_eval
    return proc(*args)
  File "lisp.py", line 14, in __call__
    return eval(self.body,Env(self.parms,args,self.env))
AttributeError: 'Procedure' object has no attribute 'body'
yj@Air:scheme $ python3 lisp.py
python3 lisp.py
None
100
None
Traceback (most recent call last):
  File "lisp.py", line 106, in <module>
    print(scheme_eval(parse(s4)))
  File "lisp.py", line 82, in scheme_eval
    return proc(*args)
  File "lisp.py", line 14, in __call__
    return eval(self.body,Env(self.parms,args,self.env))
TypeError: eval() arg 1 must be a string, bytes or code object
yj@Air:scheme $ 

yj@Air:scheme $ 

yj@Air:scheme $ python3 lisp.py
python3 lisp.py
None
100
None
Traceback (most recent call last):
  File "lisp.py", line 106, in <module>
    print(scheme_eval(parse(s4)))
  File "lisp.py", line 82, in scheme_eval
    return proc(*args)
  File "lisp.py", line 14, in __call__
    return scheme_eval(self.body,Env(self.parms,args,self.env))
  File "lisp.py", line 81, in scheme_eval
    args = [scheme_eval(arg,env) for arg in x[1:]]
  File "lisp.py", line 81, in <listcomp>
    args = [scheme_eval(arg,env) for arg in x[1:]]
  File "lisp.py", line 57, in scheme_eval
    return env.find(x)[x]
  File "lisp.py", line 9, in find
    return self if (var in self) else self.outer.find(var)
  File "lisp.py", line 9, in find
    return self if (var in self) else self.outer.find(var)
AttributeError: 'NoneType' object has no attribute 'find'
yj@Air:scheme $ python3 lisp.py
python3 lisp.py
None
100
None
Traceback (most recent call last):
  File "lisp.py", line 106, in <module>
    print(scheme_eval(parse(s4)))
  File "lisp.py", line 82, in scheme_eval
    return proc(*args)
  File "lisp.py", line 14, in __call__
    return scheme_eval(self.body,Env(self.parms,args,self.env))
  File "lisp.py", line 81, in scheme_eval
    args = [scheme_eval(arg,env) for arg in x[1:]]
  File "lisp.py", line 81, in <listcomp>
    args = [scheme_eval(arg,env) for arg in x[1:]]
  File "lisp.py", line 57, in scheme_eval
    return env.find(x)[x]
  File "lisp.py", line 9, in find
    return self if (var in self) else self.outer.find(var)
  File "lisp.py", line 9, in find
    return self if (var in self) else self.outer.find(var)
AttributeError: 'NoneType' object has no attribute 'find'
yj@Air:scheme $ python3 -m pdb lisp.py
python3 -m pdb lisp.py
> /Users/yj/cmu/scheme/lisp.py(1)<module>()
-> Number = (int,float)
(Pdb) b scheme_eval if x[0] == "test"
b scheme_eval if x[0] == "test"
*** The specified object 'scheme_eval if x[0] == "test"' is not a function or was not found along sys.path.
(Pdb) help b
help b
b(reak) [ ([filename:]lineno | function) [, condition] ]
        Without argument, list all breaks.

        With a line number argument, set a break at this line in the
        current file.  With a function name, set a break at the first
        executable line of that function.  If a second argument is
        present, it is a string specifying an expression which must
        evaluate to true before the breakpoint is honored.

        The line number may be prefixed with a filename and a colon,
        to specify a breakpoint in another file (probably one that
        hasn't been loaded yet).  The file is searched for on
        sys.path; the .py suffix may be omitted.
(Pdb) b scheme_eval condition x[0] == "test"
b scheme_eval condition x[0] == "test"
*** The specified object 'scheme_eval condition x[0] == "test"' is not a function or was not found along sys.path.
(Pdb) b scheme_eval,x[0] == "test"
b scheme_eval,x[0] == "test"
Breakpoint 1 at /Users/yj/cmu/scheme/lisp.py:54
(Pdb) r
r
> /Users/yj/cmu/scheme/lisp.py(55)scheme_eval()
-> if not isinstance(x,List):
(Pdb) p x
p x
10
(Pdb) n
n
> /Users/yj/cmu/scheme/lisp.py(56)scheme_eval()
-> if isinstance(x,Symbol):
(Pdb) n
n
> /Users/yj/cmu/scheme/lisp.py(58)scheme_eval()
-> elif isinstance(x,Number):
(Pdb) break
break
Num Type         Disp Enb   Where
1   breakpoint   keep yes   at /Users/yj/cmu/scheme/lisp.py:54
	stop only if x[0] == "test"
	breakpoint already hit 2 times
(Pdb) p x
p x
10
(Pdb) c
c
None
100
None
> /Users/yj/cmu/scheme/lisp.py(55)scheme_eval()
-> if not isinstance(x,List):
(Pdb) p x
p x
['test', 10, 20]
(Pdb) n
n
> /Users/yj/cmu/scheme/lisp.py(63)scheme_eval()
-> if x[0] == 'quote':
(Pdb) n
n
> /Users/yj/cmu/scheme/lisp.py(66)scheme_eval()
-> elif x[0] == 'if':
(Pdb) n
n
> /Users/yj/cmu/scheme/lisp.py(70)scheme_eval()
-> elif x[0] == 'define':
(Pdb) n
n
> /Users/yj/cmu/scheme/lisp.py(73)scheme_eval()
-> elif x[0] == 'set!':
(Pdb) n
n
> /Users/yj/cmu/scheme/lisp.py(76)scheme_eval()
-> elif x[0] == 'lambda':
(Pdb) n
n
> /Users/yj/cmu/scheme/lisp.py(80)scheme_eval()
-> proc = scheme_eval(x[0],env)
(Pdb) p env
p env
{'test': <__main__.Procedure object at 0x109b80940>, '/': <built-in function truediv>, '-': <built-in function sub>, '+': <built-in function add>, '*': <built-in function mul>, 'r': 10}
(Pdb) p vars(env)
p vars(env)
{'outer': None}
(Pdb) p dir(env)
p dir(env)
['__class__', '__contains__', '__delattr__', '__delitem__', '__dict__', '__dir__', '__doc__', '__eq__', '__format__', '__ge__', '__getattribute__', '__getitem__', '__gt__', '__hash__', '__init__', '__iter__', '__le__', '__len__', '__lt__', '__module__', '__ne__', '__new__', '__reduce__', '__reduce_ex__', '__repr__', '__setattr__', '__setitem__', '__sizeof__', '__str__', '__subclasshook__', '__weakref__', 'clear', 'copy', 'find', 'fromkeys', 'get', 'items', 'keys', 'outer', 'pop', 'popitem', 'setdefault', 'update', 'values']
(Pdb) l
l
 75  	            env.find(var)[var]=scheme_eval(exp,env)
 76  	        elif x[0] == 'lambda':
 77  	            (_,parms,body) = x
 78  	            return Procedure(parms,body,env)
 79  	        else:
 80  ->	            proc = scheme_eval(x[0],env)
 81  	            args = [scheme_eval(arg,env) for arg in x[1:]]
 82  	            return proc(*args)
 83  	def repl(prompt='scm> '):
 84  	    while True:
 85  	        try:
(Pdb) s
s
--Call--
> /Users/yj/cmu/scheme/lisp.py(54)scheme_eval()
-> def scheme_eval(x,env=global_env):
(Pdb) n
n
> /Users/yj/cmu/scheme/lisp.py(55)scheme_eval()
-> if not isinstance(x,List):
(Pdb) n
n
> /Users/yj/cmu/scheme/lisp.py(56)scheme_eval()
-> if isinstance(x,Symbol):
(Pdb) p x
p x
'test'
(Pdb) n
n
> /Users/yj/cmu/scheme/lisp.py(57)scheme_eval()
-> return env.find(x)[x]
(Pdb) s
s
--Call--
> /Users/yj/cmu/scheme/lisp.py(8)find()
-> def find(self,var):
(Pdb) n
n
> /Users/yj/cmu/scheme/lisp.py(9)find()
-> return self if (var in self) else self.outer.find(var)
(Pdb) p var
p var
'test'
(Pdb) p self
p self
{'test': <__main__.Procedure object at 0x109b80940>, '/': <built-in function truediv>, '-': <built-in function sub>, '+': <built-in function add>, '*': <built-in function mul>, 'r': 10}
(Pdb) p var in self
p var in self
True
(Pdb) n
n
--Return--
> /Users/yj/cmu/scheme/lisp.py(9)find()->{'test': <__m...mul>, 'r': 10}
-> return self if (var in self) else self.outer.find(var)
(Pdb) n
n
--Return--
> /Users/yj/cmu/scheme/lisp.py(57)scheme_eval()-><__main__.Pro...t 0x109b80940>
-> return env.find(x)[x]
(Pdb) p x
p x
'test'
(Pdb) n
n
> /Users/yj/cmu/scheme/lisp.py(81)scheme_eval()
-> args = [scheme_eval(arg,env) for arg in x[1:]]
(Pdb) n
n
> /Users/yj/cmu/scheme/lisp.py(55)scheme_eval()
-> if not isinstance(x,List):
(Pdb) n
n
> /Users/yj/cmu/scheme/lisp.py(56)scheme_eval()
-> if isinstance(x,Symbol):
(Pdb) n
n
> /Users/yj/cmu/scheme/lisp.py(58)scheme_eval()
-> elif isinstance(x,Number):
(Pdb) n
n
> /Users/yj/cmu/scheme/lisp.py(59)scheme_eval()
-> return x
(Pdb) n
n
--Return--
> /Users/yj/cmu/scheme/lisp.py(59)scheme_eval()->10
-> return x
(Pdb) p x
p x
10
(Pdb) n
n
> /Users/yj/cmu/scheme/lisp.py(81)<listcomp>()
-> args = [scheme_eval(arg,env) for arg in x[1:]]
(Pdb) n
n
> /Users/yj/cmu/scheme/lisp.py(55)scheme_eval()
-> if not isinstance(x,List):
(Pdb) n
n
> /Users/yj/cmu/scheme/lisp.py(56)scheme_eval()
-> if isinstance(x,Symbol):
(Pdb) n
n
> /Users/yj/cmu/scheme/lisp.py(58)scheme_eval()
-> elif isinstance(x,Number):
(Pdb) n
n
> /Users/yj/cmu/scheme/lisp.py(59)scheme_eval()
-> return x
(Pdb) n
n
--Return--
> /Users/yj/cmu/scheme/lisp.py(59)scheme_eval()->20
-> return x
(Pdb) n
n
> /Users/yj/cmu/scheme/lisp.py(81)<listcomp>()
-> args = [scheme_eval(arg,env) for arg in x[1:]]
(Pdb) n
n
--Return--
> /Users/yj/cmu/scheme/lisp.py(81)<listcomp>()->[10, 20]
-> args = [scheme_eval(arg,env) for arg in x[1:]]
(Pdb) p args
p args
*** NameError: name 'args' is not defined
(Pdb) n
n
> /Users/yj/cmu/scheme/lisp.py(82)scheme_eval()
-> return proc(*args)
(Pdb) p args
p args
[10, 20]
(Pdb) p proc
p proc
<__main__.Procedure object at 0x109b80940>
(Pdb) s
s
--Call--
> /Users/yj/cmu/scheme/lisp.py(13)__call__()
-> def __call__(self,*args):
(Pdb) n
n
> /Users/yj/cmu/scheme/lisp.py(14)__call__()
-> return scheme_eval(self.body,Env(self.parms,args,self.env))
(Pdb) s
s
--Call--
> /Users/yj/cmu/scheme/lisp.py(5)__init__()
-> def __init__(self,parms=(),args=(),outer=None):
(Pdb) n
n
> /Users/yj/cmu/scheme/lisp.py(6)__init__()
-> self.update(zip(parms,args))
(Pdb) p parms
p parms
['x,y']
(Pdb) p 
p 
*** SyntaxError: unexpected EOF while parsing
(Pdb) 
yj@Air:scheme $ python3 lisp.py
python3 lisp.py
None
100
None
200
yj@Air:scheme $ python3 lisp.py
python3 lisp.py
None
100
None
200
yj@Air:scheme $ python3 lisp.py
python3 lisp.py
None
100
None
200
yj@Air:scheme $ python3 lisp2.py
python3 lisp2.py
Traceback (most recent call last):
  File "lisp2.py", line 10, in <module>
    class Procedure(self):
NameError: name 'self' is not defined
yj@Air:scheme $ python3 lisp2.py
python3 lisp2.py
Traceback (most recent call last):
  File "lisp2.py", line 84, in <module>
    print(scheme_eval(parse(s1)))
NameError: name 'scheme_eval' is not defined
yj@Air:scheme $ python3 lisp2.py
python3 lisp2.py
Traceback (most recent call last):
  File "lisp2.py", line 84, in <module>
    print(myeval(parse(s1)))
  File "lisp2.py", line 31, in parse
    return expr(tokens)
  File "lisp2.py", line 36, in expr
    return list_expr(tokens)
  File "lisp2.py", line 41, in list_expr
    tokens.pop(0)
AttributeError: 'str' object has no attribute 'pop'
yj@Air:scheme $ python3 lisp2.py
python3 lisp2.py
Traceback (most recent call last):
  File "lisp2.py", line 84, in <module>
    print(myeval(parse(s1)))
  File "lisp2.py", line 31, in parse
    return expr(tokens)
  File "lisp2.py", line 36, in expr
    return list_expr(tokens)
  File "lisp2.py", line 41, in list_expr
    tokens.pop(0)
AttributeError: 'str' object has no attribute 'pop'
yj@Air:scheme $ python3 lisp2.py
python3 lisp2.py
Traceback (most recent call last):
  File "lisp2.py", line 84, in <module>
    print(myeval(parse(s1)))
  File "lisp2.py", line 31, in parse
    return expr(tokens)
  File "lisp2.py", line 36, in expr
    return list_expr(tokens)
  File "lisp2.py", line 41, in list_expr
    tokens.pop(0)
AttributeError: 'str' object has no attribute 'pop'
yj@Air:scheme $ python3 lisp2.py
python3 lisp2.py
None
100
yj@Air:scheme $ python3 lisp2.py
python3 lisp2.py
None
100
None
Traceback (most recent call last):
  File "lisp2.py", line 87, in <module>
    print(myeval(parse(s4)))
  File "lisp2.py", line 79, in myeval
    return proc(*args)
  File "lisp2.py", line 14, in __call__
    args=map(myeval,args,env)
TypeError: 'int' object is not iterable
yj@Air:scheme $ python3 lisp2.py
python3 lisp2.py
None
100
None
Traceback (most recent call last):
  File "lisp2.py", line 86, in <module>
    print(myeval(parse(s4)))
  File "lisp2.py", line 78, in myeval
    return proc(*args)
  File "lisp2.py", line 14, in __call__
    return myeval(body,Env(self.parms,args,self.env))
NameError: name 'body' is not defined
yj@Air:scheme $ python3 lisp2.py
python3 lisp2.py
None
100
None
Traceback (most recent call last):
  File "lisp2.py", line 86, in <module>
    print(myeval(parse(s4)))
  File "lisp2.py", line 78, in myeval
    return proc(*args)
  File "lisp2.py", line 14, in __call__
    return myeval(self.body,Env(self.parms,args,self.env))
  File "lisp2.py", line 7, in __init__
    self.update(zip(parms,args))
TypeError: zip argument #2 must support iteration
yj@Air:scheme $ python3 -m pdb lisp2.py
python3 -m pdb lisp2.py
> /Users/yj/cmu/scheme/lisp2.py(1)<module>()
-> Number = (int,float)
(Pdb) b 86
b 86
Breakpoint 1 at /Users/yj/cmu/scheme/lisp2.py:86
(Pdb) r
r
None
100
None
> /Users/yj/cmu/scheme/lisp2.py(86)<module>()
-> print(myeval(parse(s4)))
(Pdb) s
s
--Call--
> /Users/yj/cmu/scheme/lisp2.py(29)parse()
-> def parse(program):
(Pdb) n
n
> /Users/yj/cmu/scheme/lisp2.py(30)parse()
-> return expr(tokenize(program))
(Pdb) s
s
--Call--
> /Users/yj/cmu/scheme/lisp2.py(27)tokenize()
-> def tokenize(chars):
(Pdb) n
n
> /Users/yj/cmu/scheme/lisp2.py(28)tokenize()
-> return chars.replace('(',' ( ').replace(')',' ) ').split()
(Pdb) n
n
--Return--
> /Users/yj/cmu/scheme/lisp2.py(28)tokenize()->['(', 'test', '10', '20', ')']
-> return chars.replace('(',' ( ').replace(')',' ) ').split()
(Pdb) n
n
--Call--
> /Users/yj/cmu/scheme/lisp2.py(31)expr()
-> def expr(tokens):
(Pdb) n
n
> /Users/yj/cmu/scheme/lisp2.py(32)expr()
-> if not tokens:
(Pdb) u
u
> /Users/yj/cmu/scheme/lisp2.py(30)parse()
-> return expr(tokenize(program))
(Pdb) s
s
> /Users/yj/cmu/scheme/lisp2.py(34)expr()
-> if tokens[0] == '(':
(Pdb) n
n
> /Users/yj/cmu/scheme/lisp2.py(35)expr()
-> return list_expr(tokens)
(Pdb) n
n
--Return--
> /Users/yj/cmu/scheme/lisp2.py(35)expr()->['test', 10, 20]
-> return list_expr(tokens)
(Pdb) b myeval
b myeval
Breakpoint 2 at /Users/yj/cmu/scheme/lisp2.py:53
(Pdb) c
c
> /Users/yj/cmu/scheme/lisp2.py(54)myeval()
-> if not x:
(Pdb) n
n
> /Users/yj/cmu/scheme/lisp2.py(56)myeval()
-> if not isinstance(x,List):
(Pdb) p x
p x
['test', 10, 20]
(Pdb) n
n
> /Users/yj/cmu/scheme/lisp2.py(64)myeval()
-> if x[0] == 'if':
(Pdb) 

> /Users/yj/cmu/scheme/lisp2.py(68)myeval()
-> elif x[0] == 'define':
(Pdb) 

> /Users/yj/cmu/scheme/lisp2.py(71)myeval()
-> elif x[0] == 'lambda':
(Pdb) 

> /Users/yj/cmu/scheme/lisp2.py(75)myeval()
-> proc,*args=x
(Pdb) 

> /Users/yj/cmu/scheme/lisp2.py(76)myeval()
-> proc=myeval(proc,env)
(Pdb) p proc
p proc
'test'
(Pdb) p args
p args
[10, 20]
(Pdb) n
n
> /Users/yj/cmu/scheme/lisp2.py(54)myeval()
-> if not x:
(Pdb) p proc
p proc
*** NameError: name 'proc' is not defined
(Pdb) p proc
p proc
*** NameError: name 'proc' is not defined
(Pdb) n
n
> /Users/yj/cmu/scheme/lisp2.py(56)myeval()
-> if not isinstance(x,List):
(Pdb) n
n
> /Users/yj/cmu/scheme/lisp2.py(57)myeval()
-> if isinstance(x,Number):
(Pdb) p x
p x
'test'
(Pdb) n
n
> /Users/yj/cmu/scheme/lisp2.py(59)myeval()
-> elif isinstance(x,Symbol):
(Pdb) n
n
> /Users/yj/cmu/scheme/lisp2.py(60)myeval()
-> return env.find(x)[x]
(Pdb) n
n
--Return--
> /Users/yj/cmu/scheme/lisp2.py(60)myeval()-><__main__.Pro...t 0x10288b6d8>
-> return env.find(x)[x]
(Pdb) n
n
> /Users/yj/cmu/scheme/lisp2.py(77)myeval()
-> args=map(myeval,args)
(Pdb) p args
p args
[10, 20]
(Pdb) p myeval
p myeval
<function myeval at 0x1027d58c8>
(Pdb) n
n
> /Users/yj/cmu/scheme/lisp2.py(78)myeval()
-> return proc(*args)
(Pdb) p args
p args
<map object at 0x10288b9b0>
(Pdb) 
yj@Air:scheme $ python3 lisp2.py
python3 lisp2.py
None
Traceback (most recent call last):
  File "lisp2.py", line 84, in <module>
    print(myeval(parse(s2)))
  File "lisp2.py", line 78, in myeval
    return proc(*args)
TypeError: can't multiply sequence by non-int of type 'str'
yj@Air:scheme $ 

yj@Air:scheme $ python3 lisp2.py
python3 lisp2.py
None
Traceback (most recent call last):
  File "lisp2.py", line 83, in <module>
    print(myeval(parse(s2)))
  File "lisp2.py", line 77, in myeval
    return proc(*args)
TypeError: op_mul expected 2 arguments, got 1
yj@Air:scheme $ python3 lisp2.py
python3 lisp2.py
None
Traceback (most recent call last):
  File "lisp2.py", line 83, in <module>
    print(myeval(parse(s2)))
  File "lisp2.py", line 77, in myeval
    return proc(*args)
TypeError: op_mul expected 2 arguments, got 1
yj@Air:scheme $ python3 lisp2.py
python3 lisp2.py
None
100
None
Traceback (most recent call last):
  File "lisp2.py", line 85, in <module>
    print(myeval(parse(s4)))
  File "lisp2.py", line 77, in myeval
    return proc(*args)
  File "lisp2.py", line 14, in __call__
    return myeval(self.body,Env(self.parms,args,self.env))
  File "lisp2.py", line 7, in __init__
    self.update(zip(parms,args))
TypeError: zip argument #2 must support iteration
yj@Air:scheme $ python3 -i  lisp2.py
python3 -i  lisp2.py
None
100
None
Traceback (most recent call last):
  File "lisp2.py", line 85, in <module>
    print(myeval(parse(s4)))
  File "lisp2.py", line 77, in myeval
    return proc(*args)
  File "lisp2.py", line 14, in __call__
    return myeval(self.body,Env(self.parms,args,self.env))
  File "lisp2.py", line 7, in __init__
    self.update(zip(parms,args))
TypeError: zip argument #2 must support iteration
>>> where
where
Traceback (most recent call last):
  File "<stdin>", line 1, in <module>
NameError: name 'where' is not defined
>>> p parms
p parms
  File "<stdin>", line 1
    p parms
          ^
SyntaxError: invalid syntax
>>> 
yj@Air:scheme $ python3 -m pdb lisp2.py
python3 -m pdb lisp2.py
> /Users/yj/cmu/scheme/lisp2.py(1)<module>()
-> Number = (int,float)
(Pdb) 
yj@Air:scheme $ python3 -m pdb lisp2.py
python3 -m pdb lisp2.py
> /Users/yj/cmu/scheme/lisp2.py(1)<module>()
-> Number = (int,float)
(Pdb) 
yj@Air:scheme $ python3 lisp2.py
python3 lisp2.py
None
100
None
Traceback (most recent call last):
  File "lisp2.py", line 85, in <module>
    print(myeval(parse(s4)))
  File "lisp2.py", line 77, in myeval
    return proc(*args)
  File "lisp2.py", line 14, in __call__
    return myeval(self.body,Env(self.parms,args,self.env))
  File "lisp2.py", line 76, in myeval
    args=[myeval(arg,env) for arg in x[1:]]
  File "lisp2.py", line 76, in <listcomp>
    args=[myeval(arg,env) for arg in x[1:]]
  File "lisp2.py", line 60, in myeval
    return env.find(x)[x]
  File "lisp2.py", line 9, in find
    return self if (var in self) else self.outer.find(var)
  File "lisp2.py", line 9, in find
    return self if (var in self) else self.outer.find(var)
AttributeError: 'NoneType' object has no attribute 'find'
yj@Air:scheme $ python3 -m pdb lisp2.py
python3 -m pdb lisp2.py
> /Users/yj/cmu/scheme/lisp2.py(1)<module>()
-> Number = (int,float)
(Pdb) b 85
b 85
Breakpoint 1 at /Users/yj/cmu/scheme/lisp2.py:85
(Pdb) r
r
None
100
None
> /Users/yj/cmu/scheme/lisp2.py(85)<module>()
-> print(myeval(parse(s4)))
(Pdb) b myeval
b myeval
Breakpoint 2 at /Users/yj/cmu/scheme/lisp2.py:53
(Pdb) c
c
> /Users/yj/cmu/scheme/lisp2.py(54)myeval()
-> if not x:
(Pdb) p x
p x
['test', 10, 20]
(Pdb) n
n
> /Users/yj/cmu/scheme/lisp2.py(56)myeval()
-> if not isinstance(x,List):
(Pdb) n
n
> /Users/yj/cmu/scheme/lisp2.py(64)myeval()
-> if x[0] == 'if':
(Pdb) n
n
> /Users/yj/cmu/scheme/lisp2.py(68)myeval()
-> elif x[0] == 'define':
(Pdb) n
n
> /Users/yj/cmu/scheme/lisp2.py(71)myeval()
-> elif x[0] == 'lambda':
(Pdb) n
n
> /Users/yj/cmu/scheme/lisp2.py(75)myeval()
-> proc=myeval(x[0],env)
(Pdb) n
n
> /Users/yj/cmu/scheme/lisp2.py(54)myeval()
-> if not x:
(Pdb) p proc
p proc
*** NameError: name 'proc' is not defined
(Pdb)n
n
> /Users/yj/cmu/scheme/lisp2.py(56)myeval()
-> if not isinstance(x,List):
(Pdb) n
n
> /Users/yj/cmu/scheme/lisp2.py(57)myeval()
-> if isinstance(x,Number):
(Pdb) n
n
> /Users/yj/cmu/scheme/lisp2.py(59)myeval()
-> elif isinstance(x,Symbol):
(Pdb) n
n
> /Users/yj/cmu/scheme/lisp2.py(60)myeval()
-> return env.find(x)[x]
(Pdb) n
n
--Return--
> /Users/yj/cmu/scheme/lisp2.py(60)myeval()-><__main__.Pro...t 0x10581e710>
-> return env.find(x)[x]
(Pdb) n
n
> /Users/yj/cmu/scheme/lisp2.py(76)myeval()
-> args=[myeval(arg,env) for arg in x[1:]]
(Pdb) p proc
p proc
<__main__.Procedure object at 0x10581e710>
(Pdb) p x
p x
['test', 10, 20]
(Pdb) n
n
> /Users/yj/cmu/scheme/lisp2.py(54)myeval()
-> if not x:
(Pdb) n
n
> /Users/yj/cmu/scheme/lisp2.py(56)myeval()
-> if not isinstance(x,List):
(Pdb) n
n
> /Users/yj/cmu/scheme/lisp2.py(57)myeval()
-> if isinstance(x,Number):
(Pdb) n
n
> /Users/yj/cmu/scheme/lisp2.py(58)myeval()
-> return x
(Pdb) n
n
--Return--
> /Users/yj/cmu/scheme/lisp2.py(58)myeval()->10
-> return x
(Pdb) n
n
> /Users/yj/cmu/scheme/lisp2.py(76)<listcomp>()
-> args=[myeval(arg,env) for arg in x[1:]]
(Pdb) n
n
> /Users/yj/cmu/scheme/lisp2.py(54)myeval()
-> if not x:
(Pdb) n
n
> /Users/yj/cmu/scheme/lisp2.py(56)myeval()
-> if not isinstance(x,List):
(Pdb) n
n
> /Users/yj/cmu/scheme/lisp2.py(57)myeval()
-> if isinstance(x,Number):
(Pdb) n
n
> /Users/yj/cmu/scheme/lisp2.py(58)myeval()
-> return x
(Pdb) n
n
--Return--
> /Users/yj/cmu/scheme/lisp2.py(58)myeval()->20
-> return x
(Pdb) n
n
> /Users/yj/cmu/scheme/lisp2.py(76)<listcomp>()
-> args=[myeval(arg,env) for arg in x[1:]]
(Pdb) n
n
--Return--
> /Users/yj/cmu/scheme/lisp2.py(76)<listcomp>()->[10, 20]
-> args=[myeval(arg,env) for arg in x[1:]]
(Pdb) n
n
> /Users/yj/cmu/scheme/lisp2.py(77)myeval()
-> return proc(*args)
(Pdb) p args
p args
[10, 20]
(Pdb) s
s
--Call--
> /Users/yj/cmu/scheme/lisp2.py(13)__call__()
-> def __call__(self,*args):
(Pdb) n
n
> /Users/yj/cmu/scheme/lisp2.py(14)__call__()
-> return myeval(self.body,Env(self.parms,args,self.env))
(Pdb) p args
p args
(10, 20)
(Pdb) p self.parms
p self.parms
['*', 'x', 'y']
(Pdb) p self.body
p self.body
['x', 'y']
(Pdb) 
yj@Air:scheme $ python3 lisp2.py
python3 lisp2.py
None
100
None
200
yj@Air:scheme $ rust
rust
bash: rust: command not found
yj@Air:scheme $ rust
rust
bash: rust: command not found
yj@Air:scheme $ ls
ls
__pycache__		my_cal.py~		scheme_primitives.py
autograder.py		mycal2.py		scheme_reader.py
buffer.py		mycal2.py~		scheme_reader.py~
cal2.py			mycal3.py		scheme_test.py
cal2.py~		mycal3.py~		scheme_tokens.py
cal3.py			mycal4.py		scheme_tokens.py~
cal3.py~		mycal4.py~		simple_calc.py
calc.py			parser.py		simple_calc.py~
calc.py~		parser.py~		test.py
lisp.py			questions.scm		test.py~
lisp.py~		scal.py			tests.scm
lisp2.py		scal.py~		tt.py
lisp2.py~		scheme.py		tt.py~
my_cal.py		scheme_grader.py	ucb.py
yj@Air:scheme $ ls
ls
__pycache__		my_cal.py~		scheme_primitives.py
autograder.py		mycal2.py		scheme_reader.py
buffer.py		mycal2.py~		scheme_reader.py~
cal2.py			mycal3.py		scheme_test.py
cal2.py~		mycal3.py~		scheme_tokens.py
cal3.py			mycal4.py		scheme_tokens.py~
cal3.py~		mycal4.py~		simple_calc.py
calc.py			parser.py		simple_calc.py~
calc.py~		parser.py~		test.py
lisp.py			questions.scm		test.py~
lisp.py~		scal.py			tests.scm
lisp2.py		scal.py~		tt.py
lisp2.py~		scheme.py		tt.py~
my_cal.py		scheme_grader.py	ucb.py
yj@Air:scheme $ python3 lisp3.py
python3 lisp3.py
  File "lisp3.py", line 40
    return env.find(x).[x]
                       ^
SyntaxError: invalid syntax
yj@Air:scheme $ python3 lisp3.py
python3 lisp3.py
Traceback (most recent call last):
  File "lisp3.py", line 35, in <module>
    def myeval(x,env=global_env):
NameError: name 'global_env' is not defined
yj@Air:scheme $ python3 lisp3.py
python3 lisp3.py
  File "lisp3.py", line 15
    '-' : op.sub
      ^
SyntaxError: invalid syntax
yj@Air:scheme $ python3 lisp3.py
python3 lisp3.py
Traceback (most recent call last):
  File "lisp3.py", line 64, in <module>
    print(scheme_eval(parse(s1)))
NameError: name 'scheme_eval' is not defined
yj@Air:scheme $ python3 lisp3.py
python3 lisp3.py
Traceback (most recent call last):
  File "lisp3.py", line 64, in <module>
    print(myeval(parse(s1)))
  File "lisp3.py", line 24, in parse
    return expr(tokenize(chars))
NameError: name 'chars' is not defined
yj@Air:scheme $ python3 lisp3.py
python3 lisp3.py
None
None
yj@Air:scheme $ python3 lisp3.py
python3 lisp3.py
None
100
yj@Air:scheme $ python3 lisp3.py
python3 lisp3.py
None
100
yj@Air:scheme $ python3 lisp3.py
python3 lisp3.py
None
100
Traceback (most recent call last):
  File "lisp3.py", line 74, in <module>
    print(myeval(parse(s3)))
  File "lisp3.py", line 60, in myeval
    env[var]=myeval(expr,env)
  File "lisp3.py", line 62, in myeval
    (_,parms,body) = x
ValueError: need more than 2 values to unpack
yj@Air:scheme $ python3 lisp3.py
python3 lisp3.py
None
100
['define', 'test', ['lambda', ['x', 'y']]]
Traceback (most recent call last):
  File "lisp3.py", line 76, in <module>
    print(myeval(parse(s3)))
  File "lisp3.py", line 60, in myeval
    env[var]=myeval(expr,env)
  File "lisp3.py", line 62, in myeval
    (_,parms,body) = x
ValueError: need more than 2 values to unpack
yj@Air:scheme $ python3 lisp3.py
python3 lisp3.py
['(', 'define', 'test', '(', 'lambda', '(', 'x', 'y', ')', '(', '*', 'x', 'y', ')', ')', ')']
['define', 'test', ['lambda', ['x', 'y']]]
Traceback (most recent call last):
  File "lisp3.py", line 78, in <module>
    print(myeval(parse(s3)))
  File "lisp3.py", line 60, in myeval
    env[var]=myeval(expr,env)
  File "lisp3.py", line 62, in myeval
    (_,parms,body) = x
ValueError: need more than 2 values to unpack
yj@Air:scheme $ 

yj@Air:scheme $ python3 -m pdb lisp3.py
python3 -m pdb lisp3.py
> /Users/yj/cmu/scheme/lisp3.py(1)<module>()
-> Symbol = str
(Pdb) b parse
b parse
Breakpoint 1 at /Users/yj/cmu/scheme/lisp3.py:28
(Pdb) r
r
['(', 'define', 'test', '(', 'lambda', '(', 'x', 'y', ')', '(', '*', 'x', 'y', ')', ')', ')']
> /Users/yj/cmu/scheme/lisp3.py(29)parse()
-> return expr(tokenize(program))
(Pdb) n
n
--Return--
> /Users/yj/cmu/scheme/lisp3.py(29)parse()->['define', 'test', ['lambda', ['x', 'y']]]
-> return expr(tokenize(program))
(Pdb) n
n
> /Users/yj/cmu/scheme/lisp3.py(77)<module>()
-> print(ast)
(Pdb) c
c
['define', 'test', ['lambda', ['x', 'y']]]
> /Users/yj/cmu/scheme/lisp3.py(29)parse()
-> return expr(tokenize(program))
(Pdb) n
n
--Return--
> /Users/yj/cmu/scheme/lisp3.py(29)parse()->['define', 'test', ['lambda', ['x', 'y']]]
-> return expr(tokenize(program))
(Pdb) r
r
ValueError: need more than 2 values to unpack
> /Users/yj/cmu/scheme/lisp3.py(78)<module>()
-> print(myeval(parse(s3)))
(Pdb) r
r
--Return--
> /Users/yj/cmu/scheme/lisp3.py(78)<module>()->None
-> print(myeval(parse(s3)))
(Pdb) r
r
ValueError: need more than 2 values to unpack
> <string>(1)<module>()->None
(Pdb) r
r
--Return--
> <string>(1)<module>()->None
(Pdb) 
yj@Air:scheme $ python3 -m pdb lisp3.py
python3 -m pdb lisp3.py
> /Users/yj/cmu/scheme/lisp3.py(1)<module>()
-> Symbol = str
(Pdb) b parse
b parse
Breakpoint 1 at /Users/yj/cmu/scheme/lisp3.py:28
(Pdb) r
r
['(', 'define', 'test', '(', 'lambda', '(', 'x', 'y', ')', '(', '*', 'x', 'y', ')', ')', ')']
> /Users/yj/cmu/scheme/lisp3.py(29)parse()
-> return expr(tokenize(program))
(Pdb) c
c
['define', 'test', ['lambda', ['x', 'y']]]
> /Users/yj/cmu/scheme/lisp3.py(29)parse()
-> return expr(tokenize(program))
(Pdb) s
s
--Call--
> /Users/yj/cmu/scheme/lisp3.py(26)tokenize()
-> def tokenize(chars):
(Pdb) n
n
> /Users/yj/cmu/scheme/lisp3.py(27)tokenize()
-> return chars.replace('(',' ( ').replace(')',' ) ').split()
(Pdb) n
n
--Return--
> /Users/yj/cmu/scheme/lisp3.py(27)tokenize()->['(', 'define', 'test', '(', 'lambda', '(', ...]
-> return chars.replace('(',' ( ').replace(')',' ) ').split()
(Pdb) n
n
--Call--
> /Users/yj/cmu/scheme/lisp3.py(30)expr()
-> def expr(tokens):
(Pdb) n
n
> /Users/yj/cmu/scheme/lisp3.py(31)expr()
-> if not tokens:
(Pdb) p tokens
p tokens
['(', 'define', 'test', '(', 'lambda', '(', 'x', 'y', ')', '(', '*', 'x', 'y', ')', ')', ')']
(Pdb) n
n
> /Users/yj/cmu/scheme/lisp3.py(33)expr()
-> if tokens[0] == "(":
(Pdb) 

> /Users/yj/cmu/scheme/lisp3.py(34)expr()
-> return list_expr(tokens)
(Pdb) n
n
--Return--
> /Users/yj/cmu/scheme/lisp3.py(34)expr()->['define', 'test', ['lambda', ['x', 'y']]]
-> return list_expr(tokens)
(Pdb) n
n
--Return--
> /Users/yj/cmu/scheme/lisp3.py(29)parse()->['define', 'test', ['lambda', ['x', 'y']]]
-> return expr(tokenize(program))
(Pdb) n
n
--Call--
> /Users/yj/cmu/scheme/lisp3.py(51)myeval()
-> def myeval(x,env=global_env):
(Pdb) 
yj@Air:scheme $ python3 lisp2.py
python3 lisp2.py
['define', 'test', ['lambda', ['x', 'y'], ['*', 'x', 'y']]]
None
200
yj@Air:scheme $ ls
ls
#*shell*#		lisp3.py~		scheme_primitives.py
*shell*			my_cal.py		scheme_reader.py
__pycache__		my_cal.py~		scheme_reader.py~
autograder.py		mycal2.py		scheme_test.py
buffer.py		mycal2.py~		scheme_tokens.py
cal2.py			mycal3.py		scheme_tokens.py~
cal2.py~		mycal3.py~		simple_calc.py
cal3.py			mycal4.py		simple_calc.py~
cal3.py~		mycal4.py~		test.py
calc.py			parser.py		test.py~
calc.py~		parser.py~		tests.scm
lisp.py			questions.scm		tt.py
lisp.py~		scal.py			tt.py~
lisp2.py		scal.py~		ucb.py
lisp2.py~		scheme.py
lisp3.py		scheme_grader.py
yj@Air:scheme $ python3 lisp3.py
python3 lisp3.py
['(', 'define', 'test', '(', 'lambda', '(', 'x', 'y', ')', '(', '*', 'x', 'y', ')', ')', ')']
['define', 'test', ['lambda', ['x', 'y'], ['*', 'x', 'y']]]
None
yj@Air:scheme $ python3 lisp3.py
python3 lisp3.py
None
yj@Air:scheme $ python3 lisp3.py
python3 lisp3.py
None
Traceback (most recent call last):
  File "lisp3.py", line 76, in <module>
    print(myeval(parse(s4)))
  File "lisp3.py", line 68, in myeval
    return proc(*args)
TypeError: __call__() takes 2 positional arguments but 3 were given
yj@Air:scheme $ python3 lisp3.py
python3 lisp3.py
None
Traceback (most recent call last):
  File "lisp3.py", line 76, in <module>
    print(myeval(parse(s4)))
  File "lisp3.py", line 68, in myeval
    return proc(*args)
TypeError: __call__() takes 2 positional arguments but 3 were given
yj@Air:scheme $ python3 lisp3.py
python3 lisp3.py
None
Traceback (most recent call last):
  File "lisp3.py", line 76, in <module>
    print(myeval(parse(s4)))
  File "lisp3.py", line 68, in myeval
    return proc(*args)
TypeError: __call__() takes 2 positional arguments but 3 were given
yj@Air:scheme $ python3 lisp3.py
python3 lisp3.py
None
Traceback (most recent call last):
  File "lisp3.py", line 76, in <module>
    print(myeval(parse(s4)))
  File "lisp3.py", line 68, in myeval
    return proc(*args)
  File "lisp3.py", line 14, in __call__
    return myeval(self.body,Env(self.parms,args,env))
NameError: name 'env' is not defined
yj@Air:scheme $ python3 lisp3.py
python3 lisp3.py
None
200
yj@Air:scheme $ ls
ls
#*shell*#		lisp3.py~		scheme_primitives.py
*shell*			my_cal.py		scheme_reader.py
__pycache__		my_cal.py~		scheme_reader.py~
autograder.py		mycal2.py		scheme_test.py
buffer.py		mycal2.py~		scheme_tokens.py
cal2.py			mycal3.py		scheme_tokens.py~
cal2.py~		mycal3.py~		simple_calc.py
cal3.py			mycal4.py		simple_calc.py~
cal3.py~		mycal4.py~		test.py
calc.py			parser.py		test.py~
calc.py~		parser.py~		tests.scm
lisp.py			questions.scm		tt.py
lisp.py~		scal.py			tt.py~
lisp2.py		scal.py~		ucb.py
lisp2.py~		scheme.py
lisp3.py		scheme_grader.py
yj@Air:scheme $ cd ..
cd ..
yj@Air:cmu $ ls
ls
15-112		antlr4-python2	hog		tmp
15-122		antlr4-python3	leetcode	trends
ImageProcess	ants		myscheme	trends.zip
Kaleidoscope	ants.zip	pythoncompiler	tst.py
LIP_Solutions	compiler	scal		tst.py~
LearningPython	compiler2	scheme		ucore_lab
Tiger		cython		scheme.zip
Tiny		dsa		tiger_java
antlr		facerec		tiny_python
yj@Air:cmu $ mv scheme tmp/
mv scheme tmp/
yj@Air:cmu $ ls
ls
15-112		antlr		dsa		tiger_java
15-122		antlr4-python2	facerec		tiny_python
ImageProcess	antlr4-python3	hog		tmp
Kaleidoscope	ants		leetcode	trends
LIP_Solutions	ants.zip	myscheme	trends.zip
LearningPython	compiler	pythoncompiler	tst.py
Tiger		compiler2	scal		tst.py~
Tiny		cython		scheme.zip	ucore_lab
yj@Air:cmu $ unzip scheme.zip 
unzip scheme.zip 
Archive:  scheme.zip
   creating: scheme/
  inflating: scheme/ucb.py           
  inflating: scheme/autograder.py    
  inflating: scheme/scheme_test.py   
  inflating: scheme/buffer.py        
  inflating: scheme/scheme_reader.py  
  inflating: scheme/scheme_primitives.py  
  inflating: scheme/scheme_grader.py  
  inflating: scheme/tests.scm        
  inflating: scheme/scheme_tokens.py  
  inflating: scheme/scheme.py        
  inflating: scheme/questions.scm    
yj@Air:cmu $ ls
ls
15-112		antlr4-python2	hog		tmp
15-122		antlr4-python3	leetcode	trends
ImageProcess	ants		myscheme	trends.zip
Kaleidoscope	ants.zip	pythoncompiler	tst.py
LIP_Solutions	compiler	scal		tst.py~
LearningPython	compiler2	scheme		ucore_lab
Tiger		cython		scheme.zip
Tiny		dsa		tiger_java
antlr		facerec		tiny_python
yj@Air:cmu $ ls
ls
15-112		antlr4-python2	hog		tmp
15-122		antlr4-python3	leetcode	trends
ImageProcess	ants		myscheme	trends.zip
Kaleidoscope	ants.zip	pythoncompiler	tst.py
LIP_Solutions	compiler	scal		tst.py~
LearningPython	compiler2	scheme		ucore_lab
Tiger		cython		scheme.zip
Tiny		dsa		tiger_java
antlr		facerec		tiny_python
yj@Air:cmu $ cd scheme/
cd scheme/
yj@Air:scheme $ ls
ls
#*shell*#		scheme.py		scheme_test.py
autograder.py		scheme_grader.py	scheme_tokens.py
buffer.py		scheme_primitives.py	tests.scm
questions.scm		scheme_reader.py	ucb.py
yj@Air:scheme $ rm \#\*shell\*\# 
rm \#\*shell\*\# 
remove #*shell*#? y
y
yj@Air:scheme $ ls
ls
autograder.py		scheme_grader.py	scheme_tokens.py
buffer.py		scheme_primitives.py	tests.scm
questions.scm		scheme_reader.py	ucb.py
scheme.py		scheme_test.py
yj@Air:scheme $ python3 scheme_grader.py  -q 1
python3 scheme_grader.py  -q 1
You are running version 1.4 of the autograder
Test problem_1
==============
Wrong result from caught_syntax: input "'x"
   returned Pair('quote', 'x') not Pair('quote', Pair('x', nil))
Wrong result from caught_syntax: input "'(a b)"
   returned Pair('quote', Pair('a', Pair('b', nil))) not Pair('quote', Pair(Pair('a', Pair('b', nil)), nil))
Wrong result from caught_syntax: input "'(a (b c))"
   returned Pair('quote', Pair('a', Pair(Pair('b', Pair('c', nil)), nil))) not Pair('quote', Pair(Pair('a', Pair(Pair('b', Pair('c', nil)), nil)), nil))
Wrong result from caught_syntax: input "(a (b 'c))"
   returned Pair('a', Pair(Pair('b', Pair(Pair('quote', 'c'), nil)), nil)) not Pair('a', Pair(Pair('b', Pair(Pair('quote', Pair('c', nil)), nil)), nil))
Wrong result from caught_syntax: input "(a (b '(c d)))"
   returned Pair('a', Pair(Pair('b', Pair(Pair('quote', Pair('c', Pair('d', nil))), nil)), nil)) not Pair('a', Pair(Pair('b', Pair(Pair('quote', Pair(Pair('c', Pair('d', nil)), nil)), nil)), nil))
yj@Air:scheme $ python3 scheme_grader.py  -q 1
python3 scheme_grader.py  -q 1
You are running version 1.4 of the autograder
Test problem_1
==============
All released tests passed

yj@Air:scheme $ python3 scheme_grader.py  -q 2
python3 scheme_grader.py  -q 2
You are running version 1.4 of the autograder
Test problem_2
==============
Wrong result from caught_syntax: input '(a . b)'
   returned 'Error' not Pair('a', 'b')
Wrong result from caught_syntax: input '(a b . c)'
   returned 'Error' not Pair('a', Pair('b', 'c'))
yj@Air:scheme $ python3 scheme_grader.py  -q 2
python3 scheme_grader.py  -q 2
You are running version 1.4 of the autograder
Test problem_2
==============
Wrong result from caught_syntax: input '(a . b)'
   returned Pair('a', Pair('b', nil)) not Pair('a', 'b')
Wrong result from caught_syntax: input '(a b . c)'
   returned Pair('a', Pair('b', Pair('c', nil))) not Pair('a', Pair('b', 'c'))
yj@Air:scheme $ python3 scheme_grader.py  -q 2
python3 scheme_grader.py  -q 2
You are running version 1.4 of the autograder
Test problem_2
==============
Wrong result from caught_syntax: input '(a b . c d)'
   returned Pair('a', Pair('b', 'c')) not 'Error'
Wrong result from caught_syntax: input '(2 . 3 4 . 5)'
   returned Pair(2, 3) not 'Error'
yj@Air:scheme $ python3 scheme_grader.py  -q 2
python3 scheme_grader.py  -q 2
You are running version 1.4 of the autograder
Test problem_2
==============
All released tests passed

yj@Air:scheme $ python3 scheme_reader.py
python3 scheme_reader.py
read> yj@Air:scheme $ 

yj@Air:scheme $ python3 scheme_reader.py -q 3
python3 scheme_reader.py -q 3
Traceback (most recent call last):
  File "scheme_reader.py", line 203, in <module>
    @main
  File "/Users/yj/cmu/scheme/ucb.py", line 24, in main
    fn(*args) # Call the main function
TypeError: read_print_loop() takes 0 positional arguments but 2 were given
yj@Air:scheme $ python3 scheme_reader.py -q 3
python3 scheme_reader.py -q 3
Traceback (most recent call last):
  File "scheme_reader.py", line 203, in <module>
    @main
  File "/Users/yj/cmu/scheme/ucb.py", line 24, in main
    fn(*args) # Call the main function
TypeError: read_print_loop() takes 0 positional arguments but 2 were given
yj@Air:scheme $ ls
ls
#*shell*#		scheme.py		scheme_test.py
*shell*			scheme.py~		scheme_tokens.py
__pycache__		scheme_grader.py	tests.scm
autograder.py		scheme_primitives.py	ucb.py
buffer.py		scheme_reader.py	ucb.pyc
questions.scm		scheme_reader.py~
yj@Air:scheme $ python3 scheme_reader.py -q 3 tests.scm
python3 scheme_reader.py -q 3 tests.scm
Traceback (most recent call last):
  File "scheme_reader.py", line 203, in <module>
    @main
  File "/Users/yj/cmu/scheme/ucb.py", line 24, in main
    fn(*args) # Call the main function
TypeError: read_print_loop() takes 0 positional arguments but 3 were given
yj@Air:scheme $ python3 scheme_reader.py -q 2
python3 scheme_reader.py -q 2
Traceback (most recent call last):
  File "scheme_reader.py", line 203, in <module>
    @main
  File "/Users/yj/cmu/scheme/ucb.py", line 24, in main
    fn(*args) # Call the main function
TypeError: read_print_loop() takes 0 positional arguments but 2 were given
yj@Air:scheme $ python3 scheme_grader.py  -q 2
python3 scheme_grader.py  -q 2
You are running version 1.4 of the autograder
Test problem_2
==============
All released tests passed

yj@Air:scheme $ python3 scheme_grader.py  -q 3
python3 scheme_grader.py  -q 3
Unfortunately, the autograder cannot run because your program contains a syntax error:
Traceback (most recent call last):
  File "scheme_grader.py", line 17, in <module>
    import scheme, scheme_reader
  File "/Users/yj/cmu/scheme/scheme.py", line 82
    procedure.fn(*args,env)
                          ^
SyntaxError: only named arguments may follow *expression
yj@Air:scheme $ python3 scheme_grader.py  -q 3
python3 scheme_grader.py  -q 3
You are running version 1.4 of the autograder
Test problem_3
==============
**********************************************************************
File "/Users/yj/cmu/scheme/scheme.py", line 74, in apply_primitive
Failed example:
    apply_primitive(plus, twos, env)
Exception raised:
    Traceback (most recent call last):
      File "/usr/local/Cellar/python3/3.4.2_1/Frameworks/Python.framework/Versions/3.4/lib/python3.4/doctest.py", line 1324, in __run
        compileflags, 1), test.globs)
      File "<doctest apply_primitive[3]>", line 1, in <module>
        apply_primitive(plus, twos, env)
      File "/Users/yj/cmu/scheme/scheme.py", line 84, in apply_primitive
        procecure.fn(*args)
    NameError: name 'procecure' is not defined
A doctest example failed for apply_primitive.
yj@Air:scheme $ python3 scheme_grader.py  -q 3
python3 scheme_grader.py  -q 3
You are running version 1.4 of the autograder
Test problem_3
==============
**********************************************************************
File "/Users/yj/cmu/scheme/scheme.py", line 74, in apply_primitive
Failed example:
    apply_primitive(plus, twos, env)
Expected:
    4
Got nothing
A doctest example failed for apply_primitive.
yj@Air:scheme $ python3 scheme_grader.py  -q 3
python3 scheme_grader.py  -q 3
You are running version 1.4 of the autograder
Test problem_3
==============
All released tests passed

yj@Air:scheme $ ls
ls
#*shell*#		scheme.py		scheme_test.py
*shell*			scheme.py~		scheme_tokens.py
__pycache__		scheme_grader.py	tests.scm
autograder.py		scheme_primitives.py	ucb.py
buffer.py		scheme_reader.py	ucb.pyc
questions.scm		scheme_reader.py~
yj@Air:scheme $ python3 scheme_grader.py  -q 4
python3 scheme_grader.py  -q 4
You are running version 1.4 of the autograder
Checking for updates timed out.
Test problem_4
==============
All released tests passed

yj@Air:scheme $ python3 scheme.py
python3 scheme.py
scm> +
+
#[primitive]
scm> (+ 1 2)
(+ 1 2)
3
scm> (* 3 4 ( - 5 2) 1)
(* 3 4 ( - 5 2) 1)
36
scm> yj@Air:scheme $ 

yj@Air:scheme $ python3 scheme_grader.py  -q 5
python3 scheme_grader.py  -q 5
You are running version 1.4 of the autograder
Test problem_A5
===============
All released tests passed

yj@Air:scheme $ python3 scheme.py
python3 scheme.py
scm> (define x 15)
(define x 15)
scm> x
x
15
scm> (define y (* 2 x))
(define y (* 2 x))
scm> y
y
30
scm> yj@Air:scheme $ 

yj@Air:scheme $ python3 scheme_grader.py  -q 6
python3 scheme_grader.py  -q 6
You are running version 1.4 of the autograder
Test problem_B6
===============
Wrong result from scheme_eval: input "(list 'a 'b)"
   returned 'IndexError list index out of bounds' not Pair('a', Pair('b', nil))
Wrong result from scheme_eval: input "(define a 1) (list a 'b)"
   returned 'IndexError list index out of bounds' not Pair(1, Pair('b', nil))
Wrong result from scheme_eval: input "(car '(a b c))"
   returned 'IndexError list index out of bounds' not 'a'
Wrong result from scheme_eval: input "(car (car '((a))))"
   returned 'IndexError list index out of bounds' not 'a'
yj@Air:scheme $ python3 scheme_grader.py  -q 6
python3 scheme_grader.py  -q 6
You are running version 1.4 of the autograder
Test problem_B6
===============
All released tests passed

yj@Air:scheme $ python3 scheme_grader.py  -q 7
python3 scheme_grader.py  -q 7
You are running version 1.4 of the autograder
Checking for updates timed out.
Test problem_7
==============
3
Wrong result from scheme_eval: input "(begin 30 'hello)"
   returned 'SchemeError' not 'hello'
Wrong result from scheme_eval: input "(begin (define x 3) (cons x '(y z)))"
   returned 'SchemeError' not Pair(3, Pair('y', Pair('z', nil)))
yj@Air:scheme $ python3 scheme_grader.py  -q 7
python3 scheme_grader.py  -q 7
You are running version 1.4 of the autograder
Test problem_7
==============
((+ 2 3) (+ 5 6))
((display 3) (newline) (+ 2 3))
3
((define x 3) x)
(30 (quote hello))
Wrong result from scheme_eval: input "(begin 30 'hello)"
   returned 'SchemeError' not 'hello'
((define x 3) (cons x (quote (y z))))
Wrong result from scheme_eval: input "(begin (define x 3) (cons x '(y z)))"
   returned 'SchemeError' not Pair(3, Pair('y', Pair('z', nil)))
yj@Air:scheme $ python3 scheme_grader.py  -q 7
python3 scheme_grader.py  -q 7
You are running version 1.4 of the autograder
Checking for updates timed out.
Test problem_7
==============
do_begin_form(Pair(Pair('+', Pair(2, Pair(3, nil))), Pair(Pair('+', Pair(5, Pair(6, nil))), nil)), <Global Frame>):
do_begin_form(Pair(Pair('+', Pair(2, Pair(3, nil))), Pair(Pair('+', Pair(5, Pair(6, nil))), nil)), <Global Frame>) -> 11
do_begin_form(Pair(Pair('display', Pair(3, nil)), Pair(Pair('newline', nil), Pair(Pair('+', Pair(2, Pair(3, nil))), nil))), <Global Frame>):
3
do_begin_form(Pair(Pair('display', Pair(3, nil)), Pair(Pair('newline', nil), Pair(Pair('+', Pair(2, Pair(3, nil))), nil))), <Global Frame>) -> 5
do_begin_form(Pair(Pair('define', Pair('x', Pair(3, nil))), Pair('x', nil)), <Global Frame>):
do_begin_form(Pair(Pair('define', Pair('x', Pair(3, nil))), Pair('x', nil)), <Global Frame>) -> 3
do_begin_form(Pair(30, Pair(Pair('quote', Pair('hello', nil)), nil)), <Global Frame>):
do_begin_form(Pair(30, Pair(Pair('quote', Pair('hello', nil)), nil)), <Global Frame>) -> hello
Wrong result from scheme_eval: input "(begin 30 'hello)"
   returned 'SchemeError' not 'hello'
do_begin_form(Pair(Pair('define', Pair('x', Pair(3, nil))), Pair(Pair('cons', Pair('x', Pair(Pair('quote', Pair(Pair('y', Pair('z', nil)), nil)), nil))), nil)), <Global Frame>):
do_begin_form(Pair(Pair('define', Pair('x', Pair(3, nil))), Pair(Pair('cons', Pair('x', Pair(Pair('quote', Pair(Pair('y', Pair('z', nil)), nil)), nil))), nil)), <Global Frame>) -> (3 y z)
Wrong result from scheme_eval: input "(begin (define x 3) (cons x '(y z)))"
   returned 'SchemeError' not Pair(3, Pair('y', Pair('z', nil)))
yj@Air:scheme $ python3 scheme_grader.py  -q 7
python3 scheme_grader.py  -q 7
You are running version 1.4 of the autograder
Test problem_7
==============
do_begin_form(Pair(Pair('+', Pair(2, Pair(3, nil))), Pair(Pair('+', Pair(5, Pair(6, nil))), nil)), <Global Frame>):
do_begin_form(Pair(Pair('+', Pair(2, Pair(3, nil))), Pair(Pair('+', Pair(5, Pair(6, nil))), nil)), <Global Frame>) -> 11
do_begin_form(Pair(Pair('display', Pair(3, nil)), Pair(Pair('newline', nil), Pair(Pair('+', Pair(2, Pair(3, nil))), nil))), <Global Frame>):
3
do_begin_form(Pair(Pair('display', Pair(3, nil)), Pair(Pair('newline', nil), Pair(Pair('+', Pair(2, Pair(3, nil))), nil))), <Global Frame>) -> 5
do_begin_form(Pair(Pair('define', Pair('x', Pair(3, nil))), Pair('x', nil)), <Global Frame>):
> /Users/yj/cmu/scheme/scheme.py(215)do_define_form()
-> target = vals[0]
(Pdb) p vals
p vals
Pair('x', Pair(3, nil))
(Pdb) Function scheme_eval failed with input '(begin (define x 3) x)'
Evaluation timed out!
> /Users/yj/cmu/scheme/scheme.py(215)do_define_form()
-> target = vals[0]
Function scheme_eval failed with input '(define 0 1)'
Evaluation timed out!
    do_begin_form(Pair(30, Pair(Pair('quote', Pair('hello', nil)), nil)), <Global Frame>):
    do_begin_form(Pair(30, Pair(Pair('quote', Pair('hello', nil)), nil)), <Global Frame>) -> hello
Wrong result from scheme_eval: input "(begin 30 'hello)"
   returned 'SchemeError' not 'hello'
    do_begin_form(Pair(Pair('define', Pair('x', Pair(3, nil))), Pair(Pair('cons', Pair('x', Pair(Pair('quote', Pair(Pair('y', Pair('z', nil)), nil)), nil))), nil)), <Global Frame>):
> /Users/yj/cmu/scheme/scheme.py(215)do_define_form()
-> target = vals[0]
Function scheme_eval failed with input "(begin (define x 3) (cons x '(y z)))"
Evaluation timed out!
yj@Air:scheme $ p vals
bash: p: command not found
yj@Air:scheme $ python3 scheme_grader.py  -q 7
You are running version 1.4 of the autograder
Test problem_7
==============
do_begin_form(Pair(Pair('+', Pair(2, Pair(3, nil))), Pair(Pair('+', Pair(5, Pair(6, nil))), nil)), <Global Frame>):
((+ 2 3) (+ 5 6))
do_begin_form(Pair(Pair('+', Pair(2, Pair(3, nil))), Pair(Pair('+', Pair(5, Pair(6, nil))), nil)), <Global Frame>) -> 11
do_begin_form(Pair(Pair('display', Pair(3, nil)), Pair(Pair('newline', nil), Pair(Pair('+', Pair(2, Pair(3, nil))), nil))), <Global Frame>):
((display 3) (newline) (+ 2 3))
3
do_begin_form(Pair(Pair('display', Pair(3, nil)), Pair(Pair('newline', nil), Pair(Pair('+', Pair(2, Pair(3, nil))), nil))), <Global Frame>) -> 5
do_begin_form(Pair(Pair('define', Pair('x', Pair(3, nil))), Pair('x', nil)), <Global Frame>):
((define x 3) x)
do_begin_form(Pair(Pair('define', Pair('x', Pair(3, nil))), Pair('x', nil)), <Global Frame>) -> 3
do_begin_form(Pair(30, Pair(Pair('quote', Pair('hello', nil)), nil)), <Global Frame>):
(30 (quote hello))
do_begin_form(Pair(30, Pair(Pair('quote', Pair('hello', nil)), nil)), <Global Frame>) -> hello
Wrong result from scheme_eval: input "(begin 30 'hello)"
   returned 'SchemeError' not 'hello'
do_begin_form(Pair(Pair('define', Pair('x', Pair(3, nil))), Pair(Pair('cons', Pair('x', Pair(Pair('quote', Pair(Pair('y', Pair('z', nil)), nil)), nil))), nil)), <Global Frame>):
((define x 3) (cons x (quote (y z))))
do_begin_form(Pair(Pair('define', Pair('x', Pair(3, nil))), Pair(Pair('cons', Pair('x', Pair(Pair('quote', Pair(Pair('y', Pair('z', nil)), nil)), nil))), nil)), <Global Frame>) -> (3 y z)
Wrong result from scheme_eval: input "(begin (define x 3) (cons x '(y z)))"
   returned 'SchemeError' not Pair(3, Pair('y', Pair('z', nil)))
yj@Air:scheme $ do_begin_form(Pair(Pair('define', Pair('x', Pair(3, nil))), Pair(Pair('cons', Pair('x', Pair(Pair('quote', Pair(Pair('y', Pair('z', nil)), nil)), nil))), nil)), <Global Frame>):
bash: syntax error near unexpected token `Pair'
yj@Air:scheme $ python3 scheme_grader.py  -q 7
You are running version 1.4 of the autograder
Checking for updates timed out.
Test problem_7
==============
do_begin_form(Pair(Pair('+', Pair(2, Pair(3, nil))), Pair(Pair('+', Pair(5, Pair(6, nil))), nil)), <Global Frame>):
do_begin_form(Pair(Pair('+', Pair(2, Pair(3, nil))), Pair(Pair('+', Pair(5, Pair(6, nil))), nil)), <Global Frame>) -> 11
do_begin_form(Pair(Pair('display', Pair(3, nil)), Pair(Pair('newline', nil), Pair(Pair('+', Pair(2, Pair(3, nil))), nil))), <Global Frame>):
3
do_begin_form(Pair(Pair('display', Pair(3, nil)), Pair(Pair('newline', nil), Pair(Pair('+', Pair(2, Pair(3, nil))), nil))), <Global Frame>) -> 5
do_begin_form(Pair(Pair('define', Pair('x', Pair(3, nil))), Pair('x', nil)), <Global Frame>):
do_begin_form(Pair(Pair('define', Pair('x', Pair(3, nil))), Pair('x', nil)), <Global Frame>) -> 3
do_begin_form(Pair(30, Pair(Pair('quote', Pair('hello', nil)), nil)), <Global Frame>):
do_begin_form(Pair(30, Pair(Pair('quote', Pair('hello', nil)), nil)), <Global Frame>) -> hello
Wrong result from scheme_eval: input "(begin 30 'hello)"
   returned 'SchemeError' not 'hello'
do_begin_form(Pair(Pair('define', Pair('x', Pair(3, nil))), Pair(Pair('cons', Pair('x', Pair(Pair('quote', Pair(Pair('y', Pair('z', nil)), nil)), nil))), nil)), <Global Frame>):
do_begin_form(Pair(Pair('define', Pair('x', Pair(3, nil))), Pair(Pair('cons', Pair('x', Pair(Pair('quote', Pair(Pair('y', Pair('z', nil)), nil)), nil))), nil)), <Global Frame>) -> (3 y z)
Wrong result from scheme_eval: input "(begin (define x 3) (cons x '(y z)))"
   returned 'SchemeError' not Pair(3, Pair('y', Pair('z', nil)))
yj@Air:scheme $ python3 scheme_grader.py  -q 7
You are running version 1.4 of the autograder
Test problem_7
==============
vals:= ((+ 2 3) (+ 5 6))
vals:= ((display 3) (newline) (+ 2 3))
3
vals:= ((define x 3) x)
vals:= (30 (quote hello))
Wrong result from scheme_eval: input "(begin 30 'hello)"
   returned 'SchemeError' not 'hello'
vals:= ((define x 3) (cons x (quote (y z))))
Wrong result from scheme_eval: input "(begin (define x 3) (cons x '(y z)))"
   returned 'SchemeError' not Pair(3, Pair('y', Pair('z', nil)))
yj@Air:scheme $ python3 scheme_grader.py  -q 7
You are running version 1.4 of the autograder
Test problem_7
==============
vals:= ((+ 2 3) (+ 5 6))
Wrong result from scheme_eval: input '(begin (+ 2 3) (+ 5 6))'
   returned 'SchemeError' not 11
vals:= ((display 3) (newline) (+ 2 3))
3
Wrong result from scheme_eval: input '(begin (display 3) (newline) (+ 2 3))'
   returned 'SchemeError' not 5
yj@Air:scheme $ python3 scheme_grader.py  -q 7
You are running version 1.4 of the autograder
Test problem_7
==============
Wrong result from scheme_eval: input '(begin (+ 2 3) (+ 5 6))'
   returned "TypeError Can't convert 'int' object to str implicitly" not 11
Wrong result from scheme_eval: input '(begin (display 3) (newline) (+ 2 3))'
   returned "TypeError Can't convert 'int' object to str implicitly" not 5
yj@Air:scheme $ python3 scheme_grader.py  -q 7
You are running version 1.4 of the autograder
Test problem_7
==============
(+ 2 3)
(+ 5 6)
(display 3)
3(newline)

(+ 2 3)
(define x 3)
x
30
(quote hello)
Wrong result from scheme_eval: input "(begin 30 'hello)"
   returned 'SchemeError' not 'hello'
(define x 3)
(cons x (quote (y z)))
Wrong result from scheme_eval: input "(begin (define x 3) (cons x '(y z)))"
   returned 'SchemeError' not Pair(3, Pair('y', Pair('z', nil)))
yj@Air:scheme $ python3 scheme_grader.py  -q 7
You are running version 1.4 of the autograder
Checking for updates timed out.
Test problem_7
==============
> /Users/yj/cmu/scheme/scheme.py(302)do_begin_form()
-> res=None
(Pdb) p vals
Pair(Pair('+', Pair(2, Pair(3, nil))), Pair(Pair('+', Pair(5, Pair(6, nil))), nil))
(Pdb) p str(vals)
'((+ 2 3) (+ 5 6))'
(Pdb) Function scheme_eval failed with input '(begin (+ 2 3) (+ 5 6))'
Evaluation timed out!
> /Users/yj/cmu/scheme/scheme.py(302)do_begin_form()
-> res=None
Evaluation timed out!
*** SyntaxError: invalid syntax
(Pdb) Function scheme_eval failed with input '(begin (display 3) (newline) (+ 2 3))'
Evaluation timed out!
yj@Air:scheme $ Evaluation timed out!
bash: Evaluation: command not found
yj@Air:scheme $ python3 scheme_grader.py  -q 7
You are running version 1.4 of the autograder
Checking for updates timed out.
Test problem_7
==============
> /Users/yj/cmu/scheme/scheme.py(302)do_begin_form()
-> res=None
(Pdb) n
> /Users/yj/cmu/scheme/scheme.py(303)do_begin_form()
-> for val in vals:
(Pdb) p str(vals)
'((+ 2 3) (+ 5 6))'
(Pdb) n
> /Users/yj/cmu/scheme/scheme.py(304)do_begin_form()
-> print(val)
(Pdb) p str(val)
'(+ 2 3)'
(Pdb) n
(+ 2 3)
> /Users/yj/cmu/scheme/scheme.py(305)do_begin_form()
-> res=scheme_eval(val,env)
(Pdb) n
> /Users/yj/cmu/scheme/scheme.py(303)do_begin_form()
-> for val in vals:
(Pdb) p res
5
(Pdb) n
> /Users/yj/cmu/scheme/scheme.py(304)do_begin_form()
-> print(val)
(Pdb) p val
Pair('+', Pair(5, Pair(6, nil)))
(Pdb) p str(val)
'(+ 5 6)'
(Pdb) n
(+ 5 6)
> /Users/yj/cmu/scheme/scheme.py(305)do_begin_form()
-> res=scheme_eval(val,env)
(Pdb) n
> /Users/yj/cmu/scheme/scheme.py(303)do_begin_form()
-> for val in vals:
(Pdb) n
> /Users/yj/cmu/scheme/scheme.py(306)do_begin_form()
-> return res
(Pdb) n
--Return--
> /Users/yj/cmu/scheme/scheme.py(306)do_begin_form()->11
-> return res
(Pdb) n
--Call--
> /Users/yj/cmu/scheme/scheme.py(13)scheme_eval()
-> def scheme_eval(expr, env):
(Pdb) c
> /Users/yj/cmu/scheme/scheme.py(302)do_begin_form()
-> res=None
(Pdb) p vals
Pair(Pair('display', Pair(3, nil)), Pair(Pair('newline', nil), Pair(Pair('+', Pair(2, Pair(3, nil))), nil)))
(Pdb) c
(display 3)
3(newline)

(+ 2 3)
> /Users/yj/cmu/scheme/scheme.py(302)do_begin_form()
-> res=None
(Pdb) p vals
Pair(Pair('define', Pair('x', Pair(3, nil))), Pair('x', nil))
(Pdb) c
(define x 3)
x
> /Users/yj/cmu/scheme/scheme.py(302)do_begin_form()
-> res=None
(Pdb) p vals
Pair(30, Pair(Pair('quote', Pair('hello', nil)), nil))
(Pdb) p str(vals)
'(30 (quote hello))'
(Pdb) n
> /Users/yj/cmu/scheme/scheme.py(303)do_begin_form()
-> for val in vals:
(Pdb) n
> /Users/yj/cmu/scheme/scheme.py(304)do_begin_form()
-> print(val)
(Pdb) p val
30
(Pdb) n
30
> /Users/yj/cmu/scheme/scheme.py(305)do_begin_form()
-> res=scheme_eval(val,env)
(Pdb) n
> /Users/yj/cmu/scheme/scheme.py(303)do_begin_form()
-> for val in vals:
(Pdb) p res
30
(Pdb) n
> /Users/yj/cmu/scheme/scheme.py(304)do_begin_form()
-> print(val)
(Pdb) p val
Pair('quote', Pair('hello', nil))
(Pdb) n
(quote hello)
> /Users/yj/cmu/scheme/scheme.py(305)do_begin_form()
-> res=scheme_eval(val,env)
(Pdb) s
--Call--
> /Users/yj/cmu/scheme/scheme.py(13)scheme_eval()
-> def scheme_eval(expr, env):
(Pdb) n
> /Users/yj/cmu/scheme/scheme.py(22)scheme_eval()
-> if expr is None:
(Pdb) p expr
Pair('quote', Pair('hello', nil))
(Pdb) n
> /Users/yj/cmu/scheme/scheme.py(26)scheme_eval()
-> if scheme_symbolp(expr):
(Pdb) n
> /Users/yj/cmu/scheme/scheme.py(28)scheme_eval()
-> elif scheme_atomp(expr) or scheme_stringp(expr) or expr is okay:
(Pdb) n
> /Users/yj/cmu/scheme/scheme.py(32)scheme_eval()
-> if not scheme_listp(expr):
(Pdb) n
> /Users/yj/cmu/scheme/scheme.py(34)scheme_eval()
-> first, rest = expr.first, expr.second
(Pdb) n
> /Users/yj/cmu/scheme/scheme.py(37)scheme_eval()
-> if (scheme_symbolp(first) # first might be unhashable
(Pdb) n
> /Users/yj/cmu/scheme/scheme.py(38)scheme_eval()
-> and first in LOGIC_FORMS):
(Pdb) n
> /Users/yj/cmu/scheme/scheme.py(40)scheme_eval()
-> elif first == "lambda":
(Pdb) n
> /Users/yj/cmu/scheme/scheme.py(42)scheme_eval()
-> elif first == "mu":
(Pdb) n
> /Users/yj/cmu/scheme/scheme.py(44)scheme_eval()
-> elif first == "define":
(Pdb) n
> /Users/yj/cmu/scheme/scheme.py(46)scheme_eval()
-> elif first == "quote":
(Pdb) n
> /Users/yj/cmu/scheme/scheme.py(47)scheme_eval()
-> return do_quote_form(rest)
(Pdb) n
--Return--
> /Users/yj/cmu/scheme/scheme.py(47)scheme_eval()->'hello'
-> return do_quote_form(rest)
(Pdb) n
> /Users/yj/cmu/scheme/scheme.py(303)do_begin_form()
-> for val in vals:
(Pdb) p val
Pair('quote', Pair('hello', nil))
(Pdb) n
> /Users/yj/cmu/scheme/scheme.py(306)do_begin_form()
-> return res
(Pdb) p res
'hello'
(Pdb) n
--Return--
> /Users/yj/cmu/scheme/scheme.py(306)do_begin_form()->'hello'
-> return res
(Pdb) n
--Call--
> /Users/yj/cmu/scheme/scheme.py(13)scheme_eval()
-> def scheme_eval(expr, env):
(Pdb) n
> /Users/yj/cmu/scheme/scheme.py(22)scheme_eval()
-> if expr is None:
(Pdb) p expr
'hello'
(Pdb) n
> /Users/yj/cmu/scheme/scheme.py(26)scheme_eval()
-> if scheme_symbolp(expr):
(Pdb) n
> /Users/yj/cmu/scheme/scheme.py(27)scheme_eval()
-> return env.lookup(expr)
(Pdb) c
Wrong result from scheme_eval: input "(begin 30 'hello)"
   returned 'SchemeError' not 'hello'
> /Users/yj/cmu/scheme/scheme.py(302)do_begin_form()
-> res=None
(Pdb) 
Wrong result from scheme_eval: input "(begin (define x 3) (cons x '(y z)))"
   returned 'BdbQuit ' not Pair(3, Pair('y', Pair('z', nil)))
yj@Air:scheme $p
bash: p: command not found
yj@Air:scheme $ python3 scheme_grader.py  -q 7
You are running version 1.4 of the autograder
Checking for updates timed out.
Test problem_7
==============
> /Users/yj/cmu/scheme/scheme.py(302)do_begin_form()
-> res=None
(Pdb) c
(+ 2 3)
(+ 5 6)
> /Users/yj/cmu/scheme/scheme.py(302)do_begin_form()
-> res=None
(Pdb) c
(display 3)
3(newline)

(+ 2 3)
> /Users/yj/cmu/scheme/scheme.py(302)do_begin_form()
-> res=None
(Pdb) c
(define x 3)
x
> /Users/yj/cmu/scheme/scheme.py(302)do_begin_form()
-> res=None
(Pdb) n
> /Users/yj/cmu/scheme/scheme.py(303)do_begin_form()
-> for val in vals:
(Pdb) p vals
Pair(30, Pair(Pair('quote', Pair('hello', nil)), nil))
(Pdb) n
> /Users/yj/cmu/scheme/scheme.py(304)do_begin_form()
-> print(val)
(Pdb) n
30
> /Users/yj/cmu/scheme/scheme.py(305)do_begin_form()
-> res=scheme_eval(val,env)
(Pdb) n
> /Users/yj/cmu/scheme/scheme.py(303)do_begin_form()
-> for val in vals:
(Pdb) n
> /Users/yj/cmu/scheme/scheme.py(304)do_begin_form()
-> print(val)
(Pdb) p val
Pair('quote', Pair('hello', nil))
(Pdb) n
(quote hello)
> /Users/yj/cmu/scheme/scheme.py(305)do_begin_form()
-> res=scheme_eval(val,env)
(Pdb) n
> /Users/yj/cmu/scheme/scheme.py(303)do_begin_form()
-> for val in vals:
(Pdb) p vals
Pair(30, Pair(Pair('quote', Pair('hello', nil)), nil))
(Pdb) n
> /Users/yj/cmu/scheme/scheme.py(306)do_begin_form()
-> return res
(Pdb) n
--Return--
> /Users/yj/cmu/scheme/scheme.py(306)do_begin_form()->'hello'
-> return res
(Pdb) n
--Call--
> /Users/yj/cmu/scheme/scheme.py(13)scheme_eval()
-> def scheme_eval(expr, env):
(Pdb) p expr
'hello'
(Pdb) 
Wrong result from scheme_eval: input "(begin 30 'hello)"
   returned 'BdbQuit ' not 'hello'
> /Users/yj/cmu/scheme/scheme.py(302)do_begin_form()
-> res=None
(Pdb) 
Wrong result from scheme_eval: input "(begin (define x 3) (cons x '(y z)))"
   returned 'BdbQuit ' not Pair(3, Pair('y', Pair('z', nil)))
yj@Air:scheme $ python3 scheme_grader.py  -q 7
You are running version 1.4 of the autograder
Checking for updates timed out.
Test problem_7
==============
(+ 2 3)
(+ 5 6)
Wrong result from scheme_eval: input '(begin (+ 2 3) (+ 5 6))'
   returned 'SchemeError' not 11
(display 3)
3(newline)

(+ 2 3)
Wrong result from scheme_eval: input '(begin (display 3) (newline) (+ 2 3))'
   returned 'SchemeError' not 5
yj@Air:scheme $ python3 scheme_grader.py  -q 7
You are running version 1.4 of the autograder
Test problem_7
==============
(+ 2 3)
(+ 5 6)
(display 3)
3(newline)

(+ 2 3)
(define x 3)
x
30
(quote hello)
Wrong result from scheme_eval: input "(begin 30 'hello)"
   returned 'SchemeError' not 'hello'
(define x 3)
(cons x (quote (y z)))
Wrong result from scheme_eval: input "(begin (define x 3) (cons x '(y z)))"
   returned 'SchemeError' not Pair(3, Pair('y', Pair('z', nil)))
yj@Air:scheme $ python3 scheme_grader.py  -q 7
You are running version 1.4 of the autograder
Test problem_7
==============
(+ 2 3)
(+ 5 6)
(display 3)
3(newline)

(+ 2 3)
(define x 3)
x
30
(quote hello)
Wrong result from scheme_eval: input "(begin 30 'hello)"
   returned 'SchemeError' not 'hello'
(define x 3)
(cons x (quote (y z)))
Wrong result from scheme_eval: input "(begin (define x 3) (cons x '(y z)))"
   returned 'SchemeError' not Pair(3, Pair('y', Pair('z', nil)))
yj@Air:scheme $ python3 scheme_grader.py  -q 7
You are running version 1.4 of the autograder
Test problem_7
==============
(+ 2 3)
(+ 5 6)
> /Users/yj/cmu/scheme/scheme.py(306)do_begin_form()
-> if scheme_symbolp(res):
(Pdb) p res
11
(Pdb) p type(res)
<class 'int'>
(Pdb) p scheme_symbolp
<function scheme_symbolp at 0x10f3dc378>
(Pdb) p scheme_symbolp(res)
False
(Pdb) n
> /Users/yj/cmu/scheme/scheme.py(309)do_begin_form()
-> return res
(Pdb) 
--Return--
> /Users/yj/cmu/scheme/scheme.py(309)do_begin_form()->11
-> return res
(Pdb) n
--Call--
> /Users/yj/cmu/scheme/scheme.py(13)scheme_eval()
-> def scheme_eval(expr, env):
(Pdb) c
(display 3)
3(newline)

(+ 2 3)
> /Users/yj/cmu/scheme/scheme.py(306)do_begin_form()
-> if scheme_symbolp(res):
(Pdb) p res
5
(Pdb) c
(define x 3)
x
> /Users/yj/cmu/scheme/scheme.py(306)do_begin_form()
-> if scheme_symbolp(res):
(Pdb) p res
3
(Pdb) c
30
(quote hello)
> /Users/yj/cmu/scheme/scheme.py(306)do_begin_form()
-> if scheme_symbolp(res):
(Pdb) p res
'hello'
(Pdb) p scheme_symbolp(res)
True
(Pdb) n
> /Users/yj/cmu/scheme/scheme.py(307)do_begin_form()
-> return Pair('quote',res)
(Pdb) n
--Return--
> /Users/yj/cmu/scheme/scheme.py(307)do_begin_form()->Pair('quote', 'hello')
-> return Pair('quote',res)
(Pdb) n
--Call--
> /Users/yj/cmu/scheme/scheme.py(13)scheme_eval()
-> def scheme_eval(expr, env):
(Pdb) s
> /Users/yj/cmu/scheme/scheme.py(22)scheme_eval()
-> if expr is None:
(Pdb) p expr
Pair('quote', 'hello')
(Pdb) n
> /Users/yj/cmu/scheme/scheme.py(26)scheme_eval()
-> if scheme_symbolp(expr):
(Pdb) n
> /Users/yj/cmu/scheme/scheme.py(28)scheme_eval()
-> elif scheme_atomp(expr) or scheme_stringp(expr) or expr is okay:
(Pdb) n
> /Users/yj/cmu/scheme/scheme.py(32)scheme_eval()
-> if not scheme_listp(expr):
(Pdb) n
> /Users/yj/cmu/scheme/scheme.py(33)scheme_eval()
-> raise SchemeError("malformed list: {0}".format(str(expr)))
(Pdb) n
scheme_primitives.SchemeError: malformed list: (quote . hello)
> /Users/yj/cmu/scheme/scheme.py(33)scheme_eval()
-> raise SchemeError("malformed list: {0}".format(str(expr)))
(Pdb) 
Wrong result from scheme_eval: input "(begin 30 'hello)"
   returned 'BdbQuit ' not 'hello'
(define x 3)
(cons x (quote (y z)))
> /Users/yj/cmu/scheme/scheme.py(306)do_begin_form()
-> res=scheme_eval(val,env)
(Pdb) 
Wrong result from scheme_eval: input "(begin (define x 3) (cons x '(y z)))"
   returned 'BdbQuit ' not Pair(3, Pair('y', Pair('z', nil)))
yj@Air:scheme $ python3 scheme.py
scm> yj@Air:scheme $ python3 scheme_grader.py  -q 6
You are running version 1.4 of the autograder
Test problem_B6
===============
> /Users/yj/cmu/scheme/scheme.py(48)scheme_eval()
-> return do_quote_form(rest)
(Pdb) p expr
Pair('quote', Pair('a', nil))
(Pdb) 
Wrong result from scheme_eval: input "(list 'a 'b)"
   returned 'BdbQuit ' not Pair('a', Pair('b', nil))
> /Users/yj/cmu/scheme/scheme.py(48)scheme_eval()
-> return do_quote_form(rest)
(Pdb) 
Wrong result from scheme_eval: input "(define a 1) (list a 'b)"
   returned 'BdbQuit ' not Pair(1, Pair('b', nil))
> /Users/yj/cmu/scheme/scheme.py(48)scheme_eval()
-> return do_quote_form(rest)
(Pdb) 
Wrong result from scheme_eval: input "(car '(a b c))"
   returned 'BdbQuit ' not 'a'
> /Users/yj/cmu/scheme/scheme.py(48)scheme_eval()
-> return do_quote_form(rest)
(Pdb) 
Wrong result from scheme_eval: input "(car (car '((a))))"
   returned 'BdbQuit ' not 'a'
yj@Air:scheme $ python3 scheme_grader.py  -q 6
bash: python3: command not found
yj@Air:scheme $ python3 scheme_grader.py  -q 6
You are running version 1.4 of the autograder
Checking for updates timed out.
Test problem_B6
===============
All released tests passed

yj@Air:scheme $ python3 scheme_grader.py  -q 7
You are running version 1.4 of the autograder
Test problem_7
==============
(+ 2 3)
(+ 5 6)
(display 3)
3(newline)

(+ 2 3)
(define x 3)
x
30
(quote hello)
(define x 3)
(cons x (quote (y z)))
Wrong result from scheme_eval: input "(begin (define x 3) (cons x '(y z)))"
   returned 'SchemeError' not Pair(3, Pair('y', Pair('z', nil)))
yj@Air:scheme $ python3 scheme_grader.py  -q 7
You are running version 1.4 of the autograder
Test problem_7
==============
(+ 2 3)
(+ 5 6)
(display 3)
3(newline)

(+ 2 3)
(define x 3)
x
30
(quote hello)
(define x 3)
(cons x (quote (y z)))
All released tests passed

yj@Air:scheme $ python3 scheme_grader.py  -q 7
You are running version 1.4 of the autograder
Checking for updates timed out.
Test problem_7
==============
3
All released tests passed

yj@Air:scheme $ python3 scheme.py
scm> (begin (+ 2 3) (+ 5 6))
11
scm> yj@Air:scheme $ 
yj@Air:scheme $ python3 scheme_grader.py  -q 8
You are running version 1.4 of the autograder
Couldn't check remote autograder
Test problem_8
==============
Wrong result from scheme_eval: input '(lambda (x y) (+ x y))'
   returned None not LambdaProcedure(Pair('x', Pair('y', nil)), Pair('+', Pair('x', Pair('y', nil))), <Global Frame>)
yj@Air:scheme $ python3 scheme_grader.py  -q 8
You are running version 1.4 of the autograder
Couldn't check remote autograder
Test problem_8
==============
Wrong result from scheme_eval: input '(lambda (x) (+ x) (+ x x))'
   returned LambdaProcedure(Pair('x', nil), Pair('+', Pair('x', nil)), <Global Frame>) not LambdaProcedure(Pair('x', nil), Pair('begin', Pair(Pair('+', Pair('x', nil)), Pair(Pair('+', Pair('x', Pair('x', nil))), nil))), <Global Frame>)
yj@Air:scheme $ python3 scheme_grader.py  -q 8
You are running version 1.4 of the autograder
Couldn't check remote autograder
Test problem_8
==============
Wrong result from scheme_eval: input '(lambda (x y) (+ x y))'
   returned 'TypeError unorderable types: slice() < int()' not LambdaProcedure(Pair('x', Pair('y', nil)), Pair('+', Pair('x', Pair('y', nil))), <Global Frame>)
yj@Air:scheme $ p
bash: p: command not found
yj@Air:scheme $ python3 scheme_grader.py  -q 8
You are running version 1.4 of the autograder
Couldn't check remote autograder
Test problem_8
==============
Wrong result from scheme_eval: input '(lambda (x y) (+ x y))'
   returned 'TypeError unorderable types: slice() < int()' not LambdaProcedure(Pair('x', Pair('y', nil)), Pair('+', Pair('x', Pair('y', nil))), <Global Frame>)
yj@Air:scheme $ python3 scheme_grader.py  -q 8
You are running version 1.4 of the autograder
Couldn't check remote autograder
Test problem_8
==============
do_lambda_form(Pair(Pair('x', Pair('y', nil)), Pair(Pair('+', Pair('x', Pair('y', nil))), nil)), <Global Frame>):
    do_lambda_form exited via exception
Wrong result from scheme_eval: input '(lambda (x y) (+ x y))'
   returned "NameError name 'body' is not defined" not LambdaProcedure(Pair('x', Pair('y', nil)), Pair('+', Pair('x', Pair('y', nil))), <Global Frame>)
yj@Air:scheme $ python3 scheme_grader.py  -q 8
You are running version 1.4 of the autograder
Couldn't check remote autograder
Test problem_8
==============
do_lambda_form(Pair(Pair('x', Pair('y', nil)), Pair(Pair('+', Pair('x', Pair('y', nil))), nil)), <Global Frame>):
> /Users/yj/cmu/scheme/scheme.py(204)do_lambda_form()
-> return LambdaProcedure(formals,body,env)
(Pdb) p vals
Pair(Pair('x', Pair('y', nil)), Pair(Pair('+', Pair('x', Pair('y', nil))), nil))
(Pdb) p str(vals)
'((x y) (+ x y))'
(Pdb) p str(vals[1:])
*** TypeError: unorderable types: slice() < int()
(Pdb) p vals
Pair(Pair('x', Pair('y', nil)), Pair(Pair('+', Pair('x', Pair('y', nil))), nil))
(Pdb) p vals.second
Pair(Pair('+', Pair('x', Pair('y', nil))), nil)
(Pdb) p str(vals.second)
'((+ x y))'
(Pdb) n
NameError: name 'body' is not defined
> /Users/yj/cmu/scheme/scheme.py(204)do_lambda_form()
-> return LambdaProcedure(formals,body,env)
(Pdb) 
    do_lambda_form exited via exception
Wrong result from scheme_eval: input '(lambda (x y) (+ x y))'
   returned 'BdbQuit ' not LambdaProcedure(Pair('x', Pair('y', nil)), Pair('+', Pair('x', Pair('y', nil))), <Global Frame>)
yj@Air:scheme $ p vals.second
bash: p: command not found
yj@Air:scheme $ python3 scheme_grader.py  -q 8
You are running version 1.4 of the autograder
Checking for updates timed out.
Test problem_8
==============
do_lambda_form(Pair(Pair('x', Pair('y', nil)), Pair(Pair('+', Pair('x', Pair('y', nil))), nil)), <Global Frame>):
do_lambda_form(Pair(Pair('x', Pair('y', nil)), Pair(Pair('+', Pair('x', Pair('y', nil))), nil)), <Global Frame>) -> (lambda (x y) (body (+ x y)))
Wrong result from scheme_eval: input '(lambda (x y) (+ x y))'
   returned LambdaProcedure(Pair('x', Pair('y', nil)), Pair('body', Pair(Pair('+', Pair('x', Pair('y', nil))), nil)), <Global Frame>) not LambdaProcedure(Pair('x', Pair('y', nil)), Pair('+', Pair('x', Pair('y', nil))), <Global Frame>)
yj@Air:scheme $    returned LambdaProcedure(Pair('x', Pair('y', nil)), Pair('body', Pair(Pair('+', Pair('x', Pair('y', nil))), nil)), <Global Frame>) not LambdaProcedure(Pair('x', Pair('y', nil)), Pair('+', Pair('x', Pair('y', nil))), <Global Frame>)
bash: syntax error near unexpected token `('
yj@Air:scheme $ python3 scheme_grader.py  -q 8
You are running version 1.4 of the autograder
Couldn't check remote autograder
Test problem_8
==============
do_lambda_form(Pair(Pair('x', Pair('y', nil)), Pair(Pair('+', Pair('x', Pair('y', nil))), nil)), <Global Frame>):
do_lambda_form(Pair(Pair('x', Pair('y', nil)), Pair(Pair('+', Pair('x', Pair('y', nil))), nil)), <Global Frame>) -> (lambda (x y) (body (+ x y)))
Wrong result from scheme_eval: input '(lambda (x y) (+ x y))'
   returned LambdaProcedure(Pair('x', Pair('y', nil)), Pair('body', Pair(Pair('+', Pair('x', Pair('y', nil))), nil)), <Global Frame>) not LambdaProcedure(Pair('x', Pair('y', nil)), Pair('+', Pair('x', Pair('y', nil))), <Global Frame>)
yj@Air:scheme $ python3 scheme_grader.py  -q 8
You are running version 1.4 of the autograder
Couldn't check remote autograder
Test problem_8
==============
do_lambda_form(Pair(Pair('x', Pair('y', nil)), Pair(Pair('+', Pair('x', Pair('y', nil))), nil)), <Global Frame>):
do_lambda_form(Pair(Pair('x', Pair('y', nil)), Pair(Pair('+', Pair('x', Pair('y', nil))), nil)), <Global Frame>) -> (lambda (x y) (body (+ x y)))
Wrong result from scheme_eval: input '(lambda (x y) (+ x y))'
   returned LambdaProcedure(Pair('x', Pair('y', nil)), Pair('body', Pair(Pair('+', Pair('x', Pair('y', nil))), nil)), <Global Frame>) not LambdaProcedure(Pair('x', Pair('y', nil)), Pair('+', Pair('x', Pair('y', nil))), <Global Frame>)
yj@Air:scheme $ python3 scheme_grader.py  -q 8
You are running version 1.4 of the autograder
Couldn't check remote autograder
Test problem_8
==============
do_lambda_form(Pair(Pair('x', Pair('y', nil)), Pair(Pair('+', Pair('x', Pair('y', nil))), nil)), <Global Frame>):
do_lambda_form(Pair(Pair('x', Pair('y', nil)), Pair(Pair('+', Pair('x', Pair('y', nil))), nil)), <Global Frame>) -> (lambda (x y) (begin (+ x y)))
Wrong result from scheme_eval: input '(lambda (x y) (+ x y))'
   returned LambdaProcedure(Pair('x', Pair('y', nil)), Pair('begin', Pair(Pair('+', Pair('x', Pair('y', nil))), nil)), <Global Frame>) not LambdaProcedure(Pair('x', Pair('y', nil)), Pair('+', Pair('x', Pair('y', nil))), <Global Frame>)
yj@Air:scheme $ python3 scheme_grader.py  -q 8
You are running version 1.4 of the autograder
Couldn't check remote autograder
Test problem_8
==============
do_lambda_form(Pair(Pair('x', Pair('y', nil)), Pair(Pair('+', Pair('x', Pair('y', nil))), nil)), <Global Frame>):
do_lambda_form(Pair(Pair('x', Pair('y', nil)), Pair(Pair('+', Pair('x', Pair('y', nil))), nil)), <Global Frame>) -> (lambda (x y) ((+ x y)))
Wrong result from scheme_eval: input '(lambda (x y) (+ x y))'
   returned LambdaProcedure(Pair('x', Pair('y', nil)), Pair(Pair('+', Pair('x', Pair('y', nil))), nil), <Global Frame>) not LambdaProcedure(Pair('x', Pair('y', nil)), Pair('+', Pair('x', Pair('y', nil))), <Global Frame>)
yj@Air:scheme $ python3 scheme_grader.py  -q 8
You are running version 1.4 of the autograder
Couldn't check remote autograder
Test problem_8
==============
do_lambda_form(Pair(Pair('x', Pair('y', nil)), Pair(Pair('+', Pair('x', Pair('y', nil))), nil)), <Global Frame>):
do_lambda_form(Pair(Pair('x', Pair('y', nil)), Pair(Pair('+', Pair('x', Pair('y', nil))), nil)), <Global Frame>) -> (lambda (x y) (+ x y))
do_lambda_form(Pair(Pair('x', nil), Pair(Pair('+', Pair('x', nil)), Pair(Pair('+', Pair('x', Pair('x', nil))), nil))), <Global Frame>):
do_lambda_form(Pair(Pair('x', nil), Pair(Pair('+', Pair('x', nil)), Pair(Pair('+', Pair('x', Pair('x', nil))), nil))), <Global Frame>) -> (lambda (x) (+ x))
Wrong result from scheme_eval: input '(lambda (x) (+ x) (+ x x))'
   returned LambdaProcedure(Pair('x', nil), Pair('+', Pair('x', nil)), <Global Frame>) not LambdaProcedure(Pair('x', nil), Pair('begin', Pair(Pair('+', Pair('x', nil)), Pair(Pair('+', Pair('x', Pair('x', nil))), nil))), <Global Frame>)
do_lambda_form(Pair(nil, Pair(2, nil)), <Global Frame>):
do_lambda_form(Pair(nil, Pair(2, nil)), <Global Frame>) -> (lambda () 2)
yj@Air:scheme $ python3 scheme_grader.py  -q 8
You are running version 1.4 of the autograder
Couldn't check remote autograder
Test problem_8
==============
do_lambda_form(Pair(Pair('x', Pair('y', nil)), Pair(Pair('+', Pair('x', Pair('y', nil))), nil)), <Global Frame>):
do_lambda_form(Pair(Pair('x', Pair('y', nil)), Pair(Pair('+', Pair('x', Pair('y', nil))), nil)), <Global Frame>) -> (lambda (x y) (begin + x y))
Wrong result from scheme_eval: input '(lambda (x y) (+ x y))'
   returned LambdaProcedure(Pair('x', Pair('y', nil)), Pair('begin', Pair('+', Pair('x', Pair('y', nil)))), <Global Frame>) not LambdaProcedure(Pair('x', Pair('y', nil)), Pair('+', Pair('x', Pair('y', nil))), <Global Frame>)
yj@Air:scheme $ ls
#*shell*#		questions.scm		scheme_test.py
*shell*			scheme.py		scheme_tokens.py
*shell*~		scheme.py~		tests.scm
__pycache__		scheme_grader.py	ucb.py
autograder.py		scheme_primitives.py	ucb.pyc
autograder.py~		scheme_reader.py
buffer.py		scheme_reader.py~
yj@Air:scheme $ ls
#*shell*#		questions.scm		scheme_test.py
*shell*			scheme.py		scheme_tokens.py
*shell*~		scheme.py~		tests.scm
__pycache__		scheme_grader.py	ucb.py
autograder.py		scheme_primitives.py	ucb.pyc
autograder.py~		scheme_reader.py
buffer.py		scheme_reader.py~
yj@Air:scheme $ python3 scheme_grader.py  -q 8
You are running version 1.4 of the autograder
Couldn't check remote autograder
Test problem_8
==============
do_lambda_form(Pair(Pair('x', Pair('y', nil)), Pair(Pair('+', Pair('x', Pair('y', nil))), nil)), <Global Frame>):
> /Users/yj/cmu/scheme/scheme.py(204)do_lambda_form()
-> body = vals.second
(Pdb) 
    do_lambda_form exited via exception
Wrong result from scheme_eval: input '(lambda (x y) (+ x y))'
   returned 'BdbQuit ' not LambdaProcedure(Pair('x', Pair('y', nil)), Pair('+', Pair('x', Pair('y', nil))), <Global Frame>)
yj@Air:scheme $ python3 scheme_grader.py  -q 8
You are running version 1.4 of the autograder
Couldn't check remote autograder
Test problem_8
==============
do_lambda_form(Pair(Pair('x', Pair('y', nil)), Pair(Pair('+', Pair('x', Pair('y', nil))), nil)), <Global Frame>):
do_lambda_form(Pair(Pair('x', Pair('y', nil)), Pair(Pair('+', Pair('x', Pair('y', nil))), nil)), <Global Frame>) -> (lambda (x y) ((+ x y)))
Wrong result from scheme_eval: input '(lambda (x y) (+ x y))'
   returned LambdaProcedure(Pair('x', Pair('y', nil)), Pair(Pair('+', Pair('x', Pair('y', nil))), nil), <Global Frame>) not LambdaProcedure(Pair('x', Pair('y', nil)), Pair('+', Pair('x', Pair('y', nil))), <Global Frame>)
yj@Air:scheme $ python3 scheme_grader.py  -q 8
You are running version 1.4 of the autograder
Couldn't check remote autograder
Test problem_8
==============
do_lambda_form(Pair(Pair('x', Pair('y', nil)), Pair(Pair('+', Pair('x', Pair('y', nil))), nil)), <Global Frame>):
do_lambda_form(Pair(Pair('x', Pair('y', nil)), Pair(Pair('+', Pair('x', Pair('y', nil))), nil)), <Global Frame>) -> (lambda (x y) (+ x y))
do_lambda_form(Pair(Pair('x', nil), Pair(Pair('+', Pair('x', nil)), Pair(Pair('+', Pair('x', Pair('x', nil))), nil))), <Global Frame>):
do_lambda_form(Pair(Pair('x', nil), Pair(Pair('+', Pair('x', nil)), Pair(Pair('+', Pair('x', Pair('x', nil))), nil))), <Global Frame>) -> (lambda (x) (begin + x))
Wrong result from scheme_eval: input '(lambda (x) (+ x) (+ x x))'
   returned LambdaProcedure(Pair('x', nil), Pair('begin', Pair('+', Pair('x', nil))), <Global Frame>) not LambdaProcedure(Pair('x', nil), Pair('begin', Pair(Pair('+', Pair('x', nil)), Pair(Pair('+', Pair('x', Pair('x', nil))), nil))), <Global Frame>)
do_lambda_form(Pair(nil, Pair(2, nil)), <Global Frame>):
do_lambda_form(Pair(nil, Pair(2, nil)), <Global Frame>) -> (lambda () 2)
yj@Air:scheme $ python3 scheme_grader.py  -q 8
Unfortunately, the autograder cannot run because your program contains a syntax error:
Traceback (most recent call last):
  File "scheme_grader.py", line 17, in <module>
    import scheme, scheme_reader
  File "/Users/yj/cmu/scheme/scheme.py", line 205
    if body.second ! = nil
                   ^
SyntaxError: invalid syntax
yj@Air:scheme $ python3 scheme_grader.py  -q 8
Unfortunately, the autograder cannot run because your program contains a syntax error:
Traceback (most recent call last):
  File "scheme_grader.py", line 17, in <module>
    import scheme, scheme_reader
  File "/Users/yj/cmu/scheme/scheme.py", line 205
    if body.second != nil
                        ^
SyntaxError: invalid syntax
yj@Air:scheme $ python3 scheme_grader.py  -q 8
You are running version 1.4 of the autograder
Couldn't check remote autograder
Test problem_8
==============
do_lambda_form(Pair(Pair('x', Pair('y', nil)), Pair(Pair('+', Pair('x', Pair('y', nil))), nil)), <Global Frame>):
do_lambda_form(Pair(Pair('x', Pair('y', nil)), Pair(Pair('+', Pair('x', Pair('y', nil))), nil)), <Global Frame>) -> (lambda (x y) (+ x y))
do_lambda_form(Pair(Pair('x', nil), Pair(Pair('+', Pair('x', nil)), Pair(Pair('+', Pair('x', Pair('x', nil))), nil))), <Global Frame>):
do_lambda_form(Pair(Pair('x', nil), Pair(Pair('+', Pair('x', nil)), Pair(Pair('+', Pair('x', Pair('x', nil))), nil))), <Global Frame>) -> (lambda (x) (begin + x))
Wrong result from scheme_eval: input '(lambda (x) (+ x) (+ x x))'
   returned LambdaProcedure(Pair('x', nil), Pair('begin', Pair('+', Pair('x', nil))), <Global Frame>) not LambdaProcedure(Pair('x', nil), Pair('begin', Pair(Pair('+', Pair('x', nil)), Pair(Pair('+', Pair('x', Pair('x', nil))), nil))), <Global Frame>)
do_lambda_form(Pair(nil, Pair(2, nil)), <Global Frame>):
do_lambda_form(Pair(nil, Pair(2, nil)), <Global Frame>) -> (lambda () 2)
yj@Air:scheme $ python3 scheme_grader.py  -q 8
You are running version 1.4 of the autograder
Couldn't check remote autograder
Test problem_8
==============
do_lambda_form(Pair(Pair('x', Pair('y', nil)), Pair(Pair('+', Pair('x', Pair('y', nil))), nil)), <Global Frame>):
do_lambda_form(Pair(Pair('x', Pair('y', nil)), Pair(Pair('+', Pair('x', Pair('y', nil))), nil)), <Global Frame>) -> (lambda (x y) (+ x y))
do_lambda_form(Pair(Pair('x', nil), Pair(Pair('+', Pair('x', nil)), Pair(Pair('+', Pair('x', Pair('x', nil))), nil))), <Global Frame>):
do_lambda_form(Pair(Pair('x', nil), Pair(Pair('+', Pair('x', nil)), Pair(Pair('+', Pair('x', Pair('x', nil))), nil))), <Global Frame>) -> (lambda (x) (begin (+ x) (+ x x)))
do_lambda_form(Pair(nil, Pair(2, nil)), <Global Frame>):
do_lambda_form(Pair(nil, Pair(2, nil)), <Global Frame>) -> (lambda () 2)
All released tests passed

yj@Air:scheme $ python3 scheme_grader.py  -q 8
You are running version 1.4 of the autograder
Couldn't check remote autograder
Test problem_8
==============
All released tests passed

yj@Air:scheme $ ls
#*shell*#		questions.scm		scheme_test.py
*shell*			scheme.py		scheme_tokens.py
*shell*~		scheme.py~		tests.scm
__pycache__		scheme_grader.py	ucb.py
autograder.py		scheme_primitives.py	ucb.pyc
autograder.py~		scheme_reader.py
buffer.py		scheme_reader.py~
yj@Air:scheme $ python3 scheme.py
scm> (lambda (x y) (+ x y))
(lambda (x y) (+ x y))
scm> (lambda (y) (print y) (* y 2))
(lambda (y) (begin (print y) (* y 2)))
scm> yj@Air:scheme $ 
yj@Air:scheme $ python3 scheme_grader.py  -q 8
You are running version 1.4 of the autograder
Couldn't check remote autograder
Test problem_8
==============
All released tests passed

yj@Air:scheme $ python3 scheme_grader.py  -q 9
You are running version 1.4 of the autograder
Couldn't check remote autograder
Test problem_A9
===============
Wrong result from scheme_eval: input '(begin (define (f x y) (+ x y)) f)'
   returned 'SchemeError' not LambdaProcedure(Pair('x', Pair('y', nil)), Pair('+', Pair('x', Pair('y', nil))), <Global Frame>)
Wrong result from scheme_eval: input '(begin (define (f) (+ 2 2)) f)'
   returned 'SchemeError' not LambdaProcedure(nil, Pair('+', Pair(2, Pair(2, nil))), <Global Frame>)
Wrong result from scheme_eval: input '(begin (define (f x) (* x x)) f)'
   returned 'SchemeError' not LambdaProcedure(Pair('x', nil), Pair('*', Pair('x', Pair('x', nil))), <Global Frame>)
Wrong result from scheme_eval: input '(begin (define (f x) 1 2) f)'
   returned 'SchemeError' not LambdaProcedure(Pair('x', nil), Pair('begin', Pair(1, Pair(2, nil))), <Global Frame>)
Wrong result from scheme_eval: input '(define (0 x) (* x x))'
   returned None not 'SchemeError'
yj@Air:scheme $ python3 scheme_grader.py  -q 9
You are running version 1.4 of the autograder
Couldn't check remote autograder
Test problem_A9
===============
Wrong result from scheme_eval: input '(begin (define (f x y) (+ x y)) f)'
   returned "NameError name 'formals' is not defined" not LambdaProcedure(Pair('x', Pair('y', nil)), Pair('+', Pair('x', Pair('y', nil))), <Global Frame>)
Wrong result from scheme_eval: input '(begin (define (f) (+ 2 2)) f)'
   returned "NameError name 'formals' is not defined" not LambdaProcedure(nil, Pair('+', Pair(2, Pair(2, nil))), <Global Frame>)
Wrong result from scheme_eval: input '(begin (define (f x) (* x x)) f)'
   returned "NameError name 'formals' is not defined" not LambdaProcedure(Pair('x', nil), Pair('*', Pair('x', Pair('x', nil))), <Global Frame>)
Wrong result from scheme_eval: input '(begin (define (f x) 1 2) f)'
   returned "NameError name 'formals' is not defined" not LambdaProcedure(Pair('x', nil), Pair('begin', Pair(1, Pair(2, nil))), <Global Frame>)
Wrong result from scheme_eval: input '(define (0 x) (* x x))'
   returned "NameError name 'formals' is not defined" not 'SchemeError'
yj@Air:scheme $ python3 scheme_grader.py  -q 9
You are running version 1.4 of the autograder
Couldn't check remote autograder
Test problem_A9
===============
Wrong result from scheme_eval: input '(define (0 x) (* x x))'
   returned None not 'SchemeError'
yj@Air:scheme $ python3 scheme_grader.py  -q 9
You are running version 1.4 of the autograder
Couldn't check remote autograder
Test problem_A9
===============
> /Users/yj/cmu/scheme/scheme.py(230)do_define_form()
-> targets = target.first
(Pdb) p targes
*** NameError: name 'targes' is not defined
(Pdb) p target
Pair('f', Pair('x', Pair('y', nil)))
(Pdb) n
> /Users/yj/cmu/scheme/scheme.py(231)do_define_form()
-> parms = target.second
(Pdb) p targets
'f'
(Pdb) p str(target)
'(f x y)'
(Pdb) p target
Pair('f', Pair('x', Pair('y', nil)))
(Pdb) p str(target.first)
'f'
(Pdb) p str(target.second)
'(x y)'
(Pdb) p targets
'f'
(Pdb) n
> /Users/yj/cmu/scheme/scheme.py(232)do_define_form()
-> body = vals.second
(Pdb) p str(parms)
'(x y)'
(Pdb) n
> /Users/yj/cmu/scheme/scheme.py(233)do_define_form()
-> if body.second != nil:
(Pdb) p body
Pair(Pair('+', Pair('x', Pair('y', nil))), nil)
(Pdb) p str(body)
'((+ x y))'
(Pdb) p body.second
nil
(Pdb) n
> /Users/yj/cmu/scheme/scheme.py(236)do_define_form()
-> body=body.first
(Pdb) n
> /Users/yj/cmu/scheme/scheme.py(237)do_define_form()
-> proc = LambdaProcedure(parms,body,env)
(Pdb) p body
Pair('+', Pair('x', Pair('y', nil)))
(Pdb) p str(body)
'(+ x y)'
(Pdb) p parms
Pair('x', Pair('y', nil))
(Pdb) p str(parms)
'(x y)'
(Pdb) p str(body)
'(+ x y)'
(Pdb) p env
<Global Frame>
(Pdb) n
> /Users/yj/cmu/scheme/scheme.py(238)do_define_form()
-> env.define(targets,proc)
(Pdb) p proc
LambdaProcedure(Pair('x', Pair('y', nil)), Pair('+', Pair('x', Pair('y', nil))), <Global Frame>)
(Pdb) p targets
'f'
(Pdb) n
--Return--
> /Users/yj/cmu/scheme/scheme.py(238)do_define_form()->None
-> env.define(targets,proc)
(Pdb) n
--Return--
> /Users/yj/cmu/scheme/scheme.py(45)scheme_eval()->None
-> return do_define_form(rest, env)
(Pdb) n
> /Users/yj/cmu/scheme/scheme.py(320)do_begin_form()
-> for val in vals:
(Pdb) n
> /Users/yj/cmu/scheme/scheme.py(321)do_begin_form()
-> res=scheme_eval(val,env)
(Pdb) n
> /Users/yj/cmu/scheme/scheme.py(320)do_begin_form()
-> for val in vals:
(Pdb) n
> /Users/yj/cmu/scheme/scheme.py(323)do_begin_form()
-> return Pair('quote',Pair(res,nil))
(Pdb) n
--Return--
> /Users/yj/cmu/scheme/scheme.py(323)do_begin_form()->Pair('quote',...Frame>), nil))
-> return Pair('quote',Pair(res,nil))
(Pdb) n
--Call--
> /Users/yj/cmu/scheme/scheme.py(13)scheme_eval()
-> def scheme_eval(expr, env):
(Pdb) 
Wrong result from scheme_eval: input '(begin (define (f x y) (+ x y)) f)'
   returned 'BdbQuit ' not LambdaProcedure(Pair('x', Pair('y', nil)), Pair('+', Pair('x', Pair('y', nil))), <Global Frame>)
> /Users/yj/cmu/scheme/scheme.py(230)do_define_form()
-> targets = target.first
(Pdb) 
Wrong result from scheme_eval: input '(begin (define (f) (+ 2 2)) f)'
   returned 'BdbQuit ' not LambdaProcedure(nil, Pair('+', Pair(2, Pair(2, nil))), <Global Frame>)
> /Users/yj/cmu/scheme/scheme.py(230)do_define_form()
-> targets = target.first
(Pdb) 
Wrong result from scheme_eval: input '(begin (define (f x) (* x x)) f)'
   returned 'BdbQuit ' not LambdaProcedure(Pair('x', nil), Pair('*', Pair('x', Pair('x', nil))), <Global Frame>)
> /Users/yj/cmu/scheme/scheme.py(230)do_define_form()
-> targets = target.first
(Pdb) 
Wrong result from scheme_eval: input '(begin (define (f x) 1 2) f)'
   returned 'BdbQuit ' not LambdaProcedure(Pair('x', nil), Pair('begin', Pair(1, Pair(2, nil))), <Global Frame>)
> /Users/yj/cmu/scheme/scheme.py(230)do_define_form()
-> targets = target.first
(Pdb) 
Wrong result from scheme_eval: input '(define (0 x) (* x x))'
   returned 'BdbQuit ' not 'SchemeError'
yj@Air:scheme $ python3 scheme_grader.py 
You are running version 1.4 of the autograder
Checking for updates timed out.
Test problem_1
==============
All released tests passed

Test problem_2
==============
All released tests passed

Test problem_3
==============
All released tests passed

Test problem_4
==============
All released tests passed

Test problem_A5
===============
All released tests passed

Test problem_A5
===============
All released tests passed

Test problem_B6
===============
All released tests passed

Test problem_B6
===============
All released tests passed

Test problem_7
==============
3
All released tests passed

Test problem_8
==============
All released tests passed

Test problem_A9
===============
Wrong result from scheme_eval: input '(define (0 x) (* x x))'
   returned None not 'SchemeError'
yj@Air:scheme $ python3 scheme_grader.py  -q 9
You are running version 1.4 of the autograder
Test problem_A9
===============
Wrong result from scheme_eval: input '(define (0 x) (* x x))'
   returned None not 'SchemeError'
yj@Air:scheme $ python3 scheme_grader.py  -q 9
You are running version 1.4 of the autograder
Test problem_A9
===============
All released tests passed

yj@Air:scheme $ python3 scheme_grader.py  -q 10
You are running version 1.4 of the autograder
Test problem_10
===============
All released tests passed

yj@Air:scheme $ 
yj@Air:scheme $ python3 scheme.py
scm> (define f (lambda (x) (* x 2)))
scm> f
(lambda (x) (* x 2))
scm> (define (f x) (* x 2))
scm> f
(lambda (x) (* x 2))
scm> yj@Air:scheme $ 
yj@Air:scheme $ls
*shell*			scheme.py		scheme_tokens.py
*shell*~		scheme.py~		test.py
__pycache__		scheme_grader.py	test.py~
autograder.py		scheme_primitives.py	test.sh
autograder.py~		scheme_reader.py	tests.scm
buffer.py		scheme_reader.py~	ucb.py
questions.scm		scheme_test.py		ucb.pyc
yj@Air:scheme $ ./test.py
Traceback (most recent call last):
  File "./test.py", line 3, in <module>
    cmd="python3 scheme_grader -q "+sys.argv[1]
NameError: name 'sys' is not defined
yj@Air:scheme $ ./test.py
Traceback (most recent call last):
  File "./test.py", line 4, in <module>
    cmd="python3 scheme_grader -q "+sys.argv[1]
IndexError: list index out of range
yj@Air:scheme $ ./test.py 9
/usr/local/Cellar/python3/3.4.2_1/Frameworks/Python.framework/Versions/3.4/Resources/Python.app/Contents/MacOS/Python: can't open file 'scheme_grader': [Errno 2] No such file or directory
yj@Air:scheme $ ./test.py 9
/usr/local/Cellar/python3/3.4.2_1/Frameworks/Python.framework/Versions/3.4/Resources/Python.app/Contents/MacOS/Python: can't open file 'scheme_grader': [Errno 2] No such file or directory
yj@Air:scheme $ ./test.py 9
You are running version 1.4 of the autograder
Test problem_A9
===============
All released tests passed

yj@Air:scheme $ ./test.py 10
You are running version 1.4 of the autograder
Test problem_10
===============
All released tests passed

yj@Air:scheme $ ./test.py 11
You are running version 1.4 of the autograder
Test problem_B11
================
Wrong result from scheme_eval: input '(lambda (0 y z) x)'
   returned LambdaProcedure(Pair(0, Pair('y', Pair('z', nil))), 'x', <Global Frame>) not 'SchemeError'
Wrong result from scheme_eval: input '(lambda (x y nil) x)'
   returned LambdaProcedure(Pair('x', Pair('y', Pair(nil, nil))), 'x', <Global Frame>) not 'SchemeError'
Wrong result from scheme_eval: input '(lambda (x y (and z)) x)'
   returned LambdaProcedure(Pair('x', Pair('y', Pair(Pair('and', Pair('z', nil)), nil))), 'x', <Global Frame>) not 'SchemeError'
Wrong result from scheme_eval: input '(lambda (x #t z) x)'
   returned LambdaProcedure(Pair('x', Pair(True, Pair('z', nil))), 'x', <Global Frame>) not 'SchemeError'
yj@Air:scheme $ ./test.py 11
You are running version 1.4 of the autograder
Couldn't check remote autograder
Test problem_B11
================
Wrong result from scheme_eval: input "(lambda (h e l l o) 'world)"
   returned LambdaProcedure(Pair('h', Pair('e', Pair('l', Pair('l', Pair('o', nil))))), Pair('quote', Pair('world', nil)), <Global Frame>) not 'SchemeError'
yj@Air:scheme $ ./test.py 11
You are running version 1.4 of the autograder
Test problem_B11
================
All released tests passed

yj@Air:scheme $ ./test.py 12
You are running version 1.4 of the autograder
Test problem_12
===============
Wrong result from scheme_eval: input '(define (square x) (* x x)) (square 21)'
   returned "AttributeError 'LambdaProcedure' object has no attribute 'parms'" not 441
Wrong result from scheme_eval: input '(define square (lambda (x) (* x x))) (square (square 21))'
   returned "AttributeError 'LambdaProcedure' object has no attribute 'parms'" not 194481
yj@Air:scheme $ ./test.py 12
You are running version 1.4 of the autograder
Test problem_12
===============
Wrong result from scheme_eval: input '(define (square x) (* x x)) (square 21)'
   returned "AttributeError 'LambdaProcedure' object has no attribute 'forms'" not 441
Wrong result from scheme_eval: input '(define square (lambda (x) (* x x))) (square (square 21))'
   returned "AttributeError 'LambdaProcedure' object has no attribute 'forms'" not 194481
yj@Air:scheme $ ./test.py 12
You are running version 1.4 of the autograder
Test problem_12
===============
Wrong result from scheme_eval: input '(define (square x) (* x x)) (square 21)'
   returned None not 441
Wrong result from scheme_eval: input '(define square (lambda (x) (* x x))) (square (square 21))'
   returned 'SchemeError' not 194481
yj@Air:scheme $ Wrong result from scheme_eval: input '(define square (lambda (x) (* x x))) (square (square 21))'
bash: Wrong: command not found
yj@Air:scheme $ ./test.py 12
You are running version 1.4 of the autograder
Test problem_12
===============
Wrong result from scheme_eval: input '(define double (lambda (x) (* 2 x)))\n                 (define compose (lambda (f g) (lambda (x) (f (g x)))))\n                 (define apply-twice (lambda (f) (compose f f)))\n                 ((apply-twice double) 5)'
   returned 'SchemeError' not 20
Wrong result from scheme_eval: input '(define (outer-func x y)\n                  (define (inner z x)\n                    (list x y z))\n                  inner)\n                 ((outer-func 1 2)  1 10)'
   returned 'SchemeError' not Pair(10, Pair(2, Pair(1, nil)))
yj@Air:scheme $ ./test.py 12
You are running version 1.4 of the autograder
Test problem_12
===============
Wrong result from scheme_eval: input '(define double (lambda (x) (* 2 x)))\n                 (define compose (lambda (f g) (lambda (x) (f (g x)))))\n                 (define apply-twice (lambda (f) (compose f f)))\n                 ((apply-twice double) 5)'
   returned 'SchemeError' not 20
Wrong result from scheme_eval: input '(define (outer-func x y)\n                  (define (inner z x)\n                    (list x y z))\n                  inner)\n                 ((outer-func 1 2)  1 10)'
   returned 'SchemeError' not Pair(10, Pair(2, Pair(1, nil)))
yj@Air:scheme $ ./test.py 12
You are running version 1.4 of the autograder
Test problem_12
===============
> /Users/yj/cmu/scheme/scheme.py(65)scheme_apply()
-> frame=Frame(env)
(Pdb) p procedure
LambdaProcedure(Pair('x', nil), Pair('*', Pair('x', Pair('x', nil))), <Global Frame>)
(Pdb) c
> /Users/yj/cmu/scheme/scheme.py(65)scheme_apply()
-> frame=Frame(env)
(Pdb) p procedure
LambdaProcedure(Pair('x', nil), Pair('*', Pair('x', Pair('x', nil))), <Global Frame>)
(Pdb) c
> /Users/yj/cmu/scheme/scheme.py(65)scheme_apply()
-> frame=Frame(env)
(Pdb) p procedure
LambdaProcedure(Pair('x', nil), Pair('*', Pair('x', Pair('x', nil))), <Global Frame>)
(Pdb) c
> /Users/yj/cmu/scheme/scheme.py(65)scheme_apply()
-> frame=Frame(env)
(Pdb) p procedure
LambdaProcedure(Pair('x', Pair('y', nil)), Pair('+', Pair(Pair('square', Pair('x', nil)), Pair(Pair('square', Pair('y', nil)), nil))), <Global Frame>)
(Pdb) c
> /Users/yj/cmu/scheme/scheme.py(65)scheme_apply()
-> frame=Frame(env)
(Pdb) p procedure
LambdaProcedure(Pair('x', nil), Pair('*', Pair('x', Pair('x', nil))), <Global Frame>)
(Pdb) c
> /Users/yj/cmu/scheme/scheme.py(65)scheme_apply()
-> frame=Frame(env)
(Pdb) p procedure
LambdaProcedure(Pair('x', nil), Pair('*', Pair('x', Pair('x', nil))), <Global Frame>)
(Pdb) c
> /Users/yj/cmu/scheme/scheme.py(65)scheme_apply()
-> frame=Frame(env)
(Pdb) p procedure
LambdaProcedure(Pair('f', nil), Pair('compose', Pair('f', Pair('f', nil))), <Global Frame>)
(Pdb) c
> /Users/yj/cmu/scheme/scheme.py(65)scheme_apply()
-> frame=Frame(env)
(Pdb) p procedure
LambdaProcedure(Pair('f', Pair('g', nil)), Pair('lambda', Pair(Pair('x', nil), Pair(Pair('f', Pair(Pair('g', Pair('x', nil)), nil)), nil))), <Global Frame>)
(Pdb) c
> /Users/yj/cmu/scheme/scheme.py(65)scheme_apply()
-> frame=Frame(env)
(Pdb) p procedure
LambdaProcedure(Pair('x', nil), Pair('f', Pair(Pair('g', Pair('x', nil)), nil)), <{f: (lambda (x) (* 2 x)), g: (lambda (x) (* 2 x))} -> <{} -> <{f: (lambda (x) (* 2 x))} -> <{} -> <Global Frame>>>>>)
(Pdb) c
Wrong result from scheme_eval: input '(define double (lambda (x) (* 2 x)))\n                 (define compose (lambda (f g) (lambda (x) (f (g x)))))\n                 (define apply-twice (lambda (f) (compose f f)))\n                 ((apply-twice double) 5)'
   returned 'SchemeError' not 20
> /Users/yj/cmu/scheme/scheme.py(65)scheme_apply()
-> frame=Frame(env)
(Pdb) 
Wrong result from scheme_eval: input '(define (outer x y)\n                  (define (inner z x)\n                    (list x y z))\n                  (inner x 10))\n                 (outer 1 2)'
   returned 'BdbQuit ' not Pair(10, Pair(2, Pair(1, nil)))
> /Users/yj/cmu/scheme/scheme.py(65)scheme_apply()
-> frame=Frame(env)
(Pdb) 
Wrong result from scheme_eval: input '(define (outer-func x y)\n                  (define (inner z x)\n                    (list x y z))\n                  inner)\n                 ((outer-func 1 2)  1 10)'
   returned 'BdbQuit ' not Pair(10, Pair(2, Pair(1, nil)))
yj@Air:scheme $ grep apply_twice
  C-c C-c
yj@Air:scheme $ grep apply_twice *
grep: __pycache__: Is a directory
yj@Air:scheme $ grep apply-twice *
#*shell*#:Wrong result from scheme_eval: input '(define double (lambda (x) (* 2 x)))\n                 (define compose (lambda (f g) (lambda (x) (f (g x)))))\n                 (define apply-twice (lambda (f) (compose f f)))\n                 ((apply-twice double) 5)'
#*shell*#:Wrong result from scheme_eval: input '(define double (lambda (x) (* 2 x)))\n                 (define compose (lambda (f g) (lambda (x) (f (g x)))))\n                 (define apply-twice (lambda (f) (compose f f)))\n                 ((apply-twice double) 5)'
grep: __pycache__: Is a directory
scheme_grader.py:                 (define apply-twice (lambda (f) (compose f f)))
scheme_grader.py:                 ((apply-twice double) 5)""",
tests.scm:(define apply-twice (lambda (f) (compose f f)))
tests.scm:((apply-twice double) 5)
tests.scm:((apply-twice (apply-twice double)) 5)
tests.scm:((apply-twice riff-shuffle) (list 1 2 3 4 5 6 7 8))
yj@Air:scheme $ tests.scm:(define apply-twice (lambda (f) (compose f f)))
bash: syntax error near unexpected token `define'
yj@Air:scheme $ grep apply-twice *
#*shell*#:Wrong result from scheme_eval: input '(define double (lambda (x) (* 2 x)))\n                 (define compose (lambda (f g) (lambda (x) (f (g x)))))\n                 (define apply-twice (lambda (f) (compose f f)))\n                 ((apply-twice double) 5)'
#*shell*#:Wrong result from scheme_eval: input '(define double (lambda (x) (* 2 x)))\n                 (define compose (lambda (f g) (lambda (x) (f (g x)))))\n                 (define apply-twice (lambda (f) (compose f f)))\n                 ((apply-twice double) 5)'
grep: __pycache__: Is a directory
scheme_grader.py:                 (define apply-twice (lambda (f) (compose f f)))
scheme_grader.py:                 ((apply-twice double) 5)""",
scheme_grader.py~:                 (define apply-twice (lambda (f) (compose f f)))
scheme_grader.py~:                 ((apply-twice double) 5)""",
tests.scm:(define apply-twice (lambda (f) (compose f f)))
tests.scm:((apply-twice double) 5)
tests.scm:((apply-twice (apply-twice double)) 5)
tests.scm:((apply-twice riff-shuffle) (list 1 2 3 4 5 6 7 8))
yj@Air:scheme $ ./test.py 12
You are running version 1.4 of the autograder
Test problem_12
===============
> /Users/yj/cmu/scheme/scheme_grader.py(286)problem_12()
-> if check_func(scheme_eval, tests2, comp=scheme_equal):
(Pdb) s
--Call--
> /Users/yj/cmu/scheme/autograder.py(77)check_func()
-> def check_func(func, tests,
(Pdb) b scheme.py:164
*** Blank or comment
(Pdb) b scheme.py:65
Breakpoint 1 at /Users/yj/cmu/scheme/scheme.py:65
(Pdb) c
Wrong result from scheme_eval: input '(define double (lambda (x) (* 2 x)))\n                 (define compose (lambda (f g) (lambda (x) (f (g x)))))\n                 (define apply-twice (lambda (f) (compose f f)))\n                 ((apply-twice double) 5)'
   returned 'SchemeError' not 20
Wrong result from scheme_eval: input '(define (outer-func x y)\n                  (define (inner z x)\n                    (list x y z))\n                  inner)\n                 ((outer-func 1 2)  1 10)'
   returned 'SchemeError' not Pair(10, Pair(2, Pair(1, nil)))
yj@Air:scheme $ ./test.py 12
You are running version 1.4 of the autograder
Test problem_12
===============
> /Users/yj/cmu/scheme/scheme.py(65)scheme_apply()
-> frame=Frame(env)
(Pdb) p env
<Global Frame>
(Pdb) p procedure
LambdaProcedure(Pair('x', nil), Pair('*', Pair('x', Pair('x', nil))), <Global Frame>)
(Pdb) c
> /Users/yj/cmu/scheme/scheme.py(65)scheme_apply()
-> frame=Frame(env)
(Pdb) c
> /Users/yj/cmu/scheme/scheme.py(65)scheme_apply()
-> frame=Frame(env)
(Pdb) c
> /Users/yj/cmu/scheme/scheme_grader.py(286)problem_12()
-> if check_func(scheme_eval, tests2, comp=scheme_equal):
(Pdb) c
> /Users/yj/cmu/scheme/scheme.py(65)scheme_apply()
-> frame=Frame(env)
(Pdb) p procedure
LambdaProcedure(Pair('x', Pair('y', nil)), Pair('+', Pair(Pair('square', Pair('x', nil)), Pair(Pair('square', Pair('y', nil)), nil))), <Global Frame>)
(Pdb) break
(Pdb) break
(Pdb) c
> /Users/yj/cmu/scheme/scheme.py(65)scheme_apply()
-> frame=Frame(env)
(Pdb) p procedure
LambdaProcedure(Pair('x', nil), Pair('*', Pair('x', Pair('x', nil))), <Global Frame>)
(Pdb) c
> /Users/yj/cmu/scheme/scheme.py(65)scheme_apply()
-> frame=Frame(env)
(Pdb) p procedure
LambdaProcedure(Pair('x', nil), Pair('*', Pair('x', Pair('x', nil))), <Global Frame>)
(Pdb) c
> /Users/yj/cmu/scheme/scheme.py(65)scheme_apply()
-> frame=Frame(env)
(Pdb) p procedure
LambdaProcedure(Pair('f', nil), Pair('compose', Pair('f', Pair('f', nil))), <Global Frame>)
(Pdb) s
--Call--
> /Users/yj/cmu/scheme/scheme.py(100)__init__()
-> def __init__(self, parent):
(Pdb) n
> /Users/yj/cmu/scheme/scheme.py(102)__init__()
-> self.bindings = {}
(Pdb) 
> /Users/yj/cmu/scheme/scheme.py(103)__init__()
-> self.parent = parent
(Pdb) 
--Return--
> /Users/yj/cmu/scheme/scheme.py(103)__init__()->None
-> self.parent = parent
(Pdb) 
> /Users/yj/cmu/scheme/scheme.py(66)scheme_apply()
-> frame=frame.make_call_frame(procedure.formals,args)
(Pdb) 
> /Users/yj/cmu/scheme/scheme.py(67)scheme_apply()
-> return scheme_eval(procedure.body,frame)
(Pdb) p frame
<{f: (lambda (x) (* 2 x))} -> <{} -> <Global Frame>>>
(Pdb) n
> /Users/yj/cmu/scheme/scheme.py(65)scheme_apply()
-> frame=Frame(env)
(Pdb) n
> /Users/yj/cmu/scheme/scheme.py(66)scheme_apply()
-> frame=frame.make_call_frame(procedure.formals,args)
(Pdb) s
--Call--
> /Users/yj/cmu/scheme/scheme.py(131)make_call_frame()
-> def make_call_frame(self, formals, vals):
(Pdb) n
> /Users/yj/cmu/scheme/scheme.py(142)make_call_frame()
-> frame = Frame(self)
(Pdb) n
> /Users/yj/cmu/scheme/scheme.py(143)make_call_frame()
-> frame.parent=self
(Pdb) n
> /Users/yj/cmu/scheme/scheme.py(144)make_call_frame()
-> frame.bindings.update(zip(formals,vals))
(Pdb) n
> /Users/yj/cmu/scheme/scheme.py(146)make_call_frame()
-> return frame
(Pdb) p frame
<{f: (lambda (x) (* 2 x)), g: (lambda (x) (* 2 x))} -> <{} -> <{f: (lambda (x) (* 2 x))} -> <{} -> <Global Frame>>>>>
(Pdb) n
--Return--
> /Users/yj/cmu/scheme/scheme.py(146)make_call_frame()-><{f: (lambda ...bal Frame>>>>>
-> return frame
(Pdb) n
> /Users/yj/cmu/scheme/scheme.py(67)scheme_apply()
-> return scheme_eval(procedure.body,frame)
(Pdb) p procedure
LambdaProcedure(Pair('f', Pair('g', nil)), Pair('lambda', Pair(Pair('x', nil), Pair(Pair('f', Pair(Pair('g', Pair('x', nil)), nil)), nil))), <Global Frame>)
(Pdb) c
> /Users/yj/cmu/scheme/scheme.py(65)scheme_apply()
-> frame=Frame(env)
(Pdb) p procedure
LambdaProcedure(Pair('x', nil), Pair('f', Pair(Pair('g', Pair('x', nil)), nil)), <{f: (lambda (x) (* 2 x)), g: (lambda (x) (* 2 x))} -> <{} -> <{f: (lambda (x) (* 2 x))} -> <{} -> <Global Frame>>>>>)
(Pdb) n
> /Users/yj/cmu/scheme/scheme.py(66)scheme_apply()
-> frame=frame.make_call_frame(procedure.formals,args)
(Pdb) n
> /Users/yj/cmu/scheme/scheme.py(67)scheme_apply()
-> return scheme_eval(procedure.body,frame)
(Pdb) p frame
<{x: 5} -> <{} -> <Global Frame>>>
(Pdb) p procedure.formals
Pair('x', nil)
(Pdb) p args
Pair(5, nil)
(Pdb) c
Wrong result from scheme_eval: input '(define double (lambda (x) (* 2 x)))\n                 (define compose (lambda (f g) (lambda (x) (f (g x)))))\n                 (define apply-twice (lambda (f) (compose f f)))\n                 ((apply-twice double) 5)'
   returned 'SchemeError' not 20
> /Users/yj/cmu/scheme/scheme.py(65)scheme_apply()
-> frame=Frame(env)
(Pdb) 
Wrong result from scheme_eval: input '(define (outer x y)\n                  (define (inner z x)\n                    (list x y z))\n                  (inner x 10))\n                 (outer 1 2)'
   returned 'BdbQuit ' not Pair(10, Pair(2, Pair(1, nil)))
> /Users/yj/cmu/scheme/scheme.py(65)scheme_apply()
-> frame=Frame(env)
(Pdb) 
Wrong result from scheme_eval: input '(define (outer-func x y)\n                  (define (inner z x)\n                    (list x y z))\n                  inner)\n                 ((outer-func 1 2)  1 10)'
   returned 'BdbQuit ' not Pair(10, Pair(2, Pair(1, nil)))
yj@Air:scheme $ ./test.py 11
You are running version 1.4 of the autograder
Test problem_B11
================
All released tests passed

yj@Air:scheme $ ./test.py 12
You are running version 1.4 of the autograder
Test problem_12
===============
> /Users/yj/cmu/scheme/scheme.py(65)scheme_apply()
-> frame=Frame(env)
(Pdb) p procedur
*** NameError: name 'procedur' is not defined
(Pdb) p procedure
LambdaProcedure(Pair('f', nil), Pair('compose', Pair('f', Pair('f', nil))), <Global Frame>)
(Pdb) c
> /Users/yj/cmu/scheme/scheme.py(65)scheme_apply()
-> frame=Frame(env)
(Pdb) p procedure
LambdaProcedure(Pair('f', Pair('g', nil)), Pair('lambda', Pair(Pair('x', nil), Pair(Pair('f', Pair(Pair('g', Pair('x', nil)), nil)), nil))), <Global Frame>)
(Pdb) c
> /Users/yj/cmu/scheme/scheme.py(65)scheme_apply()
-> frame=Frame(env)
(Pdb) p procedure
LambdaProcedure(Pair('x', nil), Pair('f', Pair(Pair('g', Pair('x', nil)), nil)), <{f: (lambda (x) (* 2 x)), g: (lambda (x) (* 2 x))} -> <{} -> <{f: (lambda (x) (* 2 x))} -> <{} -> <Global Frame>>>>>)
(Pdb) c
Wrong result from scheme_eval: input '(define double (lambda (x) (* 2 x)))\n                 (define compose (lambda (f g) (lambda (x) (f (g x)))))\n                 (define apply-twice (lambda (f) (compose f f)))\n                 ((apply-twice double) 5)'
   returned 'SchemeError' not 20
> /Users/yj/cmu/scheme/scheme.py(65)scheme_apply()
-> frame=Frame(env)
(Pdb) 
Wrong result from scheme_eval: input '(define (outer x y)\n                  (define (inner z x)\n                    (list x y z))\n                  (inner x 10))\n                 (outer 1 2)'
   returned 'BdbQuit ' not Pair(10, Pair(2, Pair(1, nil)))
> /Users/yj/cmu/scheme/scheme.py(65)scheme_apply()
-> frame=Frame(env)
(Pdb) 
Wrong result from scheme_eval: input '(define (outer-func x y)\n                  (define (inner z x)\n                    (list x y z))\n                  inner)\n                 ((outer-func 1 2)  1 10)'
   returned 'BdbQuit ' not Pair(10, Pair(2, Pair(1, nil)))
yj@Air:scheme $ ./test.py 12
You are running version 1.4 of the autograder
Test problem_12
===============
> /Users/yj/cmu/scheme/scheme.py(65)scheme_apply()
-> frame=Frame(env)
(Pdb) c
> /Users/yj/cmu/scheme/scheme.py(65)scheme_apply()
-> frame=Frame(env)
(Pdb) c
> /Users/yj/cmu/scheme/scheme.py(65)scheme_apply()
-> frame=Frame(env)
(Pdb) c
Wrong result from scheme_eval: input '(define double (lambda (x) (* 2 x)))\n                 (define compose (lambda (f g) (lambda (x) (f (g x)))))\n                 (define apply-twice (lambda (f) (compose f f)))\n                 ((apply-twice double) 5)'
   returned 'SchemeError' not 20
> /Users/yj/cmu/scheme/scheme.py(65)scheme_apply()
-> frame=Frame(env)
(Pdb) 
Wrong result from scheme_eval: input '(define (outer x y)\n                  (define (inner z x)\n                    (list x y z))\n                  (inner x 10))\n                 (outer 1 2)'
   returned 'BdbQuit ' not Pair(10, Pair(2, Pair(1, nil)))
> /Users/yj/cmu/scheme/scheme.py(65)scheme_apply()
-> frame=Frame(env)
(Pdb) 
Wrong result from scheme_eval: input '(define (outer-func x y)\n                  (define (inner z x)\n                    (list x y z))\n                  inner)\n                 ((outer-func 1 2)  1 10)'
   returned 'BdbQuit ' not Pair(10, Pair(2, Pair(1, nil)))
yj@Air:scheme $ ./test.py 12
You are running version 1.4 of the autograder
Test problem_12
===============
> /Users/yj/cmu/scheme/scheme.py(65)scheme_apply()
-> frame=Frame(env)
(Pdb) c
> /Users/yj/cmu/scheme/scheme.py(65)scheme_apply()
-> frame=Frame(env)
(Pdb) c
> /Users/yj/cmu/scheme/scheme.py(65)scheme_apply()
-> frame=Frame(env)
(Pdb) n
> /Users/yj/cmu/scheme/scheme.py(66)scheme_apply()
-> frame=frame.make_call_frame(procedure.formals,args)
(Pdb) l
 61  	        return apply_primitive(procedure, args, env)
 62  	    elif isinstance(procedure, LambdaProcedure):
 63  	        "*** YOUR CODE HERE ***"
 64  	        import pdb;pdb.set_trace()
 65  	        frame=Frame(env)
 66  ->	        frame=frame.make_call_frame(procedure.formals,args)
 67  	        return scheme_eval(procedure.body,frame)
 68  	    elif isinstance(procedure, MuProcedure):
 69  	        "*** YOUR CODE HERE ***"
 70  	    else:
 71  	        raise SchemeError("Cannot call {0}".format(str(procedure)))
(Pdb) p env
<Global Frame>
(Pdb) p args
Pair(5, nil)
(Pdb) n
> /Users/yj/cmu/scheme/scheme.py(67)scheme_apply()
-> return scheme_eval(procedure.body,frame)
(Pdb) p frame
<{x: 5} -> <{} -> <Global Frame>>>
(Pdb) s
--Call--
> /Users/yj/cmu/scheme/scheme.py(13)scheme_eval()
-> def scheme_eval(expr, env):
(Pdb) n
> /Users/yj/cmu/scheme/scheme.py(22)scheme_eval()
-> if expr is None:
(Pdb) p expr
Pair('f', Pair(Pair('g', Pair('x', nil)), nil))
(Pdb) n
> /Users/yj/cmu/scheme/scheme.py(26)scheme_eval()
-> if scheme_symbolp(expr):
(Pdb) n
> /Users/yj/cmu/scheme/scheme.py(28)scheme_eval()
-> elif scheme_atomp(expr) or scheme_stringp(expr) or expr is okay:
(Pdb) n
> /Users/yj/cmu/scheme/scheme.py(32)scheme_eval()
-> if not scheme_listp(expr):
(Pdb) n
> /Users/yj/cmu/scheme/scheme.py(34)scheme_eval()
-> first, rest = expr.first, expr.second
(Pdb) n
> /Users/yj/cmu/scheme/scheme.py(37)scheme_eval()
-> if (scheme_symbolp(first) # first might be unhashable
(Pdb) p first
'f'
(Pdb) p rest
Pair(Pair('g', Pair('x', nil)), nil)
(Pdb) n
> /Users/yj/cmu/scheme/scheme.py(38)scheme_eval()
-> and first in LOGIC_FORMS):
(Pdb) n
> /Users/yj/cmu/scheme/scheme.py(40)scheme_eval()
-> elif first == "lambda":
(Pdb) n
> /Users/yj/cmu/scheme/scheme.py(42)scheme_eval()
-> elif first == "mu":
(Pdb) n
> /Users/yj/cmu/scheme/scheme.py(44)scheme_eval()
-> elif first == "define":
(Pdb) n
> /Users/yj/cmu/scheme/scheme.py(46)scheme_eval()
-> elif first == "quote":
(Pdb) n
> /Users/yj/cmu/scheme/scheme.py(49)scheme_eval()
-> elif first == "let":
(Pdb) n
> /Users/yj/cmu/scheme/scheme.py(53)scheme_eval()
-> procedure = scheme_eval(first, env)
(Pdb) p frist
*** NameError: name 'frist' is not defined
(Pdb) p first
'f'
(Pdb) n
scheme_primitives.SchemeError: unknown identifier: f
> /Users/yj/cmu/scheme/scheme.py(53)scheme_eval()
-> procedure = scheme_eval(first, env)
(Pdb) p procedure
*** NameError: name 'procedure' is not defined
(Pdb) 
Wrong result from scheme_eval: input '(define double (lambda (x) (* 2 x)))\n                 (define compose (lambda (f g) (lambda (x) (f (g x)))))\n                 (define apply-twice (lambda (f) (compose f f)))\n                 ((apply-twice double) 5)'
   returned 'BdbQuit ' not 20
> /Users/yj/cmu/scheme/scheme.py(65)scheme_apply()
-> args=[scheme_eval(arg,env) for arg in args]
(Pdb) 
Wrong result from scheme_eval: input '(define (outer x y)\n                  (define (inner z x)\n                    (list x y z))\n                  (inner x 10))\n                 (outer 1 2)'
   returned 'BdbQuit ' not Pair(10, Pair(2, Pair(1, nil)))
> /Users/yj/cmu/scheme/scheme.py(65)scheme_apply()
-> args=[scheme_eval(arg,env) for arg in args]
(Pdb) 
Wrong result from scheme_eval: input '(define (outer-func x y)\n                  (define (inner z x)\n                    (list x y z))\n                  inner)\n                 ((outer-func 1 2)  1 10)'
   returned 'BdbQuit ' not Pair(10, Pair(2, Pair(1, nil)))
yj@Air:scheme $ ./test.py 12
You are running version 1.4 of the autograder
Test problem_12
===============
Wrong result from scheme_eval: input '(define double (lambda (x) (* 2 x)))\n                 (define compose (lambda (f g) (lambda (x) (f (g x)))))\n                 (define apply-twice (lambda (f) (compose f f)))\n                 ((apply-twice double) 5)'
   returned 'SchemeError' not 20
Wrong result from scheme_eval: input '(define (outer-func x y)\n                  (define (inner z x)\n                    (list x y z))\n                  inner)\n                 ((outer-func 1 2)  1 10)'
   returned 'SchemeError' not Pair(10, Pair(2, Pair(1, nil)))
yj@Air:scheme $ ./test.py 12
You are running version 1.4 of the autograder
Test problem_12
===============
> /Users/yj/cmu/scheme/scheme.py(65)scheme_apply()
-> frame=Frame(env)
(Pdb) p args
Pair(LambdaProcedure(Pair('x', nil), Pair('*', Pair(2, Pair('x', nil))), <Global Frame>), nil)
(Pdb) 
Wrong result from scheme_eval: input '(define double (lambda (x) (* 2 x)))\n                 (define compose (lambda (f g) (lambda (x) (f (g x)))))\n                 (define apply-twice (lambda (f) (compose f f)))\n                 ((apply-twice double) 5)'
   returned 'BdbQuit ' not 20
> /Users/yj/cmu/scheme/scheme.py(65)scheme_apply()
-> frame=Frame(env)
(Pdb) 
Wrong result from scheme_eval: input '(define (outer x y)\n                  (define (inner z x)\n                    (list x y z))\n                  (inner x 10))\n                 (outer 1 2)'
   returned 'BdbQuit ' not Pair(10, Pair(2, Pair(1, nil)))
> /Users/yj/cmu/scheme/scheme.py(65)scheme_apply()
-> frame=Frame(env)
(Pdb) 
Wrong result from scheme_eval: input '(define (outer-func x y)\n                  (define (inner z x)\n                    (list x y z))\n                  inner)\n                 ((outer-func 1 2)  1 10)'
   returned 'BdbQuit ' not Pair(10, Pair(2, Pair(1, nil)))
yj@Air:scheme $ ./test.py 12
You are running version 1.4 of the autograder
Test problem_12
===============
> /Users/yj/cmu/scheme/scheme.py(65)scheme_apply()
-> frame=Frame(env)
(Pdb) p args
Pair(LambdaProcedure(Pair('x', nil), Pair('*', Pair(2, Pair('x', nil))), <Global Frame>), nil)
(Pdb) n
> /Users/yj/cmu/scheme/scheme.py(66)scheme_apply()
-> frame=frame.make_call_frame(procedure.formals,args)
(Pdb) n
> /Users/yj/cmu/scheme/scheme.py(67)scheme_apply()
-> return scheme_eval(procedure.body,frame)
(Pdb) p frame
<{f: (lambda (x) (* 2 x))} -> <{} -> <Global Frame>>>
(Pdb) n
> /Users/yj/cmu/scheme/scheme.py(65)scheme_apply()
-> frame=Frame(env)
(Pdb) n
> /Users/yj/cmu/scheme/scheme.py(66)scheme_apply()
-> frame=frame.make_call_frame(procedure.formals,args)
(Pdb) p args
Pair(LambdaProcedure(Pair('x', nil), Pair('*', Pair(2, Pair('x', nil))), <Global Frame>), Pair(LambdaProcedure(Pair('x', nil), Pair('*', Pair(2, Pair('x', nil))), <Global Frame>), nil))
(Pdb) p str(args)
'((lambda (x) (* 2 x)) (lambda (x) (* 2 x)))'
(Pdb) n
> /Users/yj/cmu/scheme/scheme.py(67)scheme_apply()
-> return scheme_eval(procedure.body,frame)
(Pdb) p frame
<{f: (lambda (x) (* 2 x)), g: (lambda (x) (* 2 x))} -> <{} -> <{f: (lambda (x) (* 2 x))} -> <{} -> <Global Frame>>>>>
(Pdb) n
--Return--
> /Users/yj/cmu/scheme/scheme.py(67)scheme_apply()->LambdaProcedu...al Frame>>>>>)
-> return scheme_eval(procedure.body,frame)
(Pdb) p procedure
LambdaProcedure(Pair('f', Pair('g', nil)), Pair('lambda', Pair(Pair('x', nil), Pair(Pair('f', Pair(Pair('g', Pair('x', nil)), nil)), nil))), <Global Frame>)
(Pdb) p str(procedure)
'(lambda (f g) (lambda (x) (f (g x))))'
(Pdb) p args
Pair(LambdaProcedure(Pair('x', nil), Pair('*', Pair(2, Pair('x', nil))), <Global Frame>), Pair(LambdaProcedure(Pair('x', nil), Pair('*', Pair(2, Pair('x', nil))), <Global Frame>), nil))
(Pdb) p str(args)
'((lambda (x) (* 2 x)) (lambda (x) (* 2 x)))'
(Pdb) p str(procedure.formals)
'(f g)'
(Pdb) n
--Return--
> /Users/yj/cmu/scheme/scheme.py(55)scheme_eval()->LambdaProcedu...al Frame>>>>>)
-> return scheme_apply(procedure, args, env)
(Pdb) p frame
*** NameError: name 'frame' is not defined
(Pdb) p procedure
LambdaProcedure(Pair('f', Pair('g', nil)), Pair('lambda', Pair(Pair('x', nil), Pair(Pair('f', Pair(Pair('g', Pair('x', nil)), nil)), nil))), <Global Frame>)
(Pdb) p str(procedure)
'(lambda (f g) (lambda (x) (f (g x))))'
(Pdb) p str(arg)
*** NameError: name 'arg' is not defined
(Pdb) p str(args)
'((lambda (x) (* 2 x)) (lambda (x) (* 2 x)))'
(Pdb) s
--Return--
> /Users/yj/cmu/scheme/scheme.py(67)scheme_apply()->LambdaProcedu...al Frame>>>>>)
-> return scheme_eval(procedure.body,frame)
(Pdb) n
--Return--
> /Users/yj/cmu/scheme/scheme.py(55)scheme_eval()->LambdaProcedu...al Frame>>>>>)
-> return scheme_apply(procedure, args, env)
(Pdb) p frame
*** NameError: name 'frame' is not defined
(Pdb) n
> /Users/yj/cmu/scheme/scheme.py(54)scheme_eval()
-> args = rest.map(lambda operand: scheme_eval(operand, env))
(Pdb) n
> /Users/yj/cmu/scheme/scheme.py(55)scheme_eval()
-> return scheme_apply(procedure, args, env)
(Pdb)  pargs
*** NameError: name 'pargs' is not defined
(Pdb) p args
Pair(5, nil)
(Pdb) n
> /Users/yj/cmu/scheme/scheme.py(65)scheme_apply()
-> frame=Frame(env)
(Pdb) n
> /Users/yj/cmu/scheme/scheme.py(66)scheme_apply()
-> frame=frame.make_call_frame(procedure.formals,args)
(Pdb) n
> /Users/yj/cmu/scheme/scheme.py(67)scheme_apply()
-> return scheme_eval(procedure.body,frame)
(Pdb) p frame
<{x: 5} -> <{} -> <Global Frame>>>
(Pdb) p procedure.body
Pair('f', Pair(Pair('g', Pair('x', nil)), nil))
(Pdb) p str(procedure.body)
'(f (g x))'
(Pdb) l
 62  	    elif isinstance(procedure, LambdaProcedure):
 63  	        "*** YOUR CODE HERE ***"
 64  	        import pdb;pdb.set_trace()
 65  	        frame=Frame(env)
 66  	        frame=frame.make_call_frame(procedure.formals,args)
 67  ->	        return scheme_eval(procedure.body,frame)
 68  	    elif isinstance(procedure, MuProcedure):
 69  	        "*** YOUR CODE HERE ***"
 70  	    else:
 71  	        raise SchemeError("Cannot call {0}".format(str(procedure)))
 72  	
(Pdb) p frame
<{x: 5} -> <{} -> <Global Frame>>>
(Pdb) s
--Call--
> /Users/yj/cmu/scheme/scheme.py(13)scheme_eval()
-> def scheme_eval(expr, env):
(Pdb) n
> /Users/yj/cmu/scheme/scheme.py(22)scheme_eval()
-> if expr is None:
(Pdb) 
Wrong result from scheme_eval: input '(define double (lambda (x) (* 2 x)))\n                 (define compose (lambda (f g) (lambda (x) (f (g x)))))\n                 (define apply-twice (lambda (f) (compose f f)))\n                 ((apply-twice double) 5)'
   returned 'BdbQuit ' not 20
> /Users/yj/cmu/scheme/scheme.py(65)scheme_apply()
-> frame=Frame(procedure.env)
(Pdb) 
Wrong result from scheme_eval: input '(define (outer x y)\n                  (define (inner z x)\n                    (list x y z))\n                  (inner x 10))\n                 (outer 1 2)'
   returned 'BdbQuit ' not Pair(10, Pair(2, Pair(1, nil)))
> /Users/yj/cmu/scheme/scheme.py(65)scheme_apply()
-> frame=Frame(procedure.env)
(Pdb) 
Wrong result from scheme_eval: input '(define (outer-func x y)\n                  (define (inner z x)\n                    (list x y z))\n                  inner)\n                 ((outer-func 1 2)  1 10)'
   returned 'BdbQuit ' not Pair(10, Pair(2, Pair(1, nil)))
yj@Air:scheme $ 
yj@Air:scheme $ 
yj@Air:scheme $ 
yj@Air:scheme $ ./test.py 12
You are running version 1.4 of the autograder
Test problem_12
===============
> /Users/yj/cmu/scheme/scheme.py(65)scheme_apply()
-> frame=Frame(procedure.env)
(Pdb) 
Wrong result from scheme_eval: input '(define double (lambda (x) (* 2 x)))\n                 (define compose (lambda (f g) (lambda (x) (f (g x)))))\n                 (define apply-twice (lambda (f) (compose f f)))\n                 ((apply-twice double) 5)'
   returned 'BdbQuit ' not 20
> /Users/yj/cmu/scheme/scheme.py(65)scheme_apply()
-> frame=frame.make_call_frame(procedure.formals,args)
(Pdb) 
Wrong result from scheme_eval: input '(define (outer x y)\n                  (define (inner z x)\n                    (list x y z))\n                  (inner x 10))\n                 (outer 1 2)'
   returned 'BdbQuit ' not Pair(10, Pair(2, Pair(1, nil)))
> /Users/yj/cmu/scheme/scheme.py(65)scheme_apply()
-> frame=frame.make_call_frame(procedure.formals,args)
(Pdb) 
Wrong result from scheme_eval: input '(define (outer-func x y)\n                  (define (inner z x)\n                    (list x y z))\n                  inner)\n                 ((outer-func 1 2)  1 10)'
   returned 'BdbQuit ' not Pair(10, Pair(2, Pair(1, nil)))
yj@Air:scheme $ ./test.py 12
You are running version 1.4 of the autograder
Test problem_12
===============
All released tests passed

yj@Air:scheme $ ls
#*shell*#		scheme.py		scheme_tokens.py
*shell*			scheme.py~		test.py
*shell*~		scheme_grader.py	test.py~
__pycache__		scheme_grader.py~	test.sh
autograder.py		scheme_primitives.py	tests.scm
autograder.py~		scheme_reader.py	ucb.py
buffer.py		scheme_reader.py~	ucb.pyc
questions.scm		scheme_test.py
yj@Air:scheme $ ls
#*shell*#		scheme.py		scheme_tokens.py
*shell*			scheme.py~		test.py
*shell*~		scheme_grader.py	test.py~
__pycache__		scheme_grader.py~	test.sh
autograder.py		scheme_primitives.py	tests.scm
autograder.py~		scheme_reader.py	ucb.py
buffer.py		scheme_reader.py~	ucb.pyc
questions.scm		scheme_test.py
yj@Air:scheme $ rm *shell*
remove #*shell*#? y
remove *shell*? y
remove *shell*~? y
yj@Air:scheme $ ls
__pycache__		scheme_grader.py	test.py
autograder.py		scheme_grader.py~	test.py~
autograder.py~		scheme_primitives.py	test.sh
buffer.py		scheme_reader.py	tests.scm
questions.scm		scheme_reader.py~	ucb.py
scheme.py		scheme_test.py		ucb.pyc
scheme.py~		scheme_tokens.py
yj@Air:scheme $ ./test.py 12
You are running version 1.4 of the autograder
Test problem_12
===============
All released tests passed

yj@Air:scheme $ ./test.py 
Traceback (most recent call last):
  File "./test.py", line 4, in <module>
    cmd="python3 scheme_grader.py -q "+sys.argv[1]
IndexError: list index out of range
yj@Air:scheme $ ./test.py 13
You are running version 1.4 of the autograder
Test problem_A13
================
Wrong result from scheme_eval: input '(if #t 1 0)'
   returned 'SchemeError' not 1
Wrong result from scheme_eval: input '(if #f 1 0)'
   returned 'SchemeError' not 0
Wrong result from scheme_eval: input '(if 1 1 0)'
   returned 'SchemeError' not 1
Wrong result from scheme_eval: input "(if 'a 1 0)"
   returned 'SchemeError' not 1
Wrong result from scheme_eval: input '(if (cons 1 2) 1 0)'
   returned 'SchemeError' not 1
Wrong result from scheme_eval: input '(if #t 1)'
   returned 'SchemeError' not 1
Wrong result from scheme_eval: input '(if #f 1)'
   returned 'SchemeError' not okay
yj@Air:scheme $ ./test.py 12
You are running version 1.4 of the autograder
Test problem_12
===============
All released tests passed

yj@Air:scheme $ ./test.py 13
Unfortunately, the autograder cannot run because your program contains a syntax error:
Traceback (most recent call last):
  File "scheme_grader.py", line 17, in <module>
    import scheme, scheme_reader
  File "/Users/yj/cmu/scheme/scheme.py", line 288
    if vals[2]
             ^
SyntaxError: invalid syntax
yj@Air:scheme $ ./test.py 13
You are running version 1.4 of the autograder
Test problem_A13
================
Wrong result from scheme_eval: input '(if #f 1 0)'
   returned "UnboundLocalError local variable 'alt' referenced before assignment" not 0
Wrong result from scheme_eval: input '(if (cons 1 2) 1 0)'
   returned 'TypeError length attempted on improper list' not 1
Wrong result from scheme_eval: input '(if #t 1)'
   returned 'IndexError list index out of bounds' not 1
Wrong result from scheme_eval: input '(if #f 1)'
   returned 'IndexError list index out of bounds' not okay
yj@Air:scheme $ ./test.py 13
You are running version 1.4 of the autograder
Test problem_A13
================
Wrong result from scheme_eval: input '(if #f 1 0)'
   returned okay not 0
Wrong result from scheme_eval: input '(if (cons 1 2) 1 0)'
   returned 'TypeError length attempted on improper list' not 1
Wrong result from scheme_eval: input '(if #t 1)'
   returned 'IndexError list index out of bounds' not 1
Wrong result from scheme_eval: input '(if #f 1)'
   returned 'IndexError list index out of bounds' not okay
yj@Air:scheme $ ./test.py 13
You are running version 1.4 of the autograder
Test problem_A13
================
> /Users/yj/cmu/scheme/scheme.py(287)do_if_form()
-> cond = vals[0]
(Pdb) n
> /Users/yj/cmu/scheme/scheme.py(288)do_if_form()
-> conseq = vals[1]
(Pdb) p vals
Pair(True, Pair(1, Pair(0, nil)))
(Pdb) p str(vals)
'(True 1 0)'
(Pdb) n
> /Users/yj/cmu/scheme/scheme.py(289)do_if_form()
-> alt=None
(Pdb) p cond
True
(Pdb) p conseq
1
(Pdb) n
> /Users/yj/cmu/scheme/scheme.py(290)do_if_form()
-> if vals[2]:
(Pdb) n
> /Users/yj/cmu/scheme/scheme.py(292)do_if_form()
-> expr = conseq if scheme_eval(cond,env) else ( alt if alt is not None else okay)
(Pdb) p alt
None
(Pdb) n
> /Users/yj/cmu/scheme/scheme.py(293)do_if_form()
-> return scheme_eval(expr,env)
(Pdb) p expr
1
(Pdb) n
--Return--
> /Users/yj/cmu/scheme/scheme.py(293)do_if_form()->1
-> return scheme_eval(expr,env)
(Pdb) n
--Call--
> /Users/yj/cmu/scheme/scheme.py(13)scheme_eval()
-> def scheme_eval(expr, env):
(Pdb) c
> /Users/yj/cmu/scheme/scheme.py(287)do_if_form()
-> cond = vals[0]
(Pdb) p vals
Pair(False, Pair(1, Pair(0, nil)))
(Pdb) n
> /Users/yj/cmu/scheme/scheme.py(288)do_if_form()
-> conseq = vals[1]
(Pdb) 
> /Users/yj/cmu/scheme/scheme.py(289)do_if_form()
-> alt=None
(Pdb) 
> /Users/yj/cmu/scheme/scheme.py(290)do_if_form()
-> if vals[2]:
(Pdb) n
> /Users/yj/cmu/scheme/scheme.py(292)do_if_form()
-> expr = conseq if scheme_eval(cond,env) else ( alt if alt is not None else okay)
(Pdb) p cond
False
(Pdb) p str(vals)
'(False 1 0)'
(Pdb) p alt
None
(Pdb) 
Wrong result from scheme_eval: input '(if #f 1 0)'
   returned 'BdbQuit ' not 0
> /Users/yj/cmu/scheme/scheme.py(287)do_if_form()
-> cond = vals[0]
(Pdb) 
Wrong result from scheme_eval: input '(if 1 1 0)'
   returned 'BdbQuit ' not 1
> /Users/yj/cmu/scheme/scheme.py(287)do_if_form()
-> cond = vals[0]
(Pdb) 
Wrong result from scheme_eval: input "(if 'a 1 0)"
   returned 'BdbQuit ' not 1
> /Users/yj/cmu/scheme/scheme.py(287)do_if_form()
-> cond = vals[0]
(Pdb) 
Wrong result from scheme_eval: input '(if (cons 1 2) 1 0)'
   returned 'BdbQuit ' not 1
> /Users/yj/cmu/scheme/scheme.py(287)do_if_form()
-> cond = vals[0]
(Pdb) 
Wrong result from scheme_eval: input '(if #t 1)'
   returned 'BdbQuit ' not 1
> /Users/yj/cmu/scheme/scheme.py(287)do_if_form()
-> cond = vals[0]
(Pdb) 
Wrong result from scheme_eval: input '(if #f 1)'
   returned 'BdbQuit ' not okay
yj@Air:scheme $ ./test.py 13
You are running version 1.4 of the autograder
Test problem_A13
================
> /Users/yj/cmu/scheme/scheme.py(287)do_if_form()
-> cond = vals[0]
(Pdb) c
> /Users/yj/cmu/scheme/scheme.py(287)do_if_form()
-> cond = vals[0]
(Pdb) p vals
Pair(False, Pair(1, Pair(0, nil)))
(Pdb) p vals[0]
False
(Pdb) p vals[1]
1
(Pdb) p vals[2]
0
(Pdb) n
> /Users/yj/cmu/scheme/scheme.py(288)do_if_form()
-> conseq = vals[1]
(Pdb) 
> /Users/yj/cmu/scheme/scheme.py(289)do_if_form()
-> alt=None
(Pdb) n
> /Users/yj/cmu/scheme/scheme.py(290)do_if_form()
-> if vals[2] is not nil:
(Pdb) 
> /Users/yj/cmu/scheme/scheme.py(291)do_if_form()
-> alt= vals[2]
(Pdb) n
> /Users/yj/cmu/scheme/scheme.py(292)do_if_form()
-> expr = conseq if scheme_eval(cond,env) else ( alt if alt is not None else okay)
(Pdb) p alt
0
(Pdb) n
> /Users/yj/cmu/scheme/scheme.py(293)do_if_form()
-> return scheme_eval(expr,env)
(Pdb) 
--Return--
> /Users/yj/cmu/scheme/scheme.py(293)do_if_form()->0
-> return scheme_eval(expr,env)
(Pdb) 
--Call--
> /Users/yj/cmu/scheme/scheme.py(13)scheme_eval()
-> def scheme_eval(expr, env):
(Pdb) 
Wrong result from scheme_eval: input '(if #f 1 0)'
   returned 'BdbQuit ' not 0
> /Users/yj/cmu/scheme/scheme.py(287)do_if_form()
-> cond = vals[0]
(Pdb) 
Wrong result from scheme_eval: input '(if 1 1 0)'
   returned 'BdbQuit ' not 1
> /Users/yj/cmu/scheme/scheme.py(287)do_if_form()
-> cond = vals[0]
(Pdb) 
Wrong result from scheme_eval: input "(if 'a 1 0)"
   returned 'BdbQuit ' not 1
> /Users/yj/cmu/scheme/scheme.py(287)do_if_form()
-> cond = vals[0]
(Pdb) 
Wrong result from scheme_eval: input '(if (cons 1 2) 1 0)'
   returned 'BdbQuit ' not 1
> /Users/yj/cmu/scheme/scheme.py(287)do_if_form()
-> cond = vals[0]
(Pdb)   C-c C-cTraceback (most recent call last):
  File "scheme_grader.py", line 709, in <module>
Traceback (most recent call last):
  File "./test.py", line 7, in <module>
    call(cmd,shell=True)
  File "/System/Library/Frameworks/Python.framework/Versions/2.7/lib/python2.7/subprocess.py", line 522, in call
    @main
  File "/Users/yj/cmu/scheme/ucb.py", line 24, in main
    fn(*args) # Call the main function
  File "scheme_grader.py", line 711, in run
    run_tests(**project_info)
  File "/Users/yj/cmu/scheme/autograder.py", line 177, in run_tests
    return Popen(*popenargs, **kwargs).wait()
  File "/System/Library/Frameworks/Python.framework/Versions/2.7/lib/python2.7/subprocess.py", line 1375, in wait
    test_all(name, tests)
  File "/Users/yj/cmu/scheme/autograder.py", line 29, in test_all
    failure = test.fn(None)
  File "scheme_grader.py", line 300, in problem_A13
    pid, sts = _eintr_retry_call(os.waitpid, self.pid, 0)
  File "/System/Library/Frameworks/Python.framework/Versions/2.7/lib/python2.7/subprocess.py", line 476, in _eintr_retry_call
    return func(*args)
KeyboardInterrupt
    if check_func(scheme_eval, tests1, comp=scheme_equal):
  File "/Users/yj/cmu/scheme/autograder.py", line 89, in check_func
    val = test_eval(func, input)
  File "/Users/yj/cmu/scheme/autograder.py", line 47, in test_eval
    result = timed(func, timeout, inputs, kwargs)
  File "/Users/yj/cmu/scheme/autograder.py", line 70, in timed
    submission.join(timeout)
  File "/usr/local/Cellar/python3/3.4.2_1/Frameworks/Python.framework/Versions/3.4/lib/python3.4/threading.py", line 1065, in join
yj@Air:scheme $     self._wait_for_tstate_lock(timeout=max(timeout, 0))
  File "/usr/local/Cellar/python3/3.4.2_1/Frameworks/Python.framework/Versions/3.4/lib/python3.4/threading.py", line 1077, in _wait_for_tstate_lock
    elif lock.acquire(block, timeout):
KeyboardInterrupt

bash: : command not found
yj@Air:scheme $ 
yj@Air:scheme $ ./test.py 13
You are running version 1.4 of the autograder
Test problem_A13
================
Wrong result from scheme_eval: input '(if (cons 1 2) 1 0)'
   returned 'TypeError length attempted on improper list' not 1
Wrong result from scheme_eval: input '(if #t 1)'
   returned 'IndexError list index out of bounds' not 1
Wrong result from scheme_eval: input '(if #f 1)'
   returned 'IndexError list index out of bounds' not okay
yj@Air:scheme $ ./test.py
usage: scheme_grader.py [-h] [-q QUESTION] [-v]
scheme_grader.py: error: argument -q/--question: expected one argument
yj@Air:scheme $ ./test.py 13
You are running version 1.4 of the autograder
Test problem_A13
================
> /Users/yj/cmu/scheme/scheme.py(287)do_if_form()
-> cond = vals[0]
(Pdb) c
> /Users/yj/cmu/scheme/scheme.py(287)do_if_form()
-> cond = vals[0]
(Pdb) c
> /Users/yj/cmu/scheme/scheme.py(287)do_if_form()
-> cond = vals[0]
(Pdb) c
> /Users/yj/cmu/scheme/scheme.py(287)do_if_form()
-> cond = vals[0]
(Pdb) p str(vals)
'((quote a) 1 0)'
(Pdb) c
> /Users/yj/cmu/scheme/scheme.py(287)do_if_form()
-> cond = vals[0]
(Pdb) p str(vals)
'((cons 1 2) 1 0)'
(Pdb) n
> /Users/yj/cmu/scheme/scheme.py(288)do_if_form()
-> conseq = vals[1]
(Pdb) n
> /Users/yj/cmu/scheme/scheme.py(289)do_if_form()
-> alt=None
(Pdb) n
> /Users/yj/cmu/scheme/scheme.py(290)do_if_form()
-> if vals[2] is not nil:
(Pdb) n
> /Users/yj/cmu/scheme/scheme.py(291)do_if_form()
-> alt= vals[2]
(Pdb) n
> /Users/yj/cmu/scheme/scheme.py(292)do_if_form()
-> expr = conseq if scheme_eval(cond,env) else ( alt if alt is not None else okay)
(Pdb) p alt
0
(Pdb) n
TypeError: length attempted on improper list
> /Users/yj/cmu/scheme/scheme.py(292)do_if_form()
-> expr = conseq if scheme_eval(cond,env) else ( alt if alt is not None else okay)
(Pdb) palt
*** NameError: name 'palt' is not defined
(Pdb) p alt
0
(Pdb) p cond
Pair('cons', Pair(1, Pair(2, nil)))
(Pdb) p str(cond)
'(cons 1 2)'
(Pdb) '(cons 1 2)'
'(cons 1 2)'
(Pdb)   C-c C-cTraceback (most recent call last):
  File "scheme_grader.py", line 709, in <module>
Traceback (most recent call last):
  File "./test.py", line 7, in <module>
    call(cmd,shell=True)
  File "/System/Library/Frameworks/Python.framework/Versions/2.7/lib/python2.7/subprocess.py", line 522, in call
    return Popen(*popenargs, **kwargs).wait()
  File "/System/Library/Frameworks/Python.framework/Versions/2.7/lib/python2.7/subprocess.py", line 1375, in wait
    pid, sts = _eintr_retry_call(os.waitpid, self.pid, 0)
  File "/System/Library/Frameworks/Python.framework/Versions/2.7/lib/python2.7/subprocess.py", line 476, in _eintr_retry_call
    return func(*args)
KeyboardInterrupt
    @main
  File "/Users/yj/cmu/scheme/ucb.py", line 24, in main
    fn(*args) # Call the main function
  File "scheme_grader.py", line 711, in run
    run_tests(**project_info)
  File "/Users/yj/cmu/scheme/autograder.py", line 177, in run_tests
    test_all(name, tests)
  File "/Users/yj/cmu/scheme/autograder.py", line 29, in test_all
    failure = test.fn(None)
  File "scheme_grader.py", line 300, in problem_A13
    if check_func(scheme_eval, tests1, comp=scheme_equal):
  File "/Users/yj/cmu/scheme/autograder.py", line 89, in check_func
    val = test_eval(func, input)
  File "/Users/yj/cmu/scheme/autograder.py", line 47, in test_eval
    result = timed(func, timeout, inputs, kwargs)
  File "/Users/yj/cmu/scheme/autograder.py", line 70, in timed
    submission.join(timeout)
  File "/usr/local/Cellar/python3/3.4.2_1/Frameworks/Python.framework/Versions/3.4/lib/python3.4/threading.py", line 1065, in join
    self._wait_for_tstate_lock(timeout=max(timeout, 0))
  File "/usr/local/Cellar/python3/3.4.2_1/Frameworks/Python.framework/Versions/3.4/lib/python3.4/threading.py", line 1077, in _wait_for_tstate_lock
    elif lock.acquire(block, timeout):
KeyboardInterrupt
yj@Air:scheme $ ./test.py 13
Unfortunately, the autograder cannot run because your program contains a syntax error:
Traceback (most recent call last):
  File "scheme_grader.py", line 17, in <module>
    import scheme, scheme_reader
  File "/Users/yj/cmu/scheme/scheme.py", line 292
    expr = conseq if scheme_eval(cond,env)!= else ( alt if alt is not None else okay)
                                                ^
SyntaxError: invalid syntax
yj@Air:scheme $ ./test.py 13
You are running version 1.4 of the autograder
Test problem_A13
================
> /Users/yj/cmu/scheme/scheme.py(287)do_if_form()
-> cond = vals[0]
(Pdb) p str(vals)
'((cons 1 2) 1 0)'
(Pdb) n
> /Users/yj/cmu/scheme/scheme.py(288)do_if_form()
-> conseq = vals[1]
(Pdb) 
> /Users/yj/cmu/scheme/scheme.py(289)do_if_form()
-> alt=None
(Pdb) 
> /Users/yj/cmu/scheme/scheme.py(290)do_if_form()
-> if vals[2] is not nil:
(Pdb) p vals[2]
0
(Pdb) n
> /Users/yj/cmu/scheme/scheme.py(291)do_if_form()
-> alt= vals[2]
(Pdb) 
> /Users/yj/cmu/scheme/scheme.py(292)do_if_form()
-> expr = conseq if scheme_eval(cond,env) else ( alt if alt is not None else okay)
(Pdb) s
--Call--
> /Users/yj/cmu/scheme/scheme.py(13)scheme_eval()
-> def scheme_eval(expr, env):
(Pdb) p expr
Pair('cons', Pair(1, Pair(2, nil)))
(Pdb) n
> /Users/yj/cmu/scheme/scheme.py(22)scheme_eval()
-> if expr is None:
(Pdb) n
> /Users/yj/cmu/scheme/scheme.py(26)scheme_eval()
-> if scheme_symbolp(expr):
(Pdb) n
> /Users/yj/cmu/scheme/scheme.py(28)scheme_eval()
-> elif scheme_atomp(expr) or scheme_stringp(expr) or expr is okay:
(Pdb) n
> /Users/yj/cmu/scheme/scheme.py(32)scheme_eval()
-> if not scheme_listp(expr):
(Pdb) n
> /Users/yj/cmu/scheme/scheme.py(34)scheme_eval()
-> first, rest = expr.first, expr.second
(Pdb) n
> /Users/yj/cmu/scheme/scheme.py(37)scheme_eval()
-> if (scheme_symbolp(first) # first might be unhashable
(Pdb) n
> /Users/yj/cmu/scheme/scheme.py(38)scheme_eval()
-> and first in LOGIC_FORMS):
(Pdb) n
> /Users/yj/cmu/scheme/scheme.py(40)scheme_eval()
-> elif first == "lambda":
(Pdb) n
> /Users/yj/cmu/scheme/scheme.py(42)scheme_eval()
-> elif first == "mu":
(Pdb) n
> /Users/yj/cmu/scheme/scheme.py(44)scheme_eval()
-> elif first == "define":
(Pdb) n
> /Users/yj/cmu/scheme/scheme.py(46)scheme_eval()
-> elif first == "quote":
(Pdb) n
> /Users/yj/cmu/scheme/scheme.py(49)scheme_eval()
-> elif first == "let":
(Pdb) n
> /Users/yj/cmu/scheme/scheme.py(53)scheme_eval()
-> procedure = scheme_eval(first, env)
(Pdb) n
> /Users/yj/cmu/scheme/scheme.py(54)scheme_eval()
-> args = rest.map(lambda operand: scheme_eval(operand, env))
(Pdb) n
> /Users/yj/cmu/scheme/scheme.py(55)scheme_eval()
-> return scheme_apply(procedure, args, env)
(Pdb) n
--Return--
> /Users/yj/cmu/scheme/scheme.py(55)scheme_eval()->Pair(1, 2)
-> return scheme_apply(procedure, args, env)
(Pdb) n
--Call--
> /Users/yj/cmu/scheme/scheme_reader.py(58)__len__()
-> def __len__(self):
(Pdb) n
> /Users/yj/cmu/scheme/scheme_reader.py(59)__len__()
-> n, second = 1, self.second
(Pdb) r
--Return--
> /Users/yj/cmu/scheme/scheme_reader.py(64)__len__()->None
-> raise TypeError("length attempted on improper list")
(Pdb) r
TypeError: length attempted on improper list
> /Users/yj/cmu/scheme/scheme.py(292)do_if_form()
-> expr = conseq if scheme_eval(cond,env) else ( alt if alt is not None else okay)
(Pdb) run
Wrong result from scheme_eval: input '(if (cons 1 2) 1 0)'
   returned 'Restart ' not 1
> /Users/yj/cmu/scheme/scheme.py(287)do_if_form()
-> cond = vals[0]
(Pdb) n
> /Users/yj/cmu/scheme/scheme.py(288)do_if_form()
-> conseq = vals[1]
(Pdb)  p str(vals)
'(True 1)'
(Pdb) l
283  	    """Evaluate if form with parameters VALS in environment ENV."""
284  	    check_form(vals, 2, 3)
285  	    "*** YOUR CODE HERE ***"
286  	    import pdb;pdb.set_trace()
287  	    cond = vals[0]
288  ->	    conseq = vals[1]
289  	    alt=None
290  	    if vals[2] is not nil:
291  	        alt= vals[2]
292  	    cond=scheme_eval(cond,env)
293  	    expr = conseq if cond else ( alt if alt is not None else okay)
(Pdb) 
Wrong result from scheme_eval: input '(if #t 1)'
   returned 'BdbQuit ' not 1
> /Users/yj/cmu/scheme/scheme.py(287)do_if_form()
-> cond = vals[0]
(Pdb) 
Wrong result from scheme_eval: input '(if #f 1)'
   returned 'BdbQuit ' not okay
yj@Air:scheme $ ./test.py 13
You are running version 1.4 of the autograder
Test problem_A13
================
> /Users/yj/cmu/scheme/scheme.py(287)do_if_form()
-> cond = vals[0]
(Pdb) p str(vals)
'((cons 1 2) 1 0)'
(Pdb) n
> /Users/yj/cmu/scheme/scheme.py(288)do_if_form()
-> conseq = vals[1]
(Pdb) 
> /Users/yj/cmu/scheme/scheme.py(289)do_if_form()
-> alt=None
(Pdb) 
> /Users/yj/cmu/scheme/scheme.py(290)do_if_form()
-> if vals[2] is not nil:
(Pdb) 
> /Users/yj/cmu/scheme/scheme.py(291)do_if_form()
-> alt= vals[2]
(Pdb) 
> /Users/yj/cmu/scheme/scheme.py(292)do_if_form()
-> cond=scheme_eval(cond,env)
(Pdb) 
> /Users/yj/cmu/scheme/scheme.py(293)do_if_form()
-> expr = conseq if cond else ( alt if alt is not None else okay)
(Pdb) p cond
Pair(1, 2)
(Pdb) p alt
0
(Pdb) n
TypeError: length attempted on improper list
> /Users/yj/cmu/scheme/scheme.py(293)do_if_form()
-> expr = conseq if cond else ( alt if alt is not None else okay)
(Pdb) TypeError: length attempted on improper list
*** SyntaxError: invalid syntax
(Pdb) 
Wrong result from scheme_eval: input '(if (cons 1 2) 1 0)'
   returned 'BdbQuit ' not 1
> /Users/yj/cmu/scheme/scheme.py(287)do_if_form()
-> cond = vals[0]
(Pdb) 
Wrong result from scheme_eval: input '(if #t 1)'
   returned 'BdbQuit ' not 1
> /Users/yj/cmu/scheme/scheme.py(287)do_if_form()
-> cond = vals[0]
(Pdb) 
Wrong result from scheme_eval: input '(if #f 1)'
   returned 'BdbQuit ' not okay
yj@Air:scheme $ ./test.py 1
You are running version 1.4 of the autograder
Test problem_1
==============
All released tests passed

yj@Air:scheme $ ./test.py 13
You are running version 1.4 of the autograder
Test problem_A13
================
> /Users/yj/cmu/scheme/scheme.py(287)do_if_form()
-> cond = vals[0]
(Pdb) n
> /Users/yj/cmu/scheme/scheme.py(288)do_if_form()
-> conseq = vals[1]
(Pdb) 
> /Users/yj/cmu/scheme/scheme.py(289)do_if_form()
-> alt=okay
(Pdb) 
> /Users/yj/cmu/scheme/scheme.py(290)do_if_form()
-> if vals[2] is not nil:
(Pdb) 
> /Users/yj/cmu/scheme/scheme.py(291)do_if_form()
-> alt= vals[2]
(Pdb) 
> /Users/yj/cmu/scheme/scheme.py(292)do_if_form()
-> cond=scheme_eval(cond,env)
(Pdb) 
> /Users/yj/cmu/scheme/scheme.py(293)do_if_form()
-> expr = conseq if cond else alt
(Pdb) 
TypeError: length attempted on improper list
> /Users/yj/cmu/scheme/scheme.py(293)do_if_form()
-> expr = conseq if cond else alt
(Pdb)   C-c C-cTraceback (most recent call last):
  File "scheme_grader.py", line 709, in <module>
Traceback (most recent call last):
  File "./test.py", line 7, in <module>
    call(cmd,shell=True)
  File "/System/Library/Frameworks/Python.framework/Versions/2.7/lib/python2.7/subprocess.py", line 522, in call
    return Popen(*popenargs, **kwargs).wait()
  File "/System/Library/Frameworks/Python.framework/Versions/2.7/lib/python2.7/subprocess.py", line 1375, in wait
    @main
  File "/Users/yj/cmu/scheme/ucb.py", line 24, in main
    fn(*args) # Call the main function
  File "scheme_grader.py", line 711, in run
    pid, sts = _eintr_retry_call(os.waitpid, self.pid, 0)
  File "/System/Library/Frameworks/Python.framework/Versions/2.7/lib/python2.7/subprocess.py", line 476, in _eintr_retry_call
    return func(*args)
KeyboardInterrupt
    run_tests(**project_info)
  File "/Users/yj/cmu/scheme/autograder.py", line 177, in run_tests
    test_all(name, tests)
  File "/Users/yj/cmu/scheme/autograder.py", line 29, in test_all
    failure = test.fn(None)
  File "scheme_grader.py", line 300, in problem_A13
    if check_func(scheme_eval, tests1, comp=scheme_equal):
  File "/Users/yj/cmu/scheme/autograder.py", line 89, in check_func
    val = test_eval(func, input)
  File "/Users/yj/cmu/scheme/autograder.py", line 47, in test_eval
    result = timed(func, timeout, inputs, kwargs)
  File "/Users/yj/cmu/scheme/autograder.py", line 70, in timed
    submission.join(timeout)
  File "/usr/local/Cellar/python3/3.4.2_1/Frameworks/Python.framework/Versions/3.4/lib/python3.4/threading.py", line 1065, in join
    self._wait_for_tstate_lock(timeout=max(timeout, 0))
  File "/usr/local/Cellar/python3/3.4.2_1/Frameworks/Python.framework/Versions/3.4/lib/python3.4/threading.py", line 1077, in _wait_for_tstate_lock
yj@Air:scheme $     elif lock.acquire(block, timeout):
KeyboardInterrupt

bash: : command not found
yj@Air:scheme $ 
yj@Air:scheme $ ./test.py 13
You are running version 1.4 of the autograder
Test problem_A13
================
> /Users/yj/cmu/scheme/scheme.py(287)do_if_form()
-> cond = vals[0]
(Pdb) n
> /Users/yj/cmu/scheme/scheme.py(288)do_if_form()
-> conseq = vals[1]
(Pdb) 
> /Users/yj/cmu/scheme/scheme.py(289)do_if_form()
-> alt=okay
(Pdb) 
> /Users/yj/cmu/scheme/scheme.py(290)do_if_form()
-> if vals[2] is not nil:
(Pdb) 
> /Users/yj/cmu/scheme/scheme.py(291)do_if_form()
-> alt= vals[2]
(Pdb) 
> /Users/yj/cmu/scheme/scheme.py(292)do_if_form()
-> cond=scheme_eval(cond,env)
(Pdb) 
> /Users/yj/cmu/scheme/scheme.py(293)do_if_form()
-> if cond:
(Pdb) 
TypeError: length attempted on improper list
> /Users/yj/cmu/scheme/scheme.py(293)do_if_form()
-> if cond:
(Pdb) p cond
Pair(1, 2)
(Pdb)   C-c C-cTraceback (most recent call last):
Traceback (most recent call last):
  File "./test.py", line 7, in <module>
  File "scheme_grader.py", line 709, in <module>
    call(cmd,shell=True)
  File "/System/Library/Frameworks/Python.framework/Versions/2.7/lib/python2.7/subprocess.py", line 522, in call
    return Popen(*popenargs, **kwargs).wait()
  File "/System/Library/Frameworks/Python.framework/Versions/2.7/lib/python2.7/subprocess.py", line 1375, in wait
    @main
  File "/Users/yj/cmu/scheme/ucb.py", line 24, in main
    fn(*args) # Call the main function
  File "scheme_grader.py", line 711, in run
    pid, sts = _eintr_retry_call(os.waitpid, self.pid, 0)
  File "/System/Library/Frameworks/Python.framework/Versions/2.7/lib/python2.7/subprocess.py", line 476, in _eintr_retry_call
    return func(*args)
KeyboardInterrupt
    run_tests(**project_info)
  File "/Users/yj/cmu/scheme/autograder.py", line 177, in run_tests
    test_all(name, tests)
  File "/Users/yj/cmu/scheme/autograder.py", line 29, in test_all
    failure = test.fn(None)
  File "scheme_grader.py", line 300, in problem_A13
    if check_func(scheme_eval, tests1, comp=scheme_equal):
  File "/Users/yj/cmu/scheme/autograder.py", line 89, in check_func
    val = test_eval(func, input)
  File "/Users/yj/cmu/scheme/autograder.py", line 47, in test_eval
    result = timed(func, timeout, inputs, kwargs)
  File "/Users/yj/cmu/scheme/autograder.py", line 70, in timed
    submission.join(timeout)
  File "/usr/local/Cellar/python3/3.4.2_1/Frameworks/Python.framework/Versions/3.4/lib/python3.4/threading.py", line 1065, in join
    self._wait_for_tstate_lock(timeout=max(timeout, 0))
  File "/usr/local/Cellar/python3/3.4.2_1/Frameworks/Python.framework/Versions/3.4/lib/python3.4/threading.py", line 1077, in _wait_for_tstate_lock
    elif lock.acquire(block, timeout):
KeyboardInterrupt
yj@Air:scheme $ ./test.py 13
Unfortunately, the autograder cannot run because your program contains a syntax error:
Traceback (most recent call last):
  File "scheme_grader.py", line 17, in <module>
    import scheme, scheme_reader
  File "/Users/yj/cmu/scheme/scheme.py", line 293
    if cond != False
                   ^
SyntaxError: invalid syntax
yj@Air:scheme $ ./test.py
usage: scheme_grader.py [-h] [-q QUESTION] [-v]
scheme_grader.py: error: argument -q/--question: expected one argument
yj@Air:scheme $ ./test.py 13
You are running version 1.4 of the autograder
Test problem_A13
================
> /Users/yj/cmu/scheme/scheme.py(287)do_if_form()
-> cond = vals[0]
(Pdb) n
> /Users/yj/cmu/scheme/scheme.py(288)do_if_form()
-> conseq = vals[1]
(Pdb) 
> /Users/yj/cmu/scheme/scheme.py(289)do_if_form()
-> alt=okay
(Pdb) 
> /Users/yj/cmu/scheme/scheme.py(290)do_if_form()
-> if vals[2] is not nil:
(Pdb) 
> /Users/yj/cmu/scheme/scheme.py(291)do_if_form()
-> alt= vals[2]
(Pdb) 
> /Users/yj/cmu/scheme/scheme.py(292)do_if_form()
-> cond=scheme_eval(cond,env)
(Pdb) 
> /Users/yj/cmu/scheme/scheme.py(293)do_if_form()
-> if cond != False:
(Pdb) 
> /Users/yj/cmu/scheme/scheme.py(294)do_if_form()
-> expr=conseq
(Pdb) 
> /Users/yj/cmu/scheme/scheme.py(297)do_if_form()
-> return scheme_eval(expr,env)
(Pdb) 
--Return--
> /Users/yj/cmu/scheme/scheme.py(297)do_if_form()->1
-> return scheme_eval(expr,env)
(Pdb)   C-c C-cTraceback (most recent call last):
  File "scheme_grader.py", line 709, in <module>
Traceback (most recent call last):
  File "./test.py", line 7, in <module>
    call(cmd,shell=True)
  File "/System/Library/Frameworks/Python.framework/Versions/2.7/lib/python2.7/subprocess.py", line 522, in call
    return Popen(*popenargs, **kwargs).wait()
  File "/System/Library/Frameworks/Python.framework/Versions/2.7/lib/python2.7/subprocess.py", line 1375, in wait
    @main
  File "/Users/yj/cmu/scheme/ucb.py", line 24, in main
    fn(*args) # Call the main function
  File "scheme_grader.py", line 711, in run
    pid, sts = _eintr_retry_call(os.waitpid, self.pid, 0)
  File "/System/Library/Frameworks/Python.framework/Versions/2.7/lib/python2.7/subprocess.py", line 476, in _eintr_retry_call
    return func(*args)
KeyboardInterrupt
    run_tests(**project_info)
  File "/Users/yj/cmu/scheme/autograder.py", line 177, in run_tests
    test_all(name, tests)
  File "/Users/yj/cmu/scheme/autograder.py", line 29, in test_all
    failure = test.fn(None)
  File "scheme_grader.py", line 300, in problem_A13
    if check_func(scheme_eval, tests1, comp=scheme_equal):
  File "/Users/yj/cmu/scheme/autograder.py", line 89, in check_func
    val = test_eval(func, input)
  File "/Users/yj/cmu/scheme/autograder.py", line 47, in test_eval
    result = timed(func, timeout, inputs, kwargs)
  File "/Users/yj/cmu/scheme/autograder.py", line 70, in timed
    submission.join(timeout)
  File "/usr/local/Cellar/python3/3.4.2_1/Frameworks/Python.framework/Versions/3.4/lib/python3.4/threading.py", line 1065, in join
    self._wait_for_tstate_lock(timeout=max(timeout, 0))
  File "/usr/local/Cellar/python3/3.4.2_1/Frameworks/Python.framework/Versions/3.4/lib/python3.4/threading.py", line 1077, in _wait_for_tstate_lock
yj@Air:scheme $     elif lock.acquire(block, timeout):
KeyboardInterrupt
b
bash: b: command not found
yj@Air:scheme $ 
yj@Air:scheme $ ./test.py
usage: scheme_grader.py [-h] [-q QUESTION] [-v]
scheme_grader.py: error: argument -q/--question: expected one argument
yj@Air:scheme $ ./test.py 13
You are running version 1.4 of the autograder
Test problem_A13
================
Wrong result from scheme_eval: input '(if #t 1)'
   returned 'IndexError list index out of bounds' not 1
Wrong result from scheme_eval: input '(if #f 1)'
   returned 'IndexError list index out of bounds' not okay
yj@Air:scheme $ ./test.py 13
You are running version 1.4 of the autograder
Test problem_A13
================
Wrong result from scheme_eval: input '(if (cons 1 2) 1 0)'
   returned "AttributeError 'int' object has no attribute 'second'" not 1
Wrong result from scheme_eval: input '(if #t 1)'
   returned "AttributeError 'int' object has no attribute 'second'" not 1
Wrong result from scheme_eval: input '(if #f 1)'
   returned "AttributeError 'int' object has no attribute 'second'" not okay
yj@Air:scheme $ ./test.py 13
You are running version 1.4 of the autograder
Test problem_A13
================
All released tests passed

yj@Air:scheme $ python3 scheme.py
scm> (if (= 4 2) true)
okay
scm> yj@Air:scheme $ 
yj@Air:scheme $ ./test.py 13
You are running version 1.4 of the autograder
Checking for updates timed out.
Test problem_A13
================
All released tests passed

yj@Air:scheme $ ./test.py 14
You are running version 1.4 of the autograder
Test problem_B14
================
Wrong result from scheme_eval: input '(and)'
   returned False not True
Wrong result from scheme_eval: input '(and 1 #f)'
   returned True not False
Wrong result from scheme_eval: input '(and #f 5)'
   returned True not False
Wrong result from scheme_eval: input '(and 3 2 #f)'
   returned True not False
Wrong result from scheme_eval: input '(and 3 #f 5)'
   returned True not False
yj@Air:scheme $ ./test.py 14
You are running version 1.4 of the autograder
Checking for updates timed out.
Test problem_B14
================
Wrong result from scheme_eval: input '(and)'
   returned False not True
Wrong result from scheme_eval: input '(and 1 #f)'
   returned True not False
Wrong result from scheme_eval: input '(and #f 5)'
   returned True not False
Wrong result from scheme_eval: input '(and 3 2 #f)'
   returned True not False
Wrong result from scheme_eval: input '(and 3 #f 5)'
   returned True not False
yj@Air:scheme $ ./test.py 14
You are running version 1.4 of the autograder
Checking for updates timed out.
Test problem_B14
================
Wrong result from scheme_eval: input '(or)'
   returned 'SchemeError' not False
Wrong result from scheme_eval: input '(or 1)'
   returned 'SchemeError' not 1
Wrong result from scheme_eval: input '(or #f)'
   returned 'SchemeError' not False
Wrong result from scheme_eval: input "(or 0 1 2 'a)"
   returned 'SchemeError' not 0
Wrong result from scheme_eval: input '(or #f #f)'
   returned 'SchemeError' not False
Wrong result from scheme_eval: input "(or 'a #f)"
   returned 'SchemeError' not 'a'
Wrong result from scheme_eval: input "(or (< 2 3) (> 2 3) 2 'a)"
   returned 'SchemeError' not True
Wrong result from scheme_eval: input '(or (< 2 3) 2)'
   returned 'SchemeError' not True
yj@Air:scheme $ ./test.py 14
You are running version 1.4 of the autograder
Test problem_B14
================
> /Users/yj/cmu/scheme/scheme.py(302)do_and_form()
-> vals=vals.map(lambda x: x)
(Pdb) 
Wrong result from scheme_eval: input '(and)'
   returned 'BdbQuit ' not True
> /Users/yj/cmu/scheme/scheme.py(302)do_and_form()
-> vals=vals.map(lambda x: x)
(Pdb)   C-c C-cTraceback (most recent call last):
  File "./test.py", line 7, in <module>
Traceback (most recent call last):
  File "scheme_grader.py", line 709, in <module>
    call(cmd,shell=True)
  File "/System/Library/Frameworks/Python.framework/Versions/2.7/lib/python2.7/subprocess.py", line 522, in call
    return Popen(*popenargs, **kwargs).wait()
  File "/System/Library/Frameworks/Python.framework/Versions/2.7/lib/python2.7/subprocess.py", line 1375, in wait
    pid, sts = _eintr_retry_call(os.waitpid, self.pid, 0)
  File "/System/Library/Frameworks/Python.framework/Versions/2.7/lib/python2.7/subprocess.py", line 476, in _eintr_retry_call
    return func(*args)
KeyboardInterrupt
    @main
  File "/Users/yj/cmu/scheme/ucb.py", line 24, in main
    fn(*args) # Call the main function
  File "scheme_grader.py", line 711, in run
    run_tests(**project_info)
  File "/Users/yj/cmu/scheme/autograder.py", line 177, in run_tests
    test_all(name, tests)
  File "/Users/yj/cmu/scheme/autograder.py", line 29, in test_all
    failure = test.fn(None)
  File "scheme_grader.py", line 325, in problem_B14
    if check_func(scheme_eval, tests1, comp=scheme_equal):
  File "/Users/yj/cmu/scheme/autograder.py", line 89, in check_func
    val = test_eval(func, input)
  File "/Users/yj/cmu/scheme/autograder.py", line 47, in test_eval
    result = timed(func, timeout, inputs, kwargs)
  File "/Users/yj/cmu/scheme/autograder.py", line 70, in timed
    submission.join(timeout)
  File "/usr/local/Cellar/python3/3.4.2_1/Frameworks/Python.framework/Versions/3.4/lib/python3.4/threading.py", line 1065, in join
yj@Air:scheme $     self._wait_for_tstate_lock(timeout=max(timeout, 0))
  File "/usr/local/Cellar/python3/3.4.2_1/Frameworks/Python.framework/Versions/3.4/lib/python3.4/threading.py", line 1077, in _wait_for_tstate_lock
    elif lock.acquire(block, timeout):
KeyboardInterrupt
b
bash: b: command not found
yj@Air:scheme $ ./test.py 13
You are running version 1.4 of the autograder
Test problem_A13
================
All released tests passed

yj@Air:scheme $ ./test.py 14
You are running version 1.4 of the autograder


Checking for updates timed out.
Test problem_B14
================
Wrong result from scheme_eval: input '(or)'
   returned 'SchemeError' not False
Wrong result from scheme_eval: input '(or 1)'
   returned 'SchemeError' not 1
Wrong result from scheme_eval: input '(or #f)'
   returned 'SchemeError' not False
Wrong result from scheme_eval: input "(or 0 1 2 'a)"
   returned 'SchemeError' not 0
Wrong result from scheme_eval: input '(or #f #f)'
   returned 'SchemeError' not False
Wrong result from scheme_eval: input "(or 'a #f)"
   returned 'SchemeError' not 'a'
Wrong result from scheme_eval: input "(or (< 2 3) (> 2 3) 2 'a)"
   returned 'SchemeError' not True
Wrong result from scheme_eval: input '(or (< 2 3) 2)'
   returned 'SchemeError' not True
yj@Air:scheme $ yj@Air:scheme $ yj@Air:scheme $ 
yj@Air:scheme $ ./test.py 14
You are running version 1.4 of the autograder
Test problem_B14
================
Wrong result from scheme_eval: input "(or 0 1 2 'a)"
   returned True not 0
Wrong result from scheme_eval: input "(or 'a #f)"
   returned True not 'a'
yj@Air:scheme $ ./test.py 14
Unfortunately, the autograder cannot run because your program contains a syntax error:
Traceback (most recent call last):
  File "scheme_grader.py", line 17, in <module>
    import scheme, scheme_reader
  File "/Users/yj/cmu/scheme/scheme.py", line 305
    if scheme_false(res)
                       ^
SyntaxError: invalid syntax
yj@Air:scheme $ ./test.py 14
You are running version 1.4 of the autograder
Checking for updates timed out.
Test problem_B14
================
Wrong result from scheme_eval: input '(or 1)'
   returned "AttributeError 'int' object has no attribute 'first'" not 1
Wrong result from scheme_eval: input "(or 0 1 2 'a)"
   returned "AttributeError 'int' object has no attribute 'first'" not 0
Wrong result from scheme_eval: input "(or 'a #f)"
   returned "AttributeError 'str' object has no attribute 'first'" not 'a'
Wrong result from scheme_eval: input "(or (< 2 3) (> 2 3) 2 'a)"
   returned "AttributeError 'bool' object has no attribute 'first'" not True
Wrong result from scheme_eval: input '(or (< 2 3) 2)'
   returned "AttributeError 'bool' object has no attribute 'first'" not True
yj@Air:scheme $ ./test.py 14
You are running version 1.4 of the autograder
Test problem_B14
================
Wrong result from scheme_eval: input '(or 1)'
   returned 'SchemeError' not 1
Wrong result from scheme_eval: input "(or 0 1 2 'a)"
   returned 'SchemeError' not 0
Wrong result from scheme_eval: input "(or 'a #f)"
   returned 'SchemeError' not 'a'
Wrong result from scheme_eval: input "(or (< 2 3) (> 2 3) 2 'a)"
   returned 'SchemeError' not True
Wrong result from scheme_eval: input '(or (< 2 3) 2)'
   returned 'SchemeError' not True
yj@Air:scheme $ ./test.py 14
You are running version 1.4 of the autograder
Test problem_B14
================
> /Users/yj/cmu/scheme/scheme.py(323)do_or_form()
-> for val in vals:
(Pdb) p vals
nil
(Pdb) c
> /Users/yj/cmu/scheme/scheme.py(323)do_or_form()
-> for val in vals:
(Pdb) p vals
Pair(1, nil)
(Pdb) n
> /Users/yj/cmu/scheme/scheme.py(324)do_or_form()
-> res=scheme_eval(val,env)
(Pdb) p val
1
(Pdb) n
> /Users/yj/cmu/scheme/scheme.py(325)do_or_form()
-> if scheme_true(res):
(Pdb) p res
1
(Pdb) n
> /Users/yj/cmu/scheme/scheme.py(326)do_or_form()
-> return Pair('quote',res)
(Pdb) n
--Return--
> /Users/yj/cmu/scheme/scheme.py(326)do_or_form()->Pair('quote', 1)
-> return Pair('quote',res)
(Pdb) n
--Call--
> /Users/yj/cmu/scheme/scheme.py(13)scheme_eval()
-> def scheme_eval(expr, env):
(Pdb) p expr
Pair('quote', 1)
(Pdb)   C-c C-cTraceback (most recent call last):
  File "scheme_grader.py", line 709, in <module>
Traceback (most recent call last):
  File "./test.py", line 7, in <module>
    call(cmd,shell=True)
  File "/System/Library/Frameworks/Python.framework/Versions/2.7/lib/python2.7/subprocess.py", line 522, in call
    return Popen(*popenargs, **kwargs).wait()
  File "/System/Library/Frameworks/Python.framework/Versions/2.7/lib/python2.7/subprocess.py", line 1375, in wait
    @main
  File "/Users/yj/cmu/scheme/ucb.py", line 24, in main
    fn(*args) # Call the main function
  File "scheme_grader.py", line 711, in run
    pid, sts = _eintr_retry_call(os.waitpid, self.pid, 0)
  File "/System/Library/Frameworks/Python.framework/Versions/2.7/lib/python2.7/subprocess.py", line 476, in _eintr_retry_call
    return func(*args)
KeyboardInterrupt
    run_tests(**project_info)
  File "/Users/yj/cmu/scheme/autograder.py", line 177, in run_tests
    test_all(name, tests)
  File "/Users/yj/cmu/scheme/autograder.py", line 29, in test_all
    failure = test.fn(None)
  File "scheme_grader.py", line 327, in problem_B14
    if check_func(scheme_eval, tests2, comp=scheme_equal):
  File "/Users/yj/cmu/scheme/autograder.py", line 89, in check_func
    val = test_eval(func, input)
  File "/Users/yj/cmu/scheme/autograder.py", line 47, in test_eval
    result = timed(func, timeout, inputs, kwargs)
  File "/Users/yj/cmu/scheme/autograder.py", line 70, in timed
    submission.join(timeout)
  File "/usr/local/Cellar/python3/3.4.2_1/Frameworks/Python.framework/Versions/3.4/lib/python3.4/threading.py", line 1065, in join
    self._wait_for_tstate_lock(timeout=max(timeout, 0))
  File "/usr/local/Cellar/python3/3.4.2_1/Frameworks/Python.framework/Versions/3.4/lib/python3.4/threading.py", line 1077, in _wait_for_tstate_lock
yj@Air:scheme $     elif lock.acquire(block, timeout):
KeyboardInterrupt

bash: : command not found
yj@Air:scheme $ ./test.py 14
You are running version 1.4 of the autograder
Checking for updates timed out.
Test problem_B14
================
> /Users/yj/cmu/scheme/scheme.py(323)do_or_form()
-> for val in vals:
(Pdb) c
> /Users/yj/cmu/scheme/scheme.py(323)do_or_form()
-> for val in vals:
(Pdb) c
> /Users/yj/cmu/scheme/scheme.py(323)do_or_form()
-> for val in vals:
(Pdb) c
> /Users/yj/cmu/scheme/scheme.py(323)do_or_form()
-> for val in vals:
(Pdb)   C-c C-cTraceback (most recent call last):
  File "scheme_grader.py", line 709, in <module>
Traceback (most recent call last):
  File "./test.py", line 7, in <module>
    call(cmd,shell=True)
  File "/System/Library/Frameworks/Python.framework/Versions/2.7/lib/python2.7/subprocess.py", line 522, in call
    return Popen(*popenargs, **kwargs).wait()
  File "/System/Library/Frameworks/Python.framework/Versions/2.7/lib/python2.7/subprocess.py", line 1375, in wait
    pid, sts = _eintr_retry_call(os.waitpid, self.pid, 0)
  File "/System/Library/Frameworks/Python.framework/Versions/2.7/lib/python2.7/subprocess.py", line 476, in _eintr_retry_call
    return func(*args)
KeyboardInterrupt
    @main
  File "/Users/yj/cmu/scheme/ucb.py", line 24, in main
    fn(*args) # Call the main function
  File "scheme_grader.py", line 711, in run
    run_tests(**project_info)
  File "/Users/yj/cmu/scheme/autograder.py", line 177, in run_tests
    test_all(name, tests)
  File "/Users/yj/cmu/scheme/autograder.py", line 29, in test_all
    failure = test.fn(None)
  File "scheme_grader.py", line 327, in problem_B14
    if check_func(scheme_eval, tests2, comp=scheme_equal):
  File "/Users/yj/cmu/scheme/autograder.py", line 89, in check_func
    val = test_eval(func, input)
  File "/Users/yj/cmu/scheme/autograder.py", line 47, in test_eval
    result = timed(func, timeout, inputs, kwargs)
  File "/Users/yj/cmu/scheme/autograder.py", line 70, in timed
    submission.join(timeout)
  File "/usr/local/Cellar/python3/3.4.2_1/Frameworks/Python.framework/Versions/3.4/lib/python3.4/threading.py", line 1065, in join
    self._wait_for_tstate_lock(timeout=max(timeout, 0))
  File "/usr/local/Cellar/python3/3.4.2_1/Frameworks/Python.framework/Versions/3.4/lib/python3.4/threading.py", line 1077, in _wait_for_tstate_lock
    elif lock.acquire(block, timeout):
KeyboardInterrupt
yj@Air:scheme $ ./test.py 13
You are running version 1.4 of the autograder
Test problem_A13
================
All released tests passed

yj@Air:scheme $ ./test.py 14
You are running version 1.4 of the autograder
Test problem_B14
================
All released tests passed

yj@Air:scheme $ python3 scheme.py
scm> (and)
True
scm> (or)
False
scm> (and 4 5 6)
True
scm> yj@Air:scheme $ 
yj@Air:scheme $ 
yj@Air:scheme $ 
yj@Air:scheme $ ls
#*shell*#		scheme.py~		scheme_tokens.py
__pycache__		scheme_grader.py	test.py
autograder.py		scheme_grader.py~	test.py~
autograder.py~		scheme_primitives.py	test.sh
buffer.py		scheme_reader.py	tests.scm
questions.scm		scheme_reader.py~	ucb.py
scheme.py		scheme_test.py		ucb.pyc
yj@Air:scheme $ cd ..
yj@Air:cmu $ ls
15-112		antlr4-python2	hog		tmp
15-122		antlr4-python3	leetcode	trends
ImageProcess	ants		myscheme	trends.zip
Kaleidoscope	ants.zip	pythoncompiler	tst.py
LIP_Solutions	compiler	scal		tst.py~
LearningPython	compiler2	scheme		ucore_lab
Tiger		cython		scheme.zip
Tiny		dsa		tiger_java
antlr		facerec		tiny_python
yj@Air:cmu $ mkdir cs61b
yj@Air:cmu $ cd cs61b
yj@Air:cs61b $ git clone https://github.com/Berkeley-CS61B/**.git
Cloning into '**'...
fatal: unable to access 'https://github.com/Berkeley-CS61B/**.git/': The requested URL returned error: 400
yj@Air:cs61b $ 
yj@Air:cs61b $ ls
yj@Air:cs61b $ cd ..
yj@Air:cmu $ ls
15-112		antlr4-python2	facerec		tiny_python
15-122		antlr4-python3	hog		tmp
ImageProcess	ants		leetcode	trends
Kaleidoscope	ants.zip	myscheme	trends.zip
LIP_Solutions	compiler	pythoncompiler	tst.py
LearningPython	compiler2	scal		tst.py~
Tiger		cs61b		scheme		ucore_lab
Tiny		cython		scheme.zip
antlr		dsa		tiger_java
yj@Air:cmu $ cd trens
bash: cd: trens: No such file or directory
yj@Air:cmu $ ls
15-112		antlr4-python2	facerec		tiny_python
15-122		antlr4-python3	hog		tmp
ImageProcess	ants		leetcode	trends
Kaleidoscope	ants.zip	myscheme	trends.zip
LIP_Solutions	compiler	pythoncompiler	tst.py
LearningPython	compiler2	scal		tst.py~
Tiger		cs61b		scheme		ucore_lab
Tiny		cython		scheme.zip
antlr		dsa		tiger_java
yj@Air:cmu $ cd trends
yj@Air:trends $ ls
__pycache__		geo.py			trends_grader.py
autograder.py		graphics.py		ucb.py
data			maps.py			ucb.pyc
data.py			trends.py
data.pyc		trends.py~
yj@Air:trends $ cd ..
yj@Air:cmu $ ls
15-112		antlr4-python2	facerec		tiny_python
15-122		antlr4-python3	hog		tmp
ImageProcess	ants		leetcode	trends
Kaleidoscope	ants.zip	myscheme	trends.zip
LIP_Solutions	compiler	pythoncompiler	tst.py
LearningPython	compiler2	scal		tst.py~
Tiger		cs61b		scheme		ucore_lab
Tiny		cython		scheme.zip
antlr		dsa		tiger_java
yj@Air:cmu $ cd scheme
yj@Air:scheme $ ls
#*shell*#		scheme.py~		scheme_tokens.py
__pycache__		scheme_grader.py	test.py
autograder.py		scheme_grader.py~	test.py~
autograder.py~		scheme_primitives.py	test.sh
buffer.py		scheme_reader.py	tests.scm
questions.scm		scheme_reader.py~	ucb.py
scheme.py		scheme_test.py		ucb.pyc
yj@Air:scheme $ ./test.py 15
You are running version 1.4 of the autograder
Test problem_A15
================
Wrong result from scheme_eval: input '(cond ((> 2 3) 5)\n                  ((> 2 4) 6)\n                  ((< 2 5) 7)\n                  (else 8))'
   returned True not 7
Wrong result from scheme_eval: input '(cond ((> 2 3) 5)\n                  ((> 2 4) 6)\n                  ((< 2 5) 7))'
   returned True not 7
Wrong result from scheme_eval: input '(cond ((> 2 3) 5)\n                  ((> 2 4) 6)\n                  (else 8))'
   returned True not 8
Wrong result from scheme_eval: input '(cond ((> 2 3) 4 5)\n                  ((> 2 4) 5 6)\n                  ((< 2 5) 6 7)\n                  (else 7 8))'
   returned True not 7
Wrong result from scheme_eval: input "(cond ((> 2 3) (display 'oops) (newline))\n                  (else 9))"
   returned True not 9
yj@Air:scheme $ ./test.py 15
You are running version 1.4 of the autograder
Checking for updates timed out.
Test problem_A15
================
Wrong result from scheme_eval: input '(cond ((> 2 3) 5)\n                  ((> 2 4) 6)\n                  ((< 2 5) 7)\n                  (else 8))'
   returned 'SchemeError' not 7
Wrong result from scheme_eval: input '(cond ((> 2 3) 5)\n                  ((> 2 4) 6)\n                  ((< 2 5) 7))'
   returned 'SchemeError' not 7
Wrong result from scheme_eval: input '(cond ((> 2 3) 5)\n                  ((> 2 4) 6)\n                  (else 8))'
   returned 'SchemeError' not 8
Wrong result from scheme_eval: input '(cond ((> 2 3) 4 5)\n                  ((> 2 4) 5 6)\n                  ((< 2 5) 6 7)\n                  (else 7 8))'
   returned 'SchemeError' not 7
Wrong result from scheme_eval: input "(cond ((> 2 3) (display 'oops) (newline))\n                  (else 9))"
   returned 'SchemeError' not 9
Wrong result from scheme_eval: input '(cond ((< 2 1))\n                   ((> 3 2))\n                   (else 5))'
   returned nil not True
yj@Air:scheme $ ./test.py 15
You are running version 1.4 of the autograder
Couldn't check remote autograder
Test problem_A15
================
Wrong result from scheme_eval: input '(cond ((> 2 3) 5)\n                  ((> 2 4) 6)\n                  ((< 2 5) 7)\n                  (else 8))'
   returned 'SchemeError' not 7
Wrong result from scheme_eval: input '(cond ((> 2 3) 5)\n                  ((> 2 4) 6)\n                  ((< 2 5) 7))'
   returned 'SchemeError' not 7
Wrong result from scheme_eval: input '(cond ((> 2 3) 5)\n                  ((> 2 4) 6)\n                  (else 8))'
   returned 'SchemeError' not 8
Wrong result from scheme_eval: input '(cond ((> 2 3) 4 5)\n                  ((> 2 4) 5 6)\n                  ((< 2 5) 6 7)\n                  (else 7 8))'
   returned 'SchemeError' not 7
Wrong result from scheme_eval: input "(cond ((> 2 3) (display 'oops) (newline))\n                  (else 9))"
   returned 'SchemeError' not 9
Wrong result from scheme_eval: input '(cond ((< 2 1))\n                   ((> 3 2))\n                   (else 5))'
   returned nil not True
yj@Air:scheme $ ./test.py 15
You are running version 1.4 of the autograder
Couldn't check remote autograder
Test problem_A15
================
Wrong result from scheme_eval: input '(cond ((> 2 3) 5)\n                  ((> 2 4) 6)\n                  ((< 2 5) 7)\n                  (else 8))'
   returned 'SchemeError' not 7
Wrong result from scheme_eval: input '(cond ((> 2 3) 5)\n                  ((> 2 4) 6)\n                  ((< 2 5) 7))'
   returned 'SchemeError' not 7
Wrong result from scheme_eval: input '(cond ((> 2 3) 5)\n                  ((> 2 4) 6)\n                  (else 8))'
   returned 'SchemeError' not 8
Wrong result from scheme_eval: input '(cond ((> 2 3) 4 5)\n                  ((> 2 4) 5 6)\n                  ((< 2 5) 6 7)\n                  (else 7 8))'
   returned 'SchemeError' not 7
Wrong result from scheme_eval: input "(cond ((> 2 3) (display 'oops) (newline))\n                  (else 9))"
   returned 'SchemeError' not 9
Wrong result from scheme_eval: input '(cond ((< 2 1))\n                   ((> 3 2))\n                   (else 5))'
   returned nil not True
yj@Air:scheme $ 
yj@Air:scheme $ ./test.py 15
You are running version 1.4 of the autograder
Couldn't check remote autograder
Test problem_A15
================
Wrong result from scheme_eval: input '(cond ((> 2 3) 5)\n                  ((> 2 4) 6)\n                  ((< 2 5) 7)\n                  (else 8))'
   returned 'SchemeError' not 7
Wrong result from scheme_eval: input '(cond ((> 2 3) 5)\n                  ((> 2 4) 6)\n                  ((< 2 5) 7))'
   returned 'SchemeError' not 7
Wrong result from scheme_eval: input '(cond ((> 2 3) 5)\n                  ((> 2 4) 6)\n                  (else 8))'
   returned 'SchemeError' not 8
Wrong result from scheme_eval: input '(cond ((> 2 3) 4 5)\n                  ((> 2 4) 5 6)\n                  ((< 2 5) 6 7)\n                  (else 7 8))'
   returned 'SchemeError' not 7
Wrong result from scheme_eval: input "(cond ((> 2 3) (display 'oops) (newline))\n                  (else 9))"
   returned 'SchemeError' not 9
Wrong result from scheme_eval: input '(cond ((< 2 1))\n                   ((> 3 2))\n                   (else 5))'
   returned nil not True
yj@Air:scheme $ cd ..
yj@Air:cmu $ sl
bash: sl: command not found
yj@Air:cmu $ ls
15-112		antlr4-python2	facerec		tiny_python
15-122		antlr4-python3	hog		tmp
ImageProcess	ants		leetcode	trends
Kaleidoscope	ants.zip	myscheme	trends.zip
LIP_Solutions	compiler	pythoncompiler	tst.py
LearningPython	compiler2	scal		tst.py~
Tiger		cs61b		scheme		ucore_lab
Tiny		cython		scheme.zip
antlr		dsa		tiger_java
yj@Air:cmu $ cd tmp
yj@Air:tmp $ ls
ants		scheme		test.scm~
ants.zip	test.scm
yj@Air:tmp $ cd ../scheme/
yj@Air:scheme $ ls
#*shell*#		scheme.py~		scheme_tokens.py
__pycache__		scheme_grader.py	test.py
autograder.py		scheme_grader.py~	test.py~
autograder.py~		scheme_primitives.py	test.sh
buffer.py		scheme_reader.py	tests.scm
questions.scm		scheme_reader.py~	ucb.py
scheme.py		scheme_test.py		ucb.pyc
yj@Air:scheme $ ls
#*shell*#		scheme.py~		scheme_tokens.py
__pycache__		scheme_grader.py	test.py
autograder.py		scheme_grader.py~	test.py~
autograder.py~		scheme_primitives.py	test.sh
buffer.py		scheme_reader.py	tests.scm
questions.scm		scheme_reader.py~	ucb.py
scheme.py		scheme_test.py		ucb.pyc
yj@Air:scheme $ 
yj@Air:scheme $ ./test.py 14
Unfortunately, the autograder cannot run because your program contains a syntax error:
Traceback (most recent call last):
  File "scheme_grader.py", line 17, in <module>
    import scheme, scheme_reader
  File "/Users/yj/cmu/scheme/scheme.py", line 342
    return okay
    ^
IndentationError: expected an indented block
yj@Air:scheme $ ./test.py 14
You are running version 1.4 of the autograder
Couldn't check remote autograder
Test problem_B14
================
All released tests passed

yj@Air:scheme $ ./test.py 15
You are running version 1.4 of the autograder
Checking for updates timed out.
Test problem_A15
================
Wrong result from scheme_eval: input '(cond ((> 2 3) 5)\n                  ((> 2 4) 6)\n                  ((< 2 5) 7)\n                  (else 8))'
   returned okay not 7
Wrong result from scheme_eval: input '(cond ((> 2 3) 5)\n                  ((> 2 4) 6)\n                  ((< 2 5) 7))'
   returned okay not 7
Wrong result from scheme_eval: input '(cond ((> 2 3) 5)\n                  ((> 2 4) 6)\n                  (else 8))'
   returned okay not 8
Wrong result from scheme_eval: input '(cond ((> 2 3) 4 5)\n                  ((> 2 4) 5 6)\n                  ((< 2 5) 6 7)\n                  (else 7 8))'
   returned okay not 7
Wrong result from scheme_eval: input "(cond ((> 2 3) (display 'oops) (newline))\n                  (else 9))"
   returned okay not 9
Wrong result from scheme_eval: input '(cond ((< 2 1))\n                   ((> 3 2))\n                   (else 5))'
   returned okay not True
yj@Air:scheme $ 
yj@Air:scheme $ ./test.py 15
You are running version 1.4 of the autograder
Couldn't check remote autograder
Test problem_A15
================
Wrong result from scheme_eval: input '(cond ((> 2 3) 5)\n                  ((> 2 4) 6)\n                  ((< 2 5) 7)\n                  (else 8))'
   returned "TypeError do_begin_form() missing 1 required positional argument: 'env'" not 7
Wrong result from scheme_eval: input '(cond ((> 2 3) 5)\n                  ((> 2 4) 6)\n                  ((< 2 5) 7))'
   returned "TypeError do_begin_form() missing 1 required positional argument: 'env'" not 7
Wrong result from scheme_eval: input '(cond ((> 2 3) 5)\n                  ((> 2 4) 6)\n                  (else 8))'
   returned "TypeError do_begin_form() missing 1 required positional argument: 'env'" not 8
Wrong result from scheme_eval: input '(cond ((> 2 3) 4 5)\n                  ((> 2 4) 5 6)\n                  ((< 2 5) 6 7)\n                  (else 7 8))'
   returned "TypeError do_begin_form() missing 1 required positional argument: 'env'" not 7
Wrong result from scheme_eval: input "(cond ((> 2 3) (display 'oops) (newline))\n                  (else 9))"
   returned "TypeError do_begin_form() missing 1 required positional argument: 'env'" not 9
yj@Air:scheme $ ./test.py 15
You are running version 1.4 of the autograder
Couldn't check remote autograder
Test problem_A15
================
Wrong result from scheme_eval: input '(cond ((> 2 3) 5)\n                  ((> 2 4) 6)\n                  ((< 2 5) 7)\n                  (else 8))'
   returned 'SchemeError' not 7
Wrong result from scheme_eval: input '(cond ((> 2 3) 5)\n                  ((> 2 4) 6)\n                  ((< 2 5) 7))'
   returned 'SchemeError' not 7
Wrong result from scheme_eval: input '(cond ((> 2 3) 5)\n                  ((> 2 4) 6)\n                  (else 8))'
   returned 'SchemeError' not 8
Wrong result from scheme_eval: input '(cond ((> 2 3) 4 5)\n                  ((> 2 4) 5 6)\n                  ((< 2 5) 6 7)\n                  (else 7 8))'
   returned 'SchemeError' not 7
Wrong result from scheme_eval: input "(cond ((> 2 3) (display 'oops) (newline))\n                  (else 9))"
   returned 'SchemeError' not 9
yj@Air:scheme $ ./test.py 15
You are running version 1.4 of the autograder
Couldn't check remote autograder
Test problem_A15
================
> /Users/yj/cmu/scheme/scheme.py(343)do_cond_form()
-> if clause.second is nil:
(Pdb) p clause
Pair(Pair('<', Pair(2, Pair(5, nil))), Pair(7, nil))
(Pdb) p str(clause)
'((< 2 5) 7)'
(Pdb) n
> /Users/yj/cmu/scheme/scheme.py(346)do_cond_form()
-> body=clause.second
(Pdb) n
> /Users/yj/cmu/scheme/scheme.py(347)do_cond_form()
-> vals=Pair('begin',body)
(Pdb) p body
Pair(7, nil)
(Pdb) n
> /Users/yj/cmu/scheme/scheme.py(348)do_cond_form()
-> return do_begin_form(vals,env)
(Pdb) p vals
Pair('begin', Pair(7, nil))
(Pdb)   C-c C-cTraceback (most recent call last):
  File "scheme_grader.py", line 709, in <module>
Traceback (most recent call last):
  File "./test.py", line 7, in <module>
    call(cmd,shell=True)
  File "/System/Library/Frameworks/Python.framework/Versions/2.7/lib/python2.7/subprocess.py", line 522, in call
    @main
  File "/Users/yj/cmu/scheme/ucb.py", line 24, in main
    fn(*args) # Call the main function
  File "scheme_grader.py", line 711, in run
    run_tests(**project_info)
  File "/Users/yj/cmu/scheme/autograder.py", line 177, in run_tests
    test_all(name, tests)
  File "/Users/yj/cmu/scheme/autograder.py", line 29, in test_all
    failure = test.fn(None)
  File "scheme_grader.py", line 360, in problem_A15
    if check_func(scheme_eval, tests1, comp=scheme_equal):
  File "/Users/yj/cmu/scheme/autograder.py", line 89, in check_func
    val = test_eval(func, input)
  File "/Users/yj/cmu/scheme/autograder.py", line 47, in test_eval
    result = timed(func, timeout, inputs, kwargs)
  File "/Users/yj/cmu/scheme/autograder.py", line 70, in timed
    submission.join(timeout)
  File "/usr/local/Cellar/python3/3.4.2_1/Frameworks/Python.framework/Versions/3.4/lib/python3.4/threading.py", line 1065, in join
    return Popen(*popenargs, **kwargs).wait()
  File "/System/Library/Frameworks/Python.framework/Versions/2.7/lib/python2.7/subprocess.py", line 1375, in wait
    pid, sts = _eintr_retry_call(os.waitpid, self.pid, 0)
  File "/System/Library/Frameworks/Python.framework/Versions/2.7/lib/python2.7/subprocess.py", line 476, in _eintr_retry_call
    return func(*args)
KeyboardInterrupt
    self._wait_for_tstate_lock(timeout=max(timeout, 0))
  File "/usr/local/Cellar/python3/3.4.2_1/Frameworks/Python.framework/Versions/3.4/lib/python3.4/threading.py", line 1077, in _wait_for_tstate_lock
    elif lock.acquire(block, timeout):
KeyboardInterrupt
yj@Air:scheme $ ./test.py 15
You are running version 1.4 of the autograder
Couldn't check remote autograder
Test problem_A15
================
> /Users/yj/cmu/scheme/scheme.py(343)do_cond_form()
-> if clause.second is nil:
(Pdb) n
> /Users/yj/cmu/scheme/scheme.py(346)do_cond_form()
-> if clause.second.second !=nil:
(Pdb) 
> /Users/yj/cmu/scheme/scheme.py(350)do_cond_form()
-> vals= Pair('begin',body.first)
(Pdb) p vals
Pair(Pair(Pair('>', Pair(2, Pair(3, nil))), Pair(5, nil)), Pair(Pair(Pair('>', Pair(2, Pair(4, nil))), Pair(6, nil)), Pair(Pair(Pair('<', Pair(2, Pair(5, nil))), Pair(7, nil)), Pair(Pair('else', Pair(8, nil)), nil))))
(Pdb) p str(vals)
'(((> 2 3) 5) ((> 2 4) 6) ((< 2 5) 7) (else 8))'
(Pdb) n
UnboundLocalError: local variable 'body' referenced before assignment
> /Users/yj/cmu/scheme/scheme.py(350)do_cond_form()
-> vals= Pair('begin',body.first)
(Pdb)   C-c C-cTraceback (most recent call last):
Traceback (most recent call last):
  File "./test.py", line 7, in <module>
  File "scheme_grader.py", line 709, in <module>
    call(cmd,shell=True)
  File "/System/Library/Frameworks/Python.framework/Versions/2.7/lib/python2.7/subprocess.py", line 522, in call
    return Popen(*popenargs, **kwargs).wait()
  File "/System/Library/Frameworks/Python.framework/Versions/2.7/lib/python2.7/subprocess.py", line 1375, in wait
    pid, sts = _eintr_retry_call(os.waitpid, self.pid, 0)
  File "/System/Library/Frameworks/Python.framework/Versions/2.7/lib/python2.7/subprocess.py", line 476, in _eintr_retry_call
    return func(*args)
KeyboardInterrupt
    @main
  File "/Users/yj/cmu/scheme/ucb.py", line 24, in main
    fn(*args) # Call the main function
  File "scheme_grader.py", line 711, in run
    run_tests(**project_info)
  File "/Users/yj/cmu/scheme/autograder.py", line 177, in run_tests
    test_all(name, tests)
  File "/Users/yj/cmu/scheme/autograder.py", line 29, in test_all
    failure = test.fn(None)
  File "scheme_grader.py", line 360, in problem_A15
    if check_func(scheme_eval, tests1, comp=scheme_equal):
  File "/Users/yj/cmu/scheme/autograder.py", line 89, in check_func
    val = test_eval(func, input)
  File "/Users/yj/cmu/scheme/autograder.py", line 47, in test_eval
    result = timed(func, timeout, inputs, kwargs)
  File "/Users/yj/cmu/scheme/autograder.py", line 70, in timed
    submission.join(timeout)
  File "/usr/local/Cellar/python3/3.4.2_1/Frameworks/Python.framework/Versions/3.4/lib/python3.4/threading.py", line 1065, in join
    self._wait_for_tstate_lock(timeout=max(timeout, 0))
  File "/usr/local/Cellar/python3/3.4.2_1/Frameworks/Python.framework/Versions/3.4/lib/python3.4/threading.py", line 1077, in _wait_for_tstate_lock
yj@Air:scheme $     elif lock.acquire(block, timeout):
KeyboardInterrupt

yj@Air:scheme $ ./test.py 15
You are running version 1.4 of the autograder
Couldn't check remote autograder
Test problem_A15
================
> /Users/yj/cmu/scheme/scheme.py(343)do_cond_form()
-> if clause.second is nil:
(Pdb) n
> /Users/yj/cmu/scheme/scheme.py(346)do_cond_form()
-> body=clause.second
(Pdb) p aluse
*** NameError: name 'aluse' is not defined
(Pdb) p clause
Pair(Pair('<', Pair(2, Pair(5, nil))), Pair(7, nil))
(Pdb) p body
*** NameError: name 'body' is not defined
(Pdb) n
> /Users/yj/cmu/scheme/scheme.py(347)do_cond_form()
-> if clause.second.second !=nil:
(Pdb) p str(body)
'(7)'
(Pdb) n
> /Users/yj/cmu/scheme/scheme.py(350)do_cond_form()
-> vals= Pair('begin',body.first)
(Pdb) n
> /Users/yj/cmu/scheme/scheme.py(351)do_cond_form()
-> return do_begin_form(vals,env)
(Pdb) p vals
Pair('begin', 7)
(Pdb) n
scheme_primitives.SchemeError: badly formed expression: (begin . 7)
> /Users/yj/cmu/scheme/scheme.py(351)do_cond_form()
-> return do_begin_form(vals,env)
(Pdb)   C-c C-cTraceback (most recent call last):
  File "scheme_grader.py", line 709, in <module>
Traceback (most recent call last):
  File "./test.py", line 7, in <module>
    call(cmd,shell=True)
  File "/System/Library/Frameworks/Python.framework/Versions/2.7/lib/python2.7/subprocess.py", line 522, in call
    return Popen(*popenargs, **kwargs).wait()
  File "/System/Library/Frameworks/Python.framework/Versions/2.7/lib/python2.7/subprocess.py", line 1375, in wait
    pid, sts = _eintr_retry_call(os.waitpid, self.pid, 0)
  File "/System/Library/Frameworks/Python.framework/Versions/2.7/lib/python2.7/subprocess.py", line 476, in _eintr_retry_call
    return func(*args)
KeyboardInterrupt
    @main
  File "/Users/yj/cmu/scheme/ucb.py", line 24, in main
    fn(*args) # Call the main function
  File "scheme_grader.py", line 711, in run
    run_tests(**project_info)
  File "/Users/yj/cmu/scheme/autograder.py", line 177, in run_tests
    test_all(name, tests)
  File "/Users/yj/cmu/scheme/autograder.py", line 29, in test_all
    failure = test.fn(None)
  File "scheme_grader.py", line 360, in problem_A15
    if check_func(scheme_eval, tests1, comp=scheme_equal):
  File "/Users/yj/cmu/scheme/autograder.py", line 89, in check_func
    val = test_eval(func, input)
  File "/Users/yj/cmu/scheme/autograder.py", line 47, in test_eval
    result = timed(func, timeout, inputs, kwargs)
  File "/Users/yj/cmu/scheme/autograder.py", line 70, in timed
    submission.join(timeout)
  File "/usr/local/Cellar/python3/3.4.2_1/Frameworks/Python.framework/Versions/3.4/lib/python3.4/threading.py", line 1065, in join
    self._wait_for_tstate_lock(timeout=max(timeout, 0))
  File "/usr/local/Cellar/python3/3.4.2_1/Frameworks/Python.framework/Versions/3.4/lib/python3.4/threading.py", line 1077, in _wait_for_tstate_lock
    elif lock.acquire(block, timeout):
KeyboardInterrupt
yj@Air:scheme $ ./test.py 15
You are running version 1.4 of the autograder
Couldn't check remote autograder
Test problem_A15
================
> /Users/yj/cmu/scheme/scheme.py(343)do_cond_form()
-> if clause.second is nil:
(Pdb) n
> /Users/yj/cmu/scheme/scheme.py(346)do_cond_form()
-> body=clause.second
(Pdb) 
> /Users/yj/cmu/scheme/scheme.py(347)do_cond_form()
-> if clause.second.second !=nil:
(Pdb) 
> /Users/yj/cmu/scheme/scheme.py(350)do_cond_form()
-> vals= Pair('begin',Pair(body.first,nil))
(Pdb) 
> /Users/yj/cmu/scheme/scheme.py(351)do_cond_form()
-> return do_begin_form(vals,env)
(Pdb) p vals
Pair('begin', Pair(7, nil))
(Pdb) n
scheme_primitives.SchemeError: unknown identifier: begin
> /Users/yj/cmu/scheme/scheme.py(351)do_cond_form()
-> return do_begin_form(vals,env)
(Pdb) p str(vals)
'(begin 7)'
(Pdb)   C-c C-cTraceback (most recent call last):
  File "./test.py", line 7, in <module>
Traceback (most recent call last):
  File "scheme_grader.py", line 709, in <module>
    call(cmd,shell=True)
  File "/System/Library/Frameworks/Python.framework/Versions/2.7/lib/python2.7/subprocess.py", line 522, in call
    return Popen(*popenargs, **kwargs).wait()
  File "/System/Library/Frameworks/Python.framework/Versions/2.7/lib/python2.7/subprocess.py", line 1375, in wait
    pid, sts = _eintr_retry_call(os.waitpid, self.pid, 0)
  File "/System/Library/Frameworks/Python.framework/Versions/2.7/lib/python2.7/subprocess.py", line 476, in _eintr_retry_call
    return func(*args)
KeyboardInterrupt
    @main
  File "/Users/yj/cmu/scheme/ucb.py", line 24, in main
    fn(*args) # Call the main function
  File "scheme_grader.py", line 711, in run
    run_tests(**project_info)
  File "/Users/yj/cmu/scheme/autograder.py", line 177, in run_tests
    test_all(name, tests)
  File "/Users/yj/cmu/scheme/autograder.py", line 29, in test_all
    failure = test.fn(None)
  File "scheme_grader.py", line 360, in problem_A15
    if check_func(scheme_eval, tests1, comp=scheme_equal):
  File "/Users/yj/cmu/scheme/autograder.py", line 89, in check_func
    val = test_eval(func, input)
  File "/Users/yj/cmu/scheme/autograder.py", line 47, in test_eval
    result = timed(func, timeout, inputs, kwargs)
  File "/Users/yj/cmu/scheme/autograder.py", line 70, in timed
    submission.join(timeout)
  File "/usr/local/Cellar/python3/3.4.2_1/Frameworks/Python.framework/Versions/3.4/lib/python3.4/threading.py", line 1065, in join
    self._wait_for_tstate_lock(timeout=max(timeout, 0))
  File "/usr/local/Cellar/python3/3.4.2_1/Frameworks/Python.framework/Versions/3.4/lib/python3.4/threading.py", line 1077, in _wait_for_tstate_lock
yj@Air:scheme $     elif lock.acquire(block, timeout):
KeyboardInterrupt

yj@Air:scheme $ ./test.py 15
You are running version 1.4 of the autograder
Couldn't check remote autograder
Test problem_A15
================
> /Users/yj/cmu/scheme/scheme.py(343)do_cond_form()
-> if clause.second is nil:
(Pdb) n
> /Users/yj/cmu/scheme/scheme.py(346)do_cond_form()
-> body=clause.second
(Pdb) 
> /Users/yj/cmu/scheme/scheme.py(347)do_cond_form()
-> if clause.second.second !=nil:
(Pdb) 
> /Users/yj/cmu/scheme/scheme.py(350)do_cond_form()
-> vals= Pair('begin',Pair(body.first,nil))
(Pdb) n
> /Users/yj/cmu/scheme/scheme.py(351)do_cond_form()
-> return do_begin_form(vals,env)
(Pdb) p vals
Pair('begin', Pair(7, nil))
(Pdb)   C-c C-cTraceback (most recent call last):
  File "scheme_grader.py", line 709, in <module>
Traceback (most recent call last):
  File "./test.py", line 7, in <module>
    call(cmd,shell=True)
  File "/System/Library/Frameworks/Python.framework/Versions/2.7/lib/python2.7/subprocess.py", line 522, in call
    return Popen(*popenargs, **kwargs).wait()
  File "/System/Library/Frameworks/Python.framework/Versions/2.7/lib/python2.7/subprocess.py", line 1375, in wait
    @main
  File "/Users/yj/cmu/scheme/ucb.py", line 24, in main
    fn(*args) # Call the main function
  File "scheme_grader.py", line 711, in run
    pid, sts = _eintr_retry_call(os.waitpid, self.pid, 0)
  File "/System/Library/Frameworks/Python.framework/Versions/2.7/lib/python2.7/subprocess.py", line 476, in _eintr_retry_call
    return func(*args)
KeyboardInterrupt
    run_tests(**project_info)
  File "/Users/yj/cmu/scheme/autograder.py", line 177, in run_tests
    test_all(name, tests)
  File "/Users/yj/cmu/scheme/autograder.py", line 29, in test_all
    failure = test.fn(None)
  File "scheme_grader.py", line 360, in problem_A15
    if check_func(scheme_eval, tests1, comp=scheme_equal):
  File "/Users/yj/cmu/scheme/autograder.py", line 89, in check_func
    val = test_eval(func, input)
  File "/Users/yj/cmu/scheme/autograder.py", line 47, in test_eval
    result = timed(func, timeout, inputs, kwargs)
  File "/Users/yj/cmu/scheme/autograder.py", line 70, in timed
    submission.join(timeout)
  File "/usr/local/Cellar/python3/3.4.2_1/Frameworks/Python.framework/Versions/3.4/lib/python3.4/threading.py", line 1065, in join
    self._wait_for_tstate_lock(timeout=max(timeout, 0))
  File "/usr/local/Cellar/python3/3.4.2_1/Frameworks/Python.framework/Versions/3.4/lib/python3.4/threading.py", line 1077, in _wait_for_tstate_lock
yj@Air:scheme $     elif lock.acquire(block, timeout):
KeyboardInterrupt

yj@Air:scheme $ ./test.py 15
You are running version 1.4 of the autograder
Couldn't check remote autograder
Test problem_A15
================
> /Users/yj/cmu/scheme/scheme.py(343)do_cond_form()
-> if clause.second is nil:
(Pdb) n
> /Users/yj/cmu/scheme/scheme.py(346)do_cond_form()
-> vals = clause.second
(Pdb) 
> /Users/yj/cmu/scheme/scheme.py(347)do_cond_form()
-> return do_begin_form(vals,env)
(Pdb) p vals
Pair(7, nil)
(Pdb) s
--Call--
> /Users/yj/cmu/scheme/scheme.py(350)do_begin_form()
-> def do_begin_form(vals, env):
(Pdb) n
> /Users/yj/cmu/scheme/scheme.py(352)do_begin_form()
-> check_form(vals, 1)
(Pdb) n
> /Users/yj/cmu/scheme/scheme.py(354)do_begin_form()
-> res=None
(Pdb) n
> /Users/yj/cmu/scheme/scheme.py(355)do_begin_form()
-> for val in vals:
(Pdb) n
> /Users/yj/cmu/scheme/scheme.py(356)do_begin_form()
-> res=scheme_eval(val,env)
(Pdb) p val
7
(Pdb) n
> /Users/yj/cmu/scheme/scheme.py(355)do_begin_form()
-> for val in vals:
(Pdb) n
> /Users/yj/cmu/scheme/scheme.py(358)do_begin_form()
-> return Pair('quote',Pair(res,nil))
(Pdb) p res
7
(Pdb) n
--Return--
> /Users/yj/cmu/scheme/scheme.py(358)do_begin_form()->Pair('quote', Pair(7, nil))
-> return Pair('quote',Pair(res,nil))
(Pdb) n
--Return--
> /Users/yj/cmu/scheme/scheme.py(347)do_cond_form()->Pair('quote', Pair(7, nil))
-> return do_begin_form(vals,env)
(Pdb) n
--Call--
> /Users/yj/cmu/scheme/scheme.py(13)scheme_eval()
-> def scheme_eval(expr, env):
(Pdb) n
> /Users/yj/cmu/scheme/scheme.py(22)scheme_eval()
-> if expr is None:
(Pdb)   C-c C-cTraceback (most recent call last):
  File "scheme_grader.py", line 709, in <module>
Traceback (most recent call last):
  File "./test.py", line 7, in <module>
    call(cmd,shell=True)
  File "/System/Library/Frameworks/Python.framework/Versions/2.7/lib/python2.7/subprocess.py", line 522, in call
    return Popen(*popenargs, **kwargs).wait()
  File "/System/Library/Frameworks/Python.framework/Versions/2.7/lib/python2.7/subprocess.py", line 1375, in wait
    pid, sts = _eintr_retry_call(os.waitpid, self.pid, 0)
  File "/System/Library/Frameworks/Python.framework/Versions/2.7/lib/python2.7/subprocess.py", line 476, in _eintr_retry_call
    return func(*args)
KeyboardInterrupt
    @main
  File "/Users/yj/cmu/scheme/ucb.py", line 24, in main
    fn(*args) # Call the main function
  File "scheme_grader.py", line 711, in run
    run_tests(**project_info)
  File "/Users/yj/cmu/scheme/autograder.py", line 177, in run_tests
    test_all(name, tests)
  File "/Users/yj/cmu/scheme/autograder.py", line 29, in test_all
    failure = test.fn(None)
  File "scheme_grader.py", line 360, in problem_A15
    if check_func(scheme_eval, tests1, comp=scheme_equal):
  File "/Users/yj/cmu/scheme/autograder.py", line 89, in check_func
    val = test_eval(func, input)
  File "/Users/yj/cmu/scheme/autograder.py", line 47, in test_eval
    result = timed(func, timeout, inputs, kwargs)
  File "/Users/yj/cmu/scheme/autograder.py", line 70, in timed
    submission.join(timeout)
  File "/usr/local/Cellar/python3/3.4.2_1/Frameworks/Python.framework/Versions/3.4/lib/python3.4/threading.py", line 1065, in join
    self._wait_for_tstate_lock(timeout=max(timeout, 0))
  File "/usr/local/Cellar/python3/3.4.2_1/Frameworks/Python.framework/Versions/3.4/lib/python3.4/threading.py", line 1077, in _wait_for_tstate_lock
    elif lock.acquire(block, timeout):
KeyboardInterrupt
yj@Air:scheme $ ./test.py 15
You are running version 1.4 of the autograder
Couldn't check remote autograder
Test problem_A15
================
All released tests passed

yj@Air:scheme $ ./test.py 1
You are running version 1.4 of the autograder
Couldn't check remote autograder
Test problem_1
==============
All released tests passed

yj@Air:scheme $ ./test.py 16
You are running version 1.4 of the autograder
Couldn't check remote autograder
Test problem_A16
================
Wrong result from scheme_eval: input '(define (square x) (* x x))\n                 (define (f x y)\n                  (let ((a (+ 1 (* x y)))\n                        (b (- 1 y)))\n                    (+ (* x (square a))\n                       (* y b)\n                       (* a b))))\n                 (f 3 4)'
   returned 'SchemeError' not 456
yj@Air:scheme $ ./test.py 16
You are running version 1.4 of the autograder
Couldn't check remote autograder
Test problem_A16
================
Wrong result from scheme_eval: input '(define (square x) (* x x))\n                 (define (f x y)\n                  (let ((a (+ 1 (* x y)))\n                        (b (- 1 y)))\n                    (+ (* x (square a))\n                       (* y b)\n                       (* a b))))\n                 (f 3 4)'
   returned "AttributeError 'nil' object has no attribute 'append'" not 456
yj@Air:scheme $ ./test.py 16
You are running version 1.4 of the autograder
Couldn't check remote autograder
Test problem_A16
================
All released tests passed

yj@Air:scheme $ ./test.py 8
You are running version 1.4 of the autograder
Test problem_8
==============
Wrong result from scheme_eval: input '(lambda (x y) (+ x y))'
   returned LambdaProcedure(Pair('x', Pair('y', nil)), Pair('begin', Pair(Pair('+', Pair('x', Pair('y', nil))), nil)), <Global Frame>) not LambdaProcedure(Pair('x', Pair('y', nil)), Pair('+', Pair('x', Pair('y', nil))), <Global Frame>)
yj@Air:scheme $ ./test.py 8
You are running version 1.4 of the autograder
Test problem_8
==============
All released tests passed

yj@Air:scheme $ ./test.py 17
You are running version 1.4 of the autograder
Test problem_B17
================
Wrong result from scheme_eval: input '(define f (mu (x) (+ x y)))\n                 (define g (lambda (x y) (f (+ x x))))\n                 (g 3 7)'
   returned "NameError name 'env' is not defined" not 13
Wrong result from scheme_eval: input '(define g (mu () x))\n                 (define (high f x)\n                   (f))\n                 (high g 2)'
   returned "NameError name 'env' is not defined" not 2
yj@Air:scheme $ ./test.py 17
You are running version 1.4 of the autograder
Test problem_B17
================
Wrong result from scheme_eval: input '(define f (mu (x) (+ x y)))\n                 (define g (lambda (x y) (f (+ x x))))\n                 (g 3 7)'
   returned None not 13
Wrong result from scheme_eval: input '(define g (mu () x))\n                 (define (high f x)\n                   (f))\n                 (high g 2)'
   returned None not 2
yj@Air:scheme $ ./test.py 17
You are running version 1.4 of the autograder
Test problem_B17
================
> /Users/yj/cmu/scheme/scheme.py(219)do_mu_form()
-> check_form(vals, 2)
(Pdb) p str(vals)
'((x) (+ x y))'
(Pdb) m
*** NameError: name 'm' is not defined
(Pdb) n
> /Users/yj/cmu/scheme/scheme.py(220)do_mu_form()
-> formals = vals[0]
(Pdb) 
> /Users/yj/cmu/scheme/scheme.py(221)do_mu_form()
-> check_formals(formals)
(Pdb) p formals
Pair('x', nil)
(Pdb) n
> /Users/yj/cmu/scheme/scheme.py(222)do_mu_form()
-> body= vals.second
(Pdb) n
> /Users/yj/cmu/scheme/scheme.py(223)do_mu_form()
-> if body.second != nil:
(Pdb) p body
Pair(Pair('+', Pair('x', Pair('y', nil))), nil)
(Pdb) n
> /Users/yj/cmu/scheme/scheme.py(226)do_mu_form()
-> body=body.first
(Pdb) 
> /Users/yj/cmu/scheme/scheme.py(227)do_mu_form()
-> return MuProcedure(formals,body)
(Pdb) n
--Return--
> /Users/yj/cmu/scheme/scheme.py(227)do_mu_form()->MuProcedure(P...r('y', nil))))
-> return MuProcedure(formals,body)
(Pdb) n
--Return--
> /Users/yj/cmu/scheme/scheme.py(43)scheme_eval()->MuProcedure(P...r('y', nil))))
-> return do_mu_form(rest)
(Pdb) n
> /Users/yj/cmu/scheme/scheme.py(236)do_define_form()
-> env.define(target,val)
(Pdb) n
> /Users/yj/cmu/scheme/scheme.py(237)do_define_form()
-> "*** YOUR CODE HERE ***"
(Pdb) n
--Return--
> /Users/yj/cmu/scheme/scheme.py(237)do_define_form()->None
-> "*** YOUR CODE HERE ***"
(Pdb) 
--Return--
> /Users/yj/cmu/scheme/scheme.py(45)scheme_eval()->None
-> return do_define_form(rest, env)
(Pdb) 
Wrong result from scheme_eval: input '(define f (mu (x) (+ x y)))\n                 (define g (lambda (x y) (f (+ x x))))\n                 (g 3 7)'
   returned 'BdbQuit ' not 13
> /Users/yj/cmu/scheme/scheme.py(219)do_mu_form()
-> import pdb;pdb.set_trace()
(Pdb)   C-c C-cTraceback (most recent call last):
  File "scheme_grader.py", line 709, in <module>
Traceback (most recent call last):
  File "./test.py", line 7, in <module>
    call(cmd,shell=True)
  File "/System/Library/Frameworks/Python.framework/Versions/2.7/lib/python2.7/subprocess.py", line 522, in call
    return Popen(*popenargs, **kwargs).wait()
  File "/System/Library/Frameworks/Python.framework/Versions/2.7/lib/python2.7/subprocess.py", line 1375, in wait
    @main
  File "/Users/yj/cmu/scheme/ucb.py", line 24, in main
    fn(*args) # Call the main function
  File "scheme_grader.py", line 711, in run
    pid, sts = _eintr_retry_call(os.waitpid, self.pid, 0)
  File "/System/Library/Frameworks/Python.framework/Versions/2.7/lib/python2.7/subprocess.py", line 476, in _eintr_retry_call
    return func(*args)
KeyboardInterrupt
    run_tests(**project_info)
  File "/Users/yj/cmu/scheme/autograder.py", line 177, in run_tests
    test_all(name, tests)
  File "/Users/yj/cmu/scheme/autograder.py", line 29, in test_all
    failure = test.fn(None)
  File "scheme_grader.py", line 413, in problem_B17
    if check_func(scheme_eval, tests1, comp=scheme_equal):
  File "/Users/yj/cmu/scheme/autograder.py", line 89, in check_func
    val = test_eval(func, input)
  File "/Users/yj/cmu/scheme/autograder.py", line 47, in test_eval
    result = timed(func, timeout, inputs, kwargs)
  File "/Users/yj/cmu/scheme/autograder.py", line 70, in timed
    submission.join(timeout)
  File "/usr/local/Cellar/python3/3.4.2_1/Frameworks/Python.framework/Versions/3.4/lib/python3.4/threading.py", line 1065, in join
    self._wait_for_tstate_lock(timeout=max(timeout, 0))
  File "/usr/local/Cellar/python3/3.4.2_1/Frameworks/Python.framework/Versions/3.4/lib/python3.4/threading.py", line 1077, in _wait_for_tstate_lock
yj@Air:scheme $     elif lock.acquire(block, timeout):
KeyboardInterrupt

bash: : command not found
yj@Air:scheme $ ./test.py 17
You are running version 1.4 of the autograder
Test problem_B17
================
> /Users/yj/cmu/scheme/scheme.py(220)do_mu_form()
-> check_form(vals, 2)
(Pdb)   C-c C-cTraceback (most recent call last):
  File "scheme_grader.py", line 709, in <module>
Traceback (most recent call last):
  File "./test.py", line 7, in <module>
    call(cmd,shell=True)
  File "/System/Library/Frameworks/Python.framework/Versions/2.7/lib/python2.7/subprocess.py", line 522, in call
    return Popen(*popenargs, **kwargs).wait()
  File "/System/Library/Frameworks/Python.framework/Versions/2.7/lib/python2.7/subprocess.py", line 1375, in wait
    pid, sts = _eintr_retry_call(os.waitpid, self.pid, 0)
  File "/System/Library/Frameworks/Python.framework/Versions/2.7/lib/python2.7/subprocess.py", line 476, in _eintr_retry_call
    @main
  File "/Users/yj/cmu/scheme/ucb.py", line 24, in main
    return func(*args)
KeyboardInterrupt
    fn(*args) # Call the main function
  File "scheme_grader.py", line 711, in run
    run_tests(**project_info)
  File "/Users/yj/cmu/scheme/autograder.py", line 177, in run_tests
    test_all(name, tests)
  File "/Users/yj/cmu/scheme/autograder.py", line 29, in test_all
    failure = test.fn(None)
  File "scheme_grader.py", line 413, in problem_B17
    if check_func(scheme_eval, tests1, comp=scheme_equal):
  File "/Users/yj/cmu/scheme/autograder.py", line 89, in check_func
    val = test_eval(func, input)
  File "/Users/yj/cmu/scheme/autograder.py", line 47, in test_eval
    result = timed(func, timeout, inputs, kwargs)
  File "/Users/yj/cmu/scheme/autograder.py", line 70, in timed
    submission.join(timeout)
  File "/usr/local/Cellar/python3/3.4.2_1/Frameworks/Python.framework/Versions/3.4/lib/python3.4/threading.py", line 1065, in join
    self._wait_for_tstate_lock(timeout=max(timeout, 0))
  File "/usr/local/Cellar/python3/3.4.2_1/Frameworks/Python.framework/Versions/3.4/lib/python3.4/threading.py", line 1077, in _wait_for_tstate_lock
    elif lock.acquire(block, timeout):
KeyboardInterrupt
yj@Air:scheme $ ./test.py 17
You are running version 1.4 of the autograder
Checking for updates timed out.
Test problem_B17
================
Wrong result from scheme_eval: input '(define f (mu (x) (+ x y)))\n                 (define g (lambda (x y) (f (+ x x))))\n                 (g 3 7)'
   returned 10 not 13
yj@Air:scheme $ ./test.py 17
You are running version 1.4 of the autograder
Test problem_B17
================
Wrong result from scheme_eval: input '(define f (mu (x) (+ x y)))\n                 (define g (lambda (x y) (f (+ x x))))\n                 (g 3 7)'
   returned 10 not 13
yj@Air:scheme $ ./test.py 17
You are running version 1.4 of the autograder
Test problem_B17
================
> /Users/yj/cmu/scheme/scheme.py(69)scheme_apply()
-> frame = Frame(env)
(Pdb) p frame
*** NameError: name 'frame' is not defined
(Pdb) p env
<{x: 3, y: 7} -> <{} -> <Global Frame>>>
(Pdb) n
> /Users/yj/cmu/scheme/scheme.py(70)scheme_apply()
-> frame = frame.make_call_frame(procedure.formals,args)
(Pdb) n
> /Users/yj/cmu/scheme/scheme.py(71)scheme_apply()
-> return scheme_eval(procedure.body,env)
(Pdb) p frame
<{x: 6} -> <{} -> <{x: 3, y: 7} -> <{} -> <Global Frame>>>>>
(Pdb) p env
<{x: 3, y: 7} -> <{} -> <Global Frame>>>
(Pdb)   C-c C-cTraceback (most recent call last):
  File "scheme_grader.py", line 709, in <module>
Traceback (most recent call last):
  File "./test.py", line 7, in <module>
    call(cmd,shell=True)
  File "/System/Library/Frameworks/Python.framework/Versions/2.7/lib/python2.7/subprocess.py", line 522, in call
    @main
  File "/Users/yj/cmu/scheme/ucb.py", line 24, in main
    fn(*args) # Call the main function
  File "scheme_grader.py", line 711, in run
    run_tests(**project_info)
  File "/Users/yj/cmu/scheme/autograder.py", line 177, in run_tests
    return Popen(*popenargs, **kwargs).wait()
  File "/System/Library/Frameworks/Python.framework/Versions/2.7/lib/python2.7/subprocess.py", line 1375, in wait
    test_all(name, tests)
  File "/Users/yj/cmu/scheme/autograder.py", line 29, in test_all
    failure = test.fn(None)
  File "scheme_grader.py", line 413, in problem_B17
    pid, sts = _eintr_retry_call(os.waitpid, self.pid, 0)
  File "/System/Library/Frameworks/Python.framework/Versions/2.7/lib/python2.7/subprocess.py", line 476, in _eintr_retry_call
    if check_func(scheme_eval, tests1, comp=scheme_equal):
  File "/Users/yj/cmu/scheme/autograder.py", line 89, in check_func
    return func(*args)
KeyboardInterrupt
    val = test_eval(func, input)
  File "/Users/yj/cmu/scheme/autograder.py", line 47, in test_eval
    result = timed(func, timeout, inputs, kwargs)
  File "/Users/yj/cmu/scheme/autograder.py", line 70, in timed
    submission.join(timeout)
  File "/usr/local/Cellar/python3/3.4.2_1/Frameworks/Python.framework/Versions/3.4/lib/python3.4/threading.py", line 1065, in join
    self._wait_for_tstate_lock(timeout=max(timeout, 0))
  File "/usr/local/Cellar/python3/3.4.2_1/Frameworks/Python.framework/Versions/3.4/lib/python3.4/threading.py", line 1077, in _wait_for_tstate_lock
yj@Air:scheme $     elif lock.acquire(block, timeout):
KeyboardInterrupt

bash: : command not found
yj@Air:scheme $ 
yj@Air:scheme $ ./test.py 17
You are running version 1.4 of the autograder
Checking for updates timed out.
Test problem_B17
================
> /Users/yj/cmu/scheme/scheme.py(69)scheme_apply()
-> frame = Frame(env)
(Pdb) 
Wrong result from scheme_eval: input '(define f (mu (x) (+ x y)))\n                 (define g (lambda (x y) (f (+ x x))))\n                 (g 3 7)'
   returned 'BdbQuit ' not 13
> /Users/yj/cmu/scheme/scheme.py(69)scheme_apply()
-> frame = Frame(env)
(Pdb)   C-c C-cTraceback (most recent call last):
  File "scheme_grader.py", line 709, in <module>
Traceback (most recent call last):
  File "./test.py", line 7, in <module>
    call(cmd,shell=True)
  File "/System/Library/Frameworks/Python.framework/Versions/2.7/lib/python2.7/subprocess.py", line 522, in call
    return Popen(*popenargs, **kwargs).wait()
  File "/System/Library/Frameworks/Python.framework/Versions/2.7/lib/python2.7/subprocess.py", line 1375, in wait
    @main
  File "/Users/yj/cmu/scheme/ucb.py", line 24, in main
    fn(*args) # Call the main function
  File "scheme_grader.py", line 711, in run
    pid, sts = _eintr_retry_call(os.waitpid, self.pid, 0)
  File "/System/Library/Frameworks/Python.framework/Versions/2.7/lib/python2.7/subprocess.py", line 476, in _eintr_retry_call
    return func(*args)
KeyboardInterrupt
    run_tests(**project_info)
  File "/Users/yj/cmu/scheme/autograder.py", line 177, in run_tests
    test_all(name, tests)
  File "/Users/yj/cmu/scheme/autograder.py", line 29, in test_all
    failure = test.fn(None)
  File "scheme_grader.py", line 413, in problem_B17
    if check_func(scheme_eval, tests1, comp=scheme_equal):
  File "/Users/yj/cmu/scheme/autograder.py", line 89, in check_func
    val = test_eval(func, input)
  File "/Users/yj/cmu/scheme/autograder.py", line 47, in test_eval
    result = timed(func, timeout, inputs, kwargs)
  File "/Users/yj/cmu/scheme/autograder.py", line 70, in timed
    submission.join(timeout)
  File "/usr/local/Cellar/python3/3.4.2_1/Frameworks/Python.framework/Versions/3.4/lib/python3.4/threading.py", line 1065, in join
    self._wait_for_tstate_lock(timeout=max(timeout, 0))
  File "/usr/local/Cellar/python3/3.4.2_1/Frameworks/Python.framework/Versions/3.4/lib/python3.4/threading.py", line 1077, in _wait_for_tstate_lock
    elif lock.acquire(block, timeout):
KeyboardInterrupt
yj@Air:scheme $ ./test.py 17
You are running version 1.4 of the autograder
Checking for updates timed out.
Test problem_B17
================
All released tests passed

yj@Air:scheme $ python3 scheme_grader.py
You are running version 1.4 of the autograder
Checking for updates timed out.
Test problem_1
==============
All released tests passed

Test problem_2
==============
All released tests passed

Test problem_3
==============
All released tests passed

Test problem_4
==============
All released tests passed

Test problem_A5
===============
All released tests passed

Test problem_A5
===============
All released tests passed

Test problem_B6
===============
All released tests passed

Test problem_B6
===============
All released tests passed

Test problem_7
==============
3
All released tests passed

Test problem_8
==============
All released tests passed

Test problem_A9
===============
All released tests passed

Test problem_A9
===============
All released tests passed

Test problem_10
===============
All released tests passed

Test problem_B11
================
All released tests passed

Test problem_B11
================
All released tests passed

Test problem_12
===============
All released tests passed

Test problem_A13
================
All released tests passed

Test problem_A13
================
All released tests passed

Test problem_B14
================
All released tests passed

Test problem_B14
================
All released tests passed

Test problem_A15
================
All released tests passed

Test problem_A15
================
All released tests passed

Test problem_A16
================
All released tests passed

Test problem_A16
================
All released tests passed

Test problem_B17
================
All released tests passed

Test problem_B17
================
All released tests passed

Test problem_18
===============
Wrong result from check_scheme: input "(merge < '(1 5 7 9) '(4 8 10))"
   returned nil not Pair(1, Pair(4, Pair(5, Pair(7, Pair(8, Pair(9, Pair(10, nil)))))))
Wrong result from check_scheme: input "(merge > '(9 7 5 1) '(10 8 4 3))"
   returned nil not Pair(10, Pair(9, Pair(8, Pair(7, Pair(5, Pair(4, Pair(3, Pair(1, nil))))))))
yj@Air:scheme $ grep merge *
grep: __pycache__: Is a directory
questions.scm:;; the merged lists.
questions.scm:(define (merge comp list1 list2)
questions.scm:(merge < '(1 5 7 9) '(4 8 10))
questions.scm:(merge > '(9 7 5 1) '(10 8 4 3))
questions.scm:;; order. Relies on a correct implementation of merge.
questions.scm:        (merge greater-list
questions.scm:(merge greater-list '((3 2 1) (1 1) (0)) '((4 0) (3 2 0) (3 2) (1)))
scheme_grader.py:         ("(merge < '(1 5 7 9) '(4 8 10))",
scheme_grader.py:         ("(merge > '(9 7 5 1) '(10 8 4 3))",
scheme_grader.py:        ("(merge < '(1 2 3) '(4))",
scheme_grader.py:        ("(merge < () '(1 2))",
scheme_grader.py~:         ("(merge < '(1 5 7 9) '(4 8 10))",
scheme_grader.py~:         ("(merge > '(9 7 5 1) '(10 8 4 3))",
scheme_grader.py~:        ("(merge < '(1 2 3) '(4))",
scheme_grader.py~:        ("(merge < () '(1 2))",
yj@Air:scheme $ ls
#*shell*#		scheme.py~		test.py
*shell*			scheme_grader.py	test.py~
__pycache__		scheme_grader.py~	test.sh
autograder.py		scheme_primitives.py	tests.scm
autograder.py~		scheme_reader.py	ucb.py
buffer.py		scheme_reader.py~	ucb.pyc
questions.scm		scheme_test.py
scheme.py		scheme_tokens.py
yj@Air:scheme $ ls
#*shell*#		scheme.py~		test.py
*shell*			scheme_grader.py	test.py~
__pycache__		scheme_grader.py~	test.sh
autograder.py		scheme_primitives.py	tests.scm
autograder.py~		scheme_reader.py	ucb.py
buffer.py		scheme_reader.py~	ucb.pyc
questions.scm		scheme_test.py
scheme.py		scheme_tokens.py
yj@Air:scheme $ rm *shell*
remove #*shell*#? y
remove *shell*? y
yj@Air:scheme $ ls
__pycache__		scheme_grader.py	test.py
autograder.py		scheme_grader.py~	test.py~
autograder.py~		scheme_primitives.py	test.sh
buffer.py		scheme_reader.py	tests.scm
questions.scm		scheme_reader.py~	ucb.py
scheme.py		scheme_test.py		ucb.pyc
scheme.py~		scheme_tokens.py
yj@Air:scheme $ ls
#*shell*#		scheme_grader.py	test.py
__pycache__		scheme_grader.py~	test.py~
autograder.py		scheme_primitives.py	test.sh
autograder.py~		scheme_primitives.py~	tests.scm
buffer.py		scheme_reader.py	ucb.py
questions.scm		scheme_reader.py~	ucb.pyc
scheme.py		scheme_test.py
scheme.py~		scheme_tokens.py
yj@Air:scheme $ ls
#*shell*#		scheme_grader.py	test.py
__pycache__		scheme_grader.py~	test.py~
autograder.py		scheme_primitives.py	test.sh
autograder.py~		scheme_primitives.py~	tests.scm
buffer.py		scheme_reader.py	ucb.py
questions.scm		scheme_reader.py~	ucb.pyc
scheme.py		scheme_test.py
scheme.py~		scheme_tokens.py
yj@Air:scheme $ ./test.py 19
You are running version 1.4 of the autograder
Test problem_19
===============
Function <lambda> failed with input "(sol-same-lols (list-partitions 5 2 4)\n         '((4 1) (3 2)))"
Traceback (most recent call last):
  File "/Users/yj/cmu/scheme/autograder.py", line 64, in run
    self.result = func(*args, **kwargs)
  File "scheme_grader.py", line 483, in <lambda>
    check = lambda snippet: check_scheme(snippet, problem_19_preamble)
  File "<string>", line None
SyntaxError: unexpected end of file

Function <lambda> failed with input "(sol-same-lols (list-partitions 7 3 5)\n         '((5 1 1) (4 2 1) (3 3 1) (3 2 2) (5 2) (4 3)))"
Traceback (most recent call last):
  File "/Users/yj/cmu/scheme/autograder.py", line 64, in run
    self.result = func(*args, **kwargs)
  File "scheme_grader.py", line 483, in <lambda>
    check = lambda snippet: check_scheme(snippet, problem_19_preamble)
  File "<string>", line None
SyntaxError: unexpected end of file

yj@Air:scheme $ ./test.py 19
You are running version 1.4 of the autograder

  C-c C-cTraceback (most recent call last):
  File "scheme_grader.py", line 709, in <module>
Traceback (most recent call last):
  File "./test.py", line 7, in <module>
    call(cmd,shell=True)
  File "/System/Library/Frameworks/Python.framework/Versions/2.7/lib/python2.7/subprocess.py", line 522, in call
    return Popen(*popenargs, **kwargs).wait()
  File "/System/Library/Frameworks/Python.framework/Versions/2.7/lib/python2.7/subprocess.py", line 1375, in wait
    pid, sts = _eintr_retry_call(os.waitpid, self.pid, 0)
  File "/System/Library/Frameworks/Python.framework/Versions/2.7/lib/python2.7/subprocess.py", line 476, in _eintr_retry_call
    return func(*args)
KeyboardInterrupt
    @main
  File "/Users/yj/cmu/scheme/ucb.py", line 24, in main
    fn(*args) # Call the main function
  File "scheme_grader.py", line 711, in run
    run_tests(**project_info)
  File "/Users/yj/cmu/scheme/autograder.py", line 170, in run_tests
    check_for_updates(remote_index, autograder_files, version)
  File "/Users/yj/cmu/scheme/autograder.py", line 135, in check_for_updates
    remotes[filename] = data.read().decode('utf-8')
  File "/usr/local/Cellar/python3/3.4.2_1/Frameworks/Python.framework/Versions/3.4/lib/python3.4/http/client.py", line 512, in read
yj@Air:scheme $     s = self._safe_read(self.length)
  File "/usr/local/Cellar/python3/3.4.2_1/Frameworks/Python.framework/Versions/3.4/lib/python3.4/http/client.py", line 662, in _safe_read
    chunk = self.fp.read(min(amt, MAXAMOUNT))
  File "/usr/local/Cellar/python3/3.4.2_1/Frameworks/Python.framework/Versions/3.4/lib/python3.4/socket.py", line 371, in readinto
    return self._sock.recv_into(b)
KeyboardInterrupt

yj@Air:scheme $ ./test.py 19
You are running version 1.4 of the autograder
Couldn't check remote autograder
Test problem_19
===============
Function <lambda> failed with input "(sol-same-lols (list-partitions 5 2 4)\n         '((4 1) (3 2)))"
Traceback (most recent call last):
  File "/Users/yj/cmu/scheme/autograder.py", line 64, in run
    self.result = func(*args, **kwargs)
  File "scheme_grader.py", line 483, in <lambda>
    check = lambda snippet: check_scheme(snippet, problem_19_preamble)
  File "<string>", line None
SyntaxError: unexpected end of file

Function <lambda> failed with input "(sol-same-lols (list-partitions 7 3 5)\n         '((5 1 1) (4 2 1) (3 3 1) (3 2 2) (5 2) (4 3)))"
Traceback (most recent call last):
  File "/Users/yj/cmu/scheme/autograder.py", line 64, in run
    self.result = func(*args, **kwargs)
  File "scheme_grader.py", line 483, in <lambda>
    check = lambda snippet: check_scheme(snippet, problem_19_preamble)
  File "<string>", line None
SyntaxError: unexpected end of file

yj@Air:scheme $ ./test.py 19
You are running version 1.4 of the autograder
Couldn't check remote autograder
Test problem_19
===============
Wrong result from <lambda>: input "(sol-same-lols (list-partitions 5 2 4)\n         '((4 1) (3 2)))"
   returned 'SchemeError' not True
Wrong result from <lambda>: input "(sol-same-lols (list-partitions 7 3 5)\n         '((5 1 1) (4 2 1) (3 3 1) (3 2 2) (5 2) (4 3)))"
   returned 'SchemeError' not True
yj@Air:scheme $ ./test.py 19
You are running version 1.4 of the autograder
Couldn't check remote autograder
Test problem_19
===============
Wrong result from <lambda>: input "(sol-same-lols (list-partitions 5 2 4)\n         '((4 1) (3 2)))"
   returned False not True
Wrong result from <lambda>: input "(sol-same-lols (list-partitions 7 3 5)\n         '((5 1 1) (4 2 1) (3 3 1) (3 2 2) (5 2) (4 3)))"
   returned False not True
yj@Air:scheme $ ./test.py 18
You are running version 1.4 of the autograder
Couldn't check remote autograder
Test problem_18
===============
Wrong result from check_scheme: input "(merge < '(1 5 7 9) '(4 8 10))"
   returned Pair(1, Pair(5, Pair(7, Pair(9, nil)))) not Pair(1, Pair(4, Pair(5, Pair(7, Pair(8, Pair(9, Pair(10, nil)))))))
Wrong result from check_scheme: input "(merge > '(9 7 5 1) '(10 8 4 3))"
   returned Pair(9, Pair(7, Pair(5, Pair(1, nil)))) not Pair(10, Pair(9, Pair(8, Pair(7, Pair(5, Pair(4, Pair(3, Pair(1, nil))))))))
yj@Air:scheme $ ./test.py 18
You are running version 1.4 of the autograder
Couldn't check remote autograder
Test problem_18
===============
Wrong result from check_scheme: input "(merge < '(1 5 7 9) '(4 8 10))"
   returned 'SchemeError' not Pair(1, Pair(4, Pair(5, Pair(7, Pair(8, Pair(9, Pair(10, nil)))))))
Wrong result from check_scheme: input "(merge > '(9 7 5 1) '(10 8 4 3))"
   returned 'SchemeError' not Pair(10, Pair(9, Pair(8, Pair(7, Pair(5, Pair(4, Pair(3, Pair(1, nil))))))))
yj@Air:scheme $ ./test.py 
usage: scheme_grader.py [-h] [-q QUESTION] [-v]
scheme_grader.py: error: argument -q/--question: expected one argument
yj@Air:scheme $ pyton3 scheme_grader.py
bash: pyton3: command not found
yj@Air:scheme $ python3 scheme_grader.py
You are running version 1.4 of the autograder
Couldn't check remote autograder
Test problem_1
==============
All released tests passed

Test problem_2
==============
All released tests passed

Test problem_3
==============
All released tests passed

Test problem_4
==============
All released tests passed

Test problem_A5
===============
All released tests passed

Test problem_A5
===============
All released tests passed

Test problem_B6
===============
All released tests passed

Test problem_B6
===============
All released tests passed

Test problem_7
==============
3
All released tests passed

Test problem_8
==============
All released tests passed

Test problem_A9
===============
All released tests passed

Test problem_A9
===============
All released tests passed

Test problem_10
===============
All released tests passed

Test problem_B11
================
All released tests passed

Test problem_B11
================
All released tests passed

Test problem_12
===============
All released tests passed

Test problem_A13
================
All released tests passed

Test problem_A13
================
All released tests passed

Test problem_B14
================
All released tests passed

Test problem_B14
================
All released tests passed

Test problem_A15
================
All released tests passed

Test problem_A15
================
All released tests passed

Test problem_A16
================
All released tests passed

Test problem_A16
================
All released tests passed

Test problem_B17
================
All released tests passed

Test problem_B17
================
All released tests passed

Test problem_18
===============
Wrong result from check_scheme: input "(merge < '(1 5 7 9) '(4 8 10))"
   returned 'SchemeError' not Pair(1, Pair(4, Pair(5, Pair(7, Pair(8, Pair(9, Pair(10, nil)))))))
Wrong result from check_scheme: input "(merge > '(9 7 5 1) '(10 8 4 3))"
   returned 'SchemeError' not Pair(10, Pair(9, Pair(8, Pair(7, Pair(5, Pair(4, Pair(3, Pair(1, nil))))))))
yj@Air:scheme $ python3 scheme_grader.py
You are running version 1.4 of the autograder
Couldn't check remote autograder
Test problem_1
==============
All released tests passed

Test problem_2
==============
All released tests passed

Test problem_3
==============
All released tests passed

Test problem_4
==============
All released tests passed

Test problem_A5
===============
All released tests passed

Test problem_A5
===============
All released tests passed

Test problem_B6
===============
All released tests passed

Test problem_B6
===============
All released tests passed

Test problem_7
==============
3
All released tests passed

Test problem_8
==============
All released tests passed

Test problem_A9
===============
All released tests passed

Test problem_A9
===============
All released tests passed

Test problem_10
===============
All released tests passed

Test problem_B11
================
All released tests passed

Test problem_B11
================
All released tests passed

Test problem_12
===============
All released tests passed

Test problem_A13
================
All released tests passed

Test problem_A13
================
All released tests passed

Test problem_B14
================
All released tests passed

Test problem_B14
================
All released tests passed

Test problem_A15
================
All released tests passed

Test problem_A15
================
All released tests passed

Test problem_A16
================
All released tests passed

Test problem_A16
================
All released tests passed

Test problem_B17
================
All released tests passed

Test problem_B17
================
All released tests passed

Test problem_18
===============
Wrong result from check_scheme: input "(merge < '(1 5 7 9) '(4 8 10))"
   returned okay not Pair(1, Pair(4, Pair(5, Pair(7, Pair(8, Pair(9, Pair(10, nil)))))))
Wrong result from check_scheme: input "(merge > '(9 7 5 1) '(10 8 4 3))"
   returned okay not Pair(10, Pair(9, Pair(8, Pair(7, Pair(5, Pair(4, Pair(3, Pair(1, nil))))))))
yj@Air:scheme $ python3 scheme_grader.py -q 18
You are running version 1.4 of the autograder
Couldn't check remote autograder
Test problem_18
===============
Wrong result from check_scheme: input "(merge < '(1 5 7 9) '(4 8 10))"
   returned okay not Pair(1, Pair(4, Pair(5, Pair(7, Pair(8, Pair(9, Pair(10, nil)))))))
Wrong result from check_scheme: input "(merge > '(9 7 5 1) '(10 8 4 3))"
   returned okay not Pair(10, Pair(9, Pair(8, Pair(7, Pair(5, Pair(4, Pair(3, Pair(1, nil))))))))
yj@Air:scheme $ python3 scheme_grader.py -q 18
You are running version 1.4 of the autograder
Couldn't check remote autograder
Test problem_18
===============
Wrong result from check_scheme: input "(merge < '(1 5 7 9) '(4 8 10))"
   returned Pair(1, Pair(5, Pair(7, Pair(9, nil)))) not Pair(1, Pair(4, Pair(5, Pair(7, Pair(8, Pair(9, Pair(10, nil)))))))
Wrong result from check_scheme: input "(merge > '(9 7 5 1) '(10 8 4 3))"
   returned Pair(9, Pair(7, Pair(5, Pair(1, nil)))) not Pair(10, Pair(9, Pair(8, Pair(7, Pair(5, Pair(4, Pair(3, Pair(1, nil))))))))
yj@Air:scheme $ python3 scheme_grader.py -q 18
You are running version 1.4 of the autograder
Couldn't check remote autograder
Test problem_18
===============
Wrong result from check_scheme: input "(merge < '(1 5 7 9) '(4 8 10))"
   returned 'SchemeError' not Pair(1, Pair(4, Pair(5, Pair(7, Pair(8, Pair(9, Pair(10, nil)))))))
Wrong result from check_scheme: input "(merge > '(9 7 5 1) '(10 8 4 3))"
   returned 'SchemeError' not Pair(10, Pair(9, Pair(8, Pair(7, Pair(5, Pair(4, Pair(3, Pair(1, nil))))))))
yj@Air:scheme $ python3 scheme_grader.py -q 18
You are running version 1.4 of the autograder
Couldn't check remote autograder
Test problem_18
===============
Wrong result from check_scheme: input "(merge < '(1 5 7 9) '(4 8 10))"
   returned okay not Pair(1, Pair(4, Pair(5, Pair(7, Pair(8, Pair(9, Pair(10, nil)))))))
Wrong result from check_scheme: input "(merge > '(9 7 5 1) '(10 8 4 3))"
   returned okay not Pair(10, Pair(9, Pair(8, Pair(7, Pair(5, Pair(4, Pair(3, Pair(1, nil))))))))
yj@Air:scheme $ python3 -m pdb scheme_grader.py -q 18
> /Users/yj/cmu/scheme/scheme_grader.py(10)<module>()
-> """
(Pdb) n
> /Users/yj/cmu/scheme/scheme_grader.py(12)<module>()
-> __version__ = '1.4'
(Pdb) n
> /Users/yj/cmu/scheme/scheme_grader.py(14)<module>()
-> from autograder import test, run_tests, check_func, check_doctest, test_eval
(Pdb) n
> /Users/yj/cmu/scheme/scheme_grader.py(16)<module>()
-> try:
(Pdb) 
yj@Air:scheme $./
bash: ./: is a directory
yj@Air:scheme $ 
yj@Air:scheme $ ./test.py 18
You are running version 1.4 of the autograder
Couldn't check remote autograder
Test problem_18
===============
Wrong result from check_scheme: input "(merge < '(1 5 7 9) '(4 8 10))"
   returned okay not Pair(1, Pair(4, Pair(5, Pair(7, Pair(8, Pair(9, Pair(10, nil)))))))
Wrong result from check_scheme: input "(merge > '(9 7 5 1) '(10 8 4 3))"
   returned okay not Pair(10, Pair(9, Pair(8, Pair(7, Pair(5, Pair(4, Pair(3, Pair(1, nil))))))))
yj@Air:scheme $ ./test.py 18
You are running version 1.4 of the autograder
Couldn't check remote autograder
Test problem_18
===============
> /Users/yj/cmu/scheme/scheme_grader.py(434)problem_18()
-> if check_func(check_scheme, tests1, comp=scheme_equal):
(Pdb) s
--Call--
> /Users/yj/cmu/scheme/autograder.py(77)check_func()
-> def check_func(func, tests,
(Pdb) n
> /Users/yj/cmu/scheme/autograder.py(86)check_func()
-> code = 0
(Pdb) 
> /Users/yj/cmu/scheme/autograder.py(87)check_func()
-> for input, output, *desc in tests:
(Pdb) 
> /Users/yj/cmu/scheme/autograder.py(88)check_func()
-> try:
(Pdb) 
> /Users/yj/cmu/scheme/autograder.py(89)check_func()
-> val = test_eval(func, input)
(Pdb) p func
<function make_check_scheme.<locals>.check_scheme at 0x1086afd90>
(Pdb) n
> /Users/yj/cmu/scheme/autograder.py(99)check_func()
-> if not comp(val, output):
(Pdb) p val
okay
(Pdb) p output
Pair(1, Pair(4, Pair(5, Pair(7, Pair(8, Pair(9, Pair(10, nil)))))))
(Pdb) c
Wrong result from check_scheme: input "(merge < '(1 5 7 9) '(4 8 10))"
   returned okay not Pair(1, Pair(4, Pair(5, Pair(7, Pair(8, Pair(9, Pair(10, nil)))))))
Wrong result from check_scheme: input "(merge > '(9 7 5 1) '(10 8 4 3))"
   returned okay not Pair(10, Pair(9, Pair(8, Pair(7, Pair(5, Pair(4, Pair(3, Pair(1, nil))))))))
yj@Air:scheme $ ./test.py 18
You are running version 1.4 of the autograder
Couldn't check remote autograder
Test problem_18
===============
> /Users/yj/cmu/scheme/scheme_grader.py(434)problem_18()
-> if check_func(check_scheme, tests1, comp=scheme_equal):
(Pdb) s
--Call--
> /Users/yj/cmu/scheme/autograder.py(77)check_func()
-> def check_func(func, tests,
(Pdb) s
> /Users/yj/cmu/scheme/autograder.py(86)check_func()
-> code = 0
(Pdb) n
> /Users/yj/cmu/scheme/autograder.py(87)check_func()
-> for input, output, *desc in tests:
(Pdb) n
> /Users/yj/cmu/scheme/autograder.py(88)check_func()
-> try:
(Pdb) n
> /Users/yj/cmu/scheme/autograder.py(89)check_func()
-> val = test_eval(func, input)
(Pdb) s
--Call--
> /Users/yj/cmu/scheme/autograder.py(44)test_eval()
-> def test_eval(func, inputs, timeout=TIMEOUT, **kwargs):
(Pdb) s
> /Users/yj/cmu/scheme/autograder.py(45)test_eval()
-> if type(inputs) is not tuple:
(Pdb) n
> /Users/yj/cmu/scheme/autograder.py(46)test_eval()
-> inputs = (inputs,)
(Pdb) n
> /Users/yj/cmu/scheme/autograder.py(47)test_eval()
-> result = timed(func, timeout, inputs, kwargs)
(Pdb) n
> /Users/yj/cmu/scheme/autograder.py(48)test_eval()
-> return result
(Pdb) 
--Return--
> /Users/yj/cmu/scheme/autograder.py(48)test_eval()->okay
-> return result
(Pdb) p result
okay
(Pdb) 
Function check_scheme failed with input "(merge < '(1 5 7 9) '(4 8 10))"
Traceback (most recent call last):
  File "/Users/yj/cmu/scheme/autograder.py", line 89, in check_func
    val = test_eval(func, input)
  File "/Users/yj/cmu/scheme/autograder.py", line 48, in test_eval
    return result
  File "/usr/local/Cellar/python3/3.4.2_1/Frameworks/Python.framework/Versions/3.4/lib/python3.4/bdb.py", line 52, in trace_dispatch
    return self.dispatch_return(frame, arg)
  File "/usr/local/Cellar/python3/3.4.2_1/Frameworks/Python.framework/Versions/3.4/lib/python3.4/bdb.py", line 96, in dispatch_return
    if self.quitting: raise BdbQuit
bdb.BdbQuit

During handling of the above exception, another exception occurred:

Traceback (most recent call last):
  File "/Users/yj/cmu/scheme/autograder.py", line 29, in test_all
    failure = test.fn(None)
  File "scheme_grader.py", line 434, in problem_18
    if check_func(check_scheme, tests1, comp=scheme_equal):
  File "/Users/yj/cmu/scheme/autograder.py", line 89, in check_func
    val = test_eval(func, input)
AttributeError: 'BdbQuit' object has no attribute '_message'
yj@Air:scheme $ p result
bash: p: command not found
yj@Air:scheme $ ./test.py 18
You are running version 1.4 of the autograder
Couldn't check remote autograder
Test problem_18
===============
> /Users/yj/cmu/scheme/scheme_grader.py(434)problem_18()
-> if check_func(check_scheme, tests1, comp=scheme_equal):
(Pdb)   C-c C-c--KeyboardInterrupt--
Traceback (most recent call last):
  File "./test.py", line 7, in <module>
    call(cmd,shell=True)
  File "/System/Library/Frameworks/Python.framework/Versions/2.7/lib/python2.7/subprocess.py", line 522, in call
    return Popen(*popenargs, **kwargs).wait()
  File "/System/Library/Frameworks/Python.framework/Versions/2.7/lib/python2.7/subprocess.py", line 1375, in wait
    pid, sts = _eintr_retry_call(os.waitpid, self.pid, 0)
  File "/System/Library/Frameworks/Python.framework/Versions/2.7/lib/python2.7/subprocess.py", line 476, in _eintr_retry_call
    return func(*args)
KeyboardInterrupt
(Pdb) yj@Air:scheme $ ./test.py 18

Traceback (most recent call last):
  File "/Users/yj/cmu/scheme/autograder.py", line 29, in test_all
    failure = test.fn(None)
  File "scheme_grader.py", line 434, in problem_18
    return True
  File "scheme_grader.py", line 434, in problem_18
    return True
  File "/usr/local/Cellar/python3/3.4.2_1/Frameworks/Python.framework/Versions/3.4/lib/python3.4/bdb.py", line 48, in trace_dispatch
    return self.dispatch_line(frame)
  File "/usr/local/Cellar/python3/3.4.2_1/Frameworks/Python.framework/Versions/3.4/lib/python3.4/bdb.py", line 67, in dispatch_line
    if self.quitting: raise BdbQuit
bdb.BdbQuit
You are running version 1.4 of the autograder
Couldn't check remote autograder
Test problem_18
===============
Wrong result from check_scheme: input "(merge < '(1 5 7 9) '(4 8 10))"
   returned 'SchemeError' not Pair(1, Pair(4, Pair(5, Pair(7, Pair(8, Pair(9, Pair(10, nil)))))))
Wrong result from check_scheme: input "(merge > '(9 7 5 1) '(10 8 4 3))"
   returned 'SchemeError' not Pair(10, Pair(9, Pair(8, Pair(7, Pair(5, Pair(4, Pair(3, Pair(1, nil))))))))
yj@Air:scheme $ python scheme.py
Traceback (most recent call last):
  File "scheme.py", line 5, in <module>
    from scheme_primitives import *
  File "/Users/yj/cmu/scheme/scheme_primitives.py", line 11
    print("warning: could not import the turtle module.", file=sys.stderr)
                                                              ^
SyntaxError: invalid syntax
yj@Air:scheme $ python3 scheme.py
scm> (+ 1 2)
3
scm> (< 1 2)
True
scm> yj@Air:scheme $ 
yj@Air:scheme $ python3 scheme.py
scm> yj@Air:scheme $ 
yj@Air:scheme $ python3 scheme.py
scm> (define (merge comp lst1 lst2)
     (comp 1 2))
scm> merge
(lambda (comp lst1 lst2) (comp 1 2))
scm> (merge (list 1 2 3) (list 2 3 4))
Error: Cannot call (1 2 3)
scm> (merge 1 2)
Error: Cannot call 1
scm> (merge '1 '2)
Error: Cannot call 1
scm> yj@Air:scheme $ 
yj@Air:scheme $ python3 scheme.py
scm> yj@Air:scheme $ 
yj@Air:scheme $ python3 scheme.py <questions.scm
scm>                          scm>                               scm>                          scm>                                    scm>      True
scm>      False
scm>                                                   scm>                               scm>                          scm>      Error: argument 0 of car has wrong type (int)
scm>                                              scm>           ()
scm>      ()
scm>                                    scm>      scm>      scm>                                                                                                               scm>                          scm>      ()
scm>                                         scm> yj@Air:scheme $ 
yj@Air:scheme $ python3 scheme.py questions.scm
scm> (define (map proc items)
       (if (null? items)
           nil
           (cons (proc (car items))
                 (map proc (cdr items)))))
scm> (define (filter predicate sequence)
       (cond ((null? sequence) nil)
             ((predicate (car sequence))
              (cons (car sequence)
                    (filter predicate (cdr sequence))))
             (else (filter predicate (cdr sequence)))))
scm> (define (accumulate op initial sequence)
       (if (null? sequence)
           initial
           (op (car sequence)
               (accumulate op initial (cdr sequence)))))
scm> (define (merge comp list1 list2)
       (comp 1 2)
       )
scm> (merge < '(1 5 7 9) '(4 8 10))
True
scm> (merge > '(9 7 5 1) '(10 8 4 3))
False
scm> (define (sort-lists lsts)
       (if (or (null? lsts) (null? (cdr lsts)))
           lsts
           (let ((sublsts (split lsts)))
             (merge greater-list
                    (sort-lists (car sublsts))
                    (sort-lists (cdr sublsts))))))
scm> (define (greater-list x y)
       (cond ((null? y) #t)
             ((null? x) #f)
             ((> (car x) (car y)) #t)
             ((> (car y) (car x)) #f)
             (else (greater-list (cdr x) (cdr y)))))
scm> (define (split x)
       (cond ((or (null? x) (null? (cdr x))) (cons x nil))
             (else (let ((sublsts (split (cdr (cdr x)))))
                     (cons (cons (car x) (car sublsts))
                           (cons (car (cdr x)) (cdr sublsts)))))))
scm> (merge greater-list '((3 2 1) (1 1) (0)) '((4 0) (3 2 0) (3 2) (1)))
Error: argument 0 of car has wrong type (int)
scm> (define (list-partitions total max-pieces max-value)
       nil)
scm> (sort-lists (list-partitions 5 2 4))
()
scm> (sort-lists (list-partitions 7 3 5))
()
scm> (define (make-tree entry children)
       (cons entry children))
scm> (define (entry tree)
       (car tree))
scm> (define (children tree)
       (cdr tree))
scm> (define tree
       (make-tree 5 (list
                     (make-tree 6 (list
                                   (make-tree 9 nil)
                                   (make-tree 8 nil)))
                     (make-tree 7 (list
                                   (make-tree 1 nil)))
                     (make-tree 2 (list
                                   (make-tree 6 (list
                                                 (make-tree 3 nil)))
                                   (make-tree 4 nil))))))
scm> (define (tree-sums tree)
       nil)
scm> (tree-sums tree)
()
scm> (define (hax d k)
       nil)
yj@Air:scheme $ False
yj@Air:scheme $ python3 scheme.py questions.scm
scm> (define (map proc items)
       (if (null? items)
           nil
           (cons (proc (car items))
                 (map proc (cdr items)))))
scm> (define (filter predicate sequence)
       (cond ((null? sequence) nil)
             ((predicate (car sequence))
              (cons (car sequence)
                    (filter predicate (cdr sequence))))
             (else (filter predicate (cdr sequence)))))
scm> (define (accumulate op initial sequence)
       (if (null? sequence)
           initial
           (op (car sequence)
               (accumulate op initial (cdr sequence)))))
scm> (define (merge comp list1 list2)
       (cond ((null? list1) list2)
     	((null? list2) list1)
     	((comp (car list1) (car list2))
     	 (cons (car list1) (merge comp (cdr list1) list2)))
     	(else (cons (car list2) (merge comp (cdr list2) list1)))
     	)
       )
scm> (merge < '(1 5 7 9) '(4 8 10))
(1 4 5 7 8 9 10)
scm> (merge > '(9 7 5 1) '(10 8 4 3))
(10 9 8 7 5 4 3 1)
scm> (define (sort-lists lsts)
       (if (or (null? lsts) (null? (cdr lsts)))
           lsts
           (let ((sublsts (split lsts)))
             (merge greater-list
                    (sort-lists (car sublsts))
                    (sort-lists (cdr sublsts))))))
scm> (define (greater-list x y)
       (cond ((null? y) #t)
             ((null? x) #f)
             ((> (car x) (car y)) #t)
             ((> (car y) (car x)) #f)
             (else (greater-list (cdr x) (cdr y)))))
scm> (define (split x)
       (cond ((or (null? x) (null? (cdr x))) (cons x nil))
             (else (let ((sublsts (split (cdr (cdr x)))))
                     (cons (cons (car x) (car sublsts))
                           (cons (car (cdr x)) (cdr sublsts)))))))
scm> (merge greater-list '((3 2 1) (1 1) (0)) '((4 0) (3 2 0) (3 2) (1)))
((4 0) (3 2 1) (3 2 0) (3 2) (1 1) (1) (0))
scm> (define (list-partitions total max-pieces max-value)
       nil)
scm> (sort-lists (list-partitions 5 2 4))
()
scm> (sort-lists (list-partitions 7 3 5))
()
scm> (define (make-tree entry children)
       (cons entry children))
scm> (define (entry tree)
       (car tree))
scm> (define (children tree)
       (cdr tree))
scm> (define tree
       (make-tree 5 (list
                     (make-tree 6 (list
                                   (make-tree 9 nil)
                                   (make-tree 8 nil)))
                     (make-tree 7 (list
                                   (make-tree 1 nil)))
                     (make-tree 2 (list
                                   (make-tree 6 (list
                                                 (make-tree 3 nil)))
                                   (make-tree 4 nil))))))
scm> (define (tree-sums tree)
       nil)
scm> (tree-sums tree)
()
scm> (define (hax d k)
       nil)
yj@Air:scheme $      	((comp (car list1) (car list2))
bash: syntax error near unexpected token `car'
yj@Air:scheme $ python3 scheme_grader.py 18
usage: scheme_grader.py [-h] [-q QUESTION] [-v]
scheme_grader.py: error: unrecognized arguments: 18
yj@Air:scheme $ python3 scheme_grader.py -q 18
You are running version 1.4 of the autograder
Couldn't check remote autograder
Test problem_18
===============
All released tests passed

yj@Air:scheme $ python partition.py
yj@Air:scheme $ python -m pdb partition.py
> /Users/yj/cmu/scheme/partition.py(1)<module>()
-> def part(total,max_value):
(Pdb) n
> /Users/yj/cmu/scheme/partition.py(11)<module>()
-> part(3,2)
(Pdb) s
--Call--
> /Users/yj/cmu/scheme/partition.py(1)part()
-> def part(total,max_value):
(Pdb) n
> /Users/yj/cmu/scheme/partition.py(2)part()
-> import pdb;pdb.set_trace()
(Pdb) pp
*** SyntaxError: SyntaxError('unexpected EOF while parsing', ('<string>', 0, 0, ''))
(Pdb) 
yj@Air:scheme $ python -m pdb partition.py
> /Users/yj/cmu/scheme/partition.py(1)<module>()
-> def part(total,max_value):
(Pdb) n
> /Users/yj/cmu/scheme/partition.py(10)<module>()
-> part(3,2)
(Pdb) s
--Call--
> /Users/yj/cmu/scheme/partition.py(1)part()
-> def part(total,max_value):
(Pdb) n
> /Users/yj/cmu/scheme/partition.py(2)part()
-> s=set()
(Pdb) p total
3
(Pdb) p max_value
2
(Pdb) n
> /Users/yj/cmu/scheme/partition.py(3)part()
-> if max_value <=0 or total <=0:
(Pdb) n
> /Users/yj/cmu/scheme/partition.py(5)part()
-> if max_value == 1:
(Pdb) n
> /Users/yj/cmu/scheme/partition.py(7)part()
-> lst1=part(total,max_value-1)
(Pdb) s
--Call--
> /Users/yj/cmu/scheme/partition.py(1)part()
-> def part(total,max_value):
(Pdb) p total
3
(Pdb) p max_value
1
(Pdb) n
> /Users/yj/cmu/scheme/partition.py(2)part()
-> s=set()
(Pdb) n
> /Users/yj/cmu/scheme/partition.py(3)part()
-> if max_value <=0 or total <=0:
(Pdb) n
> /Users/yj/cmu/scheme/partition.py(5)part()
-> if max_value == 1:
(Pdb) n
> /Users/yj/cmu/scheme/partition.py(6)part()
-> s.add((1,)*total)
(Pdb)   C-c C-cTraceback (most recent call last):
  File "/System/Library/Frameworks/Python.framework/Versions/2.7/lib/python2.7/pdb.py", line 1314, in main
    pdb._runscript(mainpyfile)
  File "/System/Library/Frameworks/Python.framework/Versions/2.7/lib/python2.7/pdb.py", line 1233, in _runscript
    self.run(statement)
  File "/System/Library/Frameworks/Python.framework/Versions/2.7/lib/python2.7/bdb.py", line 400, in run
    exec cmd in globals, locals
  File "<string>", line 1, in <module>
  File "partition.py", line 10, in <module>
    return lst1 or lst2
  File "partition.py", line 7, in part
    return s
  File "partition.py", line 6, in part
    s.add((1,)*total)
  File "partition.py", line 6, in part
    s.add((1,)*total)
  File "/System/Library/Frameworks/Python.framework/Versions/2.7/lib/python2.7/bdb.py", line 49, in trace_dispatch
    return self.dispatch_line(frame)
  File "/System/Library/Frameworks/Python.framework/Versions/2.7/lib/python2.7/bdb.py", line 67, in dispatch_line
    self.user_line(frame)
  File "/System/Library/Frameworks/Python.framework/Versions/2.7/lib/python2.7/pdb.py", line 158, in user_line
    self.interaction(frame, None)
  File "/System/Library/Frameworks/Python.framework/Versions/2.7/lib/python2.7/pdb.py", line 210, in interaction
    self.cmdloop()
  File "/System/Library/Frameworks/Python.framework/Versions/2.7/lib/python2.7/cmd.py", line 130, in cmdloop
    line = raw_input(self.prompt)
KeyboardInterrupt
Uncaught exception. Entering post mortem debugging
Running 'cont' or 'step' will restart the program
> /System/Library/Frameworks/Python.framework/Versions/2.7/lib/python2.7/cmd.py(130)cmdloop()
-> line = raw_input(self.prompt)
(Pdb) 
Post mortem debugger finished. The partition.py will be restarted
> /Users/yj/cmu/scheme/partition.py(1)<module>()
-> def part(total,max_value):
(Pdb) 
yj@Air:scheme $ python partition.py
yj@Air:scheme $ python partition.py
set([(1, 1, 1)])
yj@Air:scheme $ python partition.py
Traceback (most recent call last):
  File "partition.py", line 9, in <module>
    part(3,2)
TypeError: part() takes exactly 3 arguments (2 given)
yj@Air:scheme $ python partition.py
set([(1, 1, 1), (2, 1)])
yj@Air:scheme $ python partition.py
set([(2, 2, 1), (2, 1, 1, 1), (1, 1, 1, 1, 1)])
yj@Air:scheme $ python partition.py
set([(2, 2, 1), (2, 1, 1, 1), (3, 2), (3, 1, 1), (1, 1, 1, 1, 1)])
yj@Air:scheme $ ls
#*shell*#		questions.scm~		scheme_test.py
*shell*			scheme.py		scheme_tokens.py
__pycache__		scheme.py~		test.py
autograder.py		scheme_grader.py	test.py~
autograder.py~		scheme_grader.py~	test.sh
buffer.py		scheme_primitives.py	tests.scm
partition.py		scheme_primitives.py~	ucb.py
partition.py~		scheme_reader.py	ucb.pyc
questions.scm		scheme_reader.py~
yj@Air:scheme $ python partition.py
Traceback (most recent call last):
  File "partition.py", line 11, in <module>
    part(5,3,())
TypeError: part() takes exactly 4 arguments (3 given)
yj@Air:scheme $ python partition.py
set([(2, 2, 1), (3, 1, 1), (3, 2), (2, 1, 1, 1)])
yj@Air:scheme $ python partition.pyls
python: can't open file 'partition.pyls': [Errno 2] No such file or directory
yj@Air:scheme $ ls
#*shell*#		questions.scm~		scheme_test.py
*shell*			scheme.py		scheme_tokens.py
__pycache__		scheme.py~		test.py
autograder.py		scheme_grader.py	test.py~
autograder.py~		scheme_grader.py~	test.sh
buffer.py		scheme_primitives.py	tests.scm
partition.py		scheme_primitives.py~	ucb.py
partition.py~		scheme_reader.py	ucb.pyc
questions.scm		scheme_reader.py~
yj@Air:scheme $ cd ..
yj@Air:cmu $ ls
15-112		antlr4-python2	facerec		tiny_python
15-122		antlr4-python3	hog		tmp
ImageProcess	ants		leetcode	trends
Kaleidoscope	ants.zip	myscheme	trends.zip
LIP_Solutions	compiler	pythoncompiler	tst.py
LearningPython	compiler2	scal		tst.py~
Tiger		cs61b		scheme		ucore_lab
Tiny		cython		scheme.zip
antlr		dsa		tiger_java
yj@Air:cmu $ cd tmp
yj@Air:tmp $ ls
ants		scheme		test.scm~
ants.zip	test.scm
yj@Air:tmp $ ls
#Stream.py#	Stream.py~	ants.zip	test.scm
Stream.py	ants		scheme		test.scm~
yj@Air:tmp $ ghci
GHCi, version 7.8.4: http://www.haskell.org/ghc/  :? for help
Loading package ghc-prim ... linking ... done.
Loading package integer-gmp ... linking ... done.
Loading package base ... linking ... done.
Prelude> t (==)

<interactive>:2:1: Not in scope: ‘t’
Prelude> 